═══════════════════════════════════════════════════════════
SEMIPRIME FACTOR PAIR GÖDEL-ENCODING RELATIONSHIP
══════════════════════════════════════════════════════════

── SOURCE ──────────────────────────────────────────────
value                      296650821743515430283258444261036507151
gödel.word                 ⊢≻⋈∈⊥∋≻⋈∈⊥∋≻⋈∈⊥∋≻⋈∈⊥∋≻⋈∈⊤∋≻⋈∈⊤∋≻⋈∈⊤∋≻⋈∈⊤∋≻⋈∈⊤∋≻⋈∈⊤∋≻⋈∈⊤∋≻⋈∈⊤∋≻⋈∈⊤∋≻⋈∈⊤∋≻⋈∈⊥∋≻⋈∈⊥∋≻⋈∈⊥∋≻⋈∈⊤∋≻⋈∈⊥∋≻⋈∈⊥∋≻⋈∈⊥∋≻⋈∈⊤∋≻⋈∈⊤∋≻⋈∈⊥∋≻⋈∈⊤∋≻⋈∈⊤∋≻⋈∈⊥∋≻⋈∈⊥∋≻⋈∈⊥∋≻⋈∈⊤∋≻⋈∈⊤∋≻⋈∈⊤∋≻⋈∈⊥∋≻⋈∈⊤∋≻⋈∈⊤∋≻⋈∈⊥∋≻⋈∈⊥∋≻⋈∈⊤∋≻⋈∈⊤∋≻⋈∈⊥∋≻⋈∈⊥∋≻⋈∈⊤∋≻⋈∈⊥∋≻⋈∈⊥∋≻⋈∈⊤∋≻⋈∈⊤∋≻⋈∈⊤∋≻⋈∈⊥∋≻⋈∈⊤∋≻⋈∈⊤∋≻⋈∈⊥∋≻⋈∈⊥∋≻⋈∈⊤∋≻⋈∈⊤∋≻⋈∈⊥∋≻⋈∈⊤∋≻⋈∈⊤∋≻⋈∈⊥∋≻⋈∈⊤∋≻⋈∈⊥∋≻⋈∈⊥∋≻⋈∈⊤∋≻⋈∈⊥∋≻⋈∈⊥∋≻⋈∈⊤∋≻⋈∈⊥∋≻⋈∈⊥∋≻⋈∈⊤∋≻⋈∈⊤∋≻⋈∈⊥∋≻⋈∈⊥∋≻⋈∈⊤∋≻⋈∈⊥∋≻⋈∈⊤∋≻⋈∈⊥∋≻⋈∈⊥∋≻⋈∈⊥∋≻⋈∈⊤∋≻⋈∈⊤∋≻⋈∈⊤∋≻⋈∈⊤∋≻⋈∈⊤∋≻⋈∈⊤∋≻⋈∈⊤∋≻⋈∈⊤∋≻⋈∈⊤∋≻⋈∈⊤∋≻⋈∈⊤∋≻⋈∈⊥∋≻⋈∈⊥∋≻⋈∈⊥∋≻⋈∈⊤∋≻⋈∈⊤∋≻⋈∈⊥∋≻⋈∈⊥∋≻⋈∈⊤∋≻⋈∈⊤∋≻⋈∈⊤∋≻⋈∈⊥∋≻⋈∈⊥∋≻⋈∈⊥∋≻⋈∈⊥∋≻⋈∈⊤∋≻⋈∈⊥∋≻⋈∈⊤∋≻⋈∈⊥∋≻⋈∈⊥∋≻⋈∈⊥∋≻⋈∈⊥∋≻⋈∈⊤∋≻⋈∈⊥∋≻⋈∈⊥∋≻⋈∈⊤∋≻⋈∈⊤∋≻⋈∈⊥∋≻⋈∈⊥∋≻⋈∈⊤∋≻⋈∈⊥∋≻⋈∈⊤∋≻⋈∈⊤∋≻⋈∈⊥∋≻⋈∈⊥∋≻⋈∈⊥∋≻⋈∈⊥∋≻⋈∈⊥∋≻⋈∈⊤∋≻⋈∈⊥∋≻⋈∈⊥∋⊙⊡⊣
protocol.conformance       PASS
expected.protocol          ⊢⊙∈⊤⊥⊞∋≻⋈≺⊡⊣

── FACTORIZATION ───────────────────────────────────────
factor.pair                16925480323643806501 × 17526877587580975651
conjunctive.reconstruction PASS (∋)

── EXTRACTION ──────────────────────────────────────────
arbitrary factor extraction
  source   296650821743515430283258444261036507151
  word     ⊢≻⋈∈⊥∋≻⋈∈⊥∋≻⋈∈⊥∋≻⋈∈⊥∋≻⋈∈⊤∋≻⋈∈⊤∋≻⋈∈⊤∋≻⋈∈⊤∋≻⋈∈⊤∋≻⋈∈⊤∋≻⋈∈⊤∋≻⋈∈⊤∋≻⋈∈⊤∋≻⋈∈⊤∋≻⋈∈⊥∋≻⋈∈⊥∋≻⋈∈⊥∋≻⋈∈⊤∋≻⋈∈⊥∋≻⋈∈⊥∋≻⋈∈⊥∋≻⋈∈⊤∋≻⋈∈⊤∋≻⋈∈⊥∋≻⋈∈⊤∋≻⋈∈⊤∋≻⋈∈⊥∋≻⋈∈⊥∋≻⋈∈⊥∋≻⋈∈⊤∋≻⋈∈⊤∋≻⋈∈⊤∋≻⋈∈⊥∋≻⋈∈⊤∋≻⋈∈⊤∋≻⋈∈⊥∋≻⋈∈⊥∋≻⋈∈⊤∋≻⋈∈⊤∋≻⋈∈⊥∋≻⋈∈⊥∋≻⋈∈⊤∋≻⋈∈⊥∋≻⋈∈⊥∋≻⋈∈⊤∋≻⋈∈⊤∋≻⋈∈⊤∋≻⋈∈⊥∋≻⋈∈⊤∋≻⋈∈⊤∋≻⋈∈⊥∋≻⋈∈⊥∋≻⋈∈⊤∋≻⋈∈⊤∋≻⋈∈⊥∋≻⋈∈⊤∋≻⋈∈⊤∋≻⋈∈⊥∋≻⋈∈⊤∋≻⋈∈⊥∋≻⋈∈⊥∋≻⋈∈⊤∋≻⋈∈⊥∋≻⋈∈⊥∋≻⋈∈⊤∋≻⋈∈⊥∋≻⋈∈⊥∋≻⋈∈⊤∋≻⋈∈⊤∋≻⋈∈⊥∋≻⋈∈⊥∋≻⋈∈⊤∋≻⋈∈⊥∋≻⋈∈⊤∋≻⋈∈⊥∋≻⋈∈⊥∋≻⋈∈⊥∋≻⋈∈⊤∋≻⋈∈⊤∋≻⋈∈⊤∋≻⋈∈⊤∋≻⋈∈⊤∋≻⋈∈⊤∋≻⋈∈⊤∋≻⋈∈⊤∋≻⋈∈⊤∋≻⋈∈⊤∋≻⋈∈⊤∋≻⋈∈⊥∋≻⋈∈⊥∋≻⋈∈⊥∋≻⋈∈⊤∋≻⋈∈⊤∋≻⋈∈⊥∋≻⋈∈⊥∋≻⋈∈⊤∋≻⋈∈⊤∋≻⋈∈⊤∋≻⋈∈⊥∋≻⋈∈⊥∋≻⋈∈⊥∋≻⋈∈⊥∋≻⋈∈⊤∋≻⋈∈⊥∋≻⋈∈⊤∋≻⋈∈⊥∋≻⋈∈⊥∋≻⋈∈⊥∋≻⋈∈⊥∋≻⋈∈⊤∋≻⋈∈⊥∋≻⋈∈⊥∋≻⋈∈⊤∋≻⋈∈⊤∋≻⋈∈⊥∋≻⋈∈⊥∋≻⋈∈⊤∋≻⋈∈⊥∋≻⋈∈⊤∋≻⋈∈⊤∋≻⋈∈⊥∋≻⋈∈⊥∋≻⋈∈⊥∋≻⋈∈⊥∋≻⋈∈⊥∋≻⋈∈⊤∋≻⋈∈⊥∋≻⋈∈⊥∋⊙⊡⊣
  routes:
    2966508…6507151 small-prime sieve lane     no factor ≤ 2^16
    2966508…6507151 native factor engine       PARI factor candidate; Gödel multiplication closed
    1752687…0975651 prime (recursion bottom)   prime (recursion bottom)
    1692548…3806501 prime (recursion bottom)   prime (recursion bottom)
  factorization:
    296650821743515430283258444261036507151 = 16925480323643806501 × 17526877587580975651
  product-closure  closed (godel check mul)
  protocol-conformance  PASS
  expected-protocol     ⊢⊙∈⊤⊥⊞∋≻⋈≺⊡⊣

── STRUCTURAL ANALYSIS ─────────────────────────────────
family                     cell-binary
value                      296650821743515430283258444261036507151
word                       ⊢≻⋈∈⊥∋≻⋈∈⊥∋≻⋈∈⊥∋≻⋈∈⊥∋≻⋈∈⊤∋≻⋈∈⊤∋≻⋈∈⊤∋≻⋈∈⊤∋≻⋈∈⊤∋≻⋈∈⊤∋≻⋈∈⊤∋≻⋈∈⊤∋≻⋈∈⊤∋≻⋈∈⊤∋≻⋈∈⊥∋≻⋈∈⊥∋≻⋈∈⊥∋≻⋈∈⊤∋≻⋈∈⊥∋≻⋈∈⊥∋≻⋈∈⊥∋≻⋈∈⊤∋≻⋈∈⊤∋≻⋈∈⊥∋≻⋈∈⊤∋≻⋈∈⊤∋≻⋈∈⊥∋≻⋈∈⊥∋≻⋈∈⊥∋≻⋈∈⊤∋≻⋈∈⊤∋≻⋈∈⊤∋≻⋈∈⊥∋≻⋈∈⊤∋≻⋈∈⊤∋≻⋈∈⊥∋≻⋈∈⊥∋≻⋈∈⊤∋≻⋈∈⊤∋≻⋈∈⊥∋≻⋈∈⊥∋≻⋈∈⊤∋≻⋈∈⊥∋≻⋈∈⊥∋≻⋈∈⊤∋≻⋈∈⊤∋≻⋈∈⊤∋≻⋈∈⊥∋≻⋈∈⊤∋≻⋈∈⊤∋≻⋈∈⊥∋≻⋈∈⊥∋≻⋈∈⊤∋≻⋈∈⊤∋≻⋈∈⊥∋≻⋈∈⊤∋≻⋈∈⊤∋≻⋈∈⊥∋≻⋈∈⊤∋≻⋈∈⊥∋≻⋈∈⊥∋≻⋈∈⊤∋≻⋈∈⊥∋≻⋈∈⊥∋≻⋈∈⊤∋≻⋈∈⊥∋≻⋈∈⊥∋≻⋈∈⊤∋≻⋈∈⊤∋≻⋈∈⊥∋≻⋈∈⊥∋≻⋈∈⊤∋≻⋈∈⊥∋≻⋈∈⊤∋≻⋈∈⊥∋≻⋈∈⊥∋≻⋈∈⊥∋≻⋈∈⊤∋≻⋈∈⊤∋≻⋈∈⊤∋≻⋈∈⊤∋≻⋈∈⊤∋≻⋈∈⊤∋≻⋈∈⊤∋≻⋈∈⊤∋≻⋈∈⊤∋≻⋈∈⊤∋≻⋈∈⊤∋≻⋈∈⊥∋≻⋈∈⊥∋≻⋈∈⊥∋≻⋈∈⊤∋≻⋈∈⊤∋≻⋈∈⊥∋≻⋈∈⊥∋≻⋈∈⊤∋≻⋈∈⊤∋≻⋈∈⊤∋≻⋈∈⊥∋≻⋈∈⊥∋≻⋈∈⊥∋≻⋈∈⊥∋≻⋈∈⊤∋≻⋈∈⊥∋≻⋈∈⊤∋≻⋈∈⊥∋≻⋈∈⊥∋≻⋈∈⊥∋≻⋈∈⊥∋≻⋈∈⊤∋≻⋈∈⊥∋≻⋈∈⊥∋≻⋈∈⊤∋≻⋈∈⊤∋≻⋈∈⊥∋≻⋈∈⊥∋≻⋈∈⊤∋≻⋈∈⊥∋≻⋈∈⊤∋≻⋈∈⊤∋≻⋈∈⊥∋≻⋈∈⊥∋≻⋈∈⊥∋≻⋈∈⊥∋≻⋈∈⊥∋≻⋈∈⊤∋≻⋈∈⊥∋≻⋈∈⊥∋⊙⊡⊣
binary                     11011111001011001101111010111100011001110000000000011101011001101101101001001100100011011001100100011100100111011100000000001111
bits-le                    11110000000000111011100100111000100110011011000100110010010110110110011010111000000000001110011000111101011110110011010011111011
support                    {0,1,2,3,14,15,16,18,19,20,23,26,27,28,32,35,36,39,40,42,43,47,50,51,54,57,59,60,62,63,65,66,69,70,72,74,75,76,88,89,90,93,94,98,99,100,101,103,105,106,107,108,110,111,114,115,117,120,121,122,123,124,126,127}
polynomial                 1 + x + x^2 + x^3 + x^14 + x^15 + x^16 + x^18 + x^19 + x^20 + x^23 + x^26 + x^27 + x^28 + x^32 + x^35 + x^36 + x^39 + x^40 + x^42 + x^43 + x^47 + x^50 + x^51 + x^54 + x^57 + x^59 + x^60 + x^62 + x^63 + x^65 + x^66 + x^69 + x^70 + x^72 + x^74 + x^75 + x^76 + x^88 + x^89 + x^90 + x^93 + x^94 + x^98 + x^99 + x^100 + x^101 + x^103 + x^105 + x^106 + x^107 + x^108 + x^110 + x^111 + x^114 + x^115 + x^117 + x^120 + x^121 + x^122 + x^123 + x^124 + x^126 + x^127
assert.support             PASS
assert.binary-reverse      PASS
assert.word-glyph-map      PASS
assert.roundtrip           PASS
assert.bitlength           PASS
primitive.v2               0
primitive.v2+1             4
primitive.v2-1             1
primitive.popcount         64
primitive.bitlength        128
primitive.runs             [[0,4),[14,17),[18,21),[23,24),[26,29),[32,33),[35,37),[39,41),[42,44),[47,48),[50,52),[54,55),[57,58),[59,61),[62,64),[65,67),[69,71),[72,73),[74,77),[88,91),[93,95),[98,102),[103,104),[105,109),[110,112),[114,116),[117,118),[120,125),[126,128)]
primitive.gaps             [[4,14),[17,18),[21,23),[24,26),[29,32),[33,35),[37,39),[41,42),[44,47),[48,50),[52,54),[55,57),[58,59),[61,62),[64,65),[67,69),[71,72),[73,74),[77,88),[91,93),[95,98),[102,103),[104,105),[109,110),[112,114),[116,117),[118,120),[125,126)]
primitive.odd-part         296650821743515430283258444261036507151
primitive.shift-factor     0
composite.decomp-k         4
composite.decomp-prefix    15
composite.decomp-remainder 18540676358969714392703652766314781696
composite.residue-2^k      15
word.width                 128
window.period              none
negative.factor-bound      >65536
negative.factor-witness    none
negative.tested-primes     6541
negative.cert-aperture     65536

══════════════════════════════════════════════════════════
