[Thread debugging using libthread_db enabled]
Using host libthread_db library "/lib/x86_64-linux-gnu/libthread_db.so.1".
[Detaching after vfork from child process 43436]
[Detaching after vfork from child process 43451]

Program received signal SIGINT, Interrupt.
0x0000767a854a3e12 in _int_malloc (av=av@entry=0x767a8561ac80 <main_arena>, bytes=bytes@entry=104) at ./malloc/malloc.c:3983
terminal_or_cutoff_debug_stop
	Using the running image of child Thread 0x767a856bbb80 (LWP 43429).
Program stopped at 0x767a854a3e12.
It stopped with signal SIGINT, Interrupt.
rip            0x767a854a3e12      0x767a854a3e12 <_int_malloc+1186>
process 43429
Mapped address spaces:

          Start Addr           End Addr       Size     Offset  Perms  objfile
      0x580f79759000     0x580fa1115000 0x279bc000        0x0  r--p   /home/mrnob0dy666/imsgct/G-mOMonadOS/membranes/ququart_nested_native_256_radix4_20261004/membrane
      0x580fa1115000     0x580fa11ae000    0x99000 0x279bb000  r-xp   /home/mrnob0dy666/imsgct/G-mOMonadOS/membranes/ququart_nested_native_256_radix4_20261004/membrane
      0x580fa11ae000     0x580fa11b3000     0x5000 0x27a53000  r--p   /home/mrnob0dy666/imsgct/G-mOMonadOS/membranes/ququart_nested_native_256_radix4_20261004/membrane
      0x580fa11b3000     0x580fa11b4000     0x1000 0x27a57000  rw-p   /home/mrnob0dy666/imsgct/G-mOMonadOS/membranes/ququart_nested_native_256_radix4_20261004/membrane
      0x580fd3978000     0x58104b9f0000 0x78078000        0x0  rw-p   [heap]
      0x767a80c37000     0x767a82a38000  0x1e01000        0x0  rw-p   
      0x767a8447b000     0x767a84c7c000   0x801000        0x0  rw-p   
      0x767a85400000     0x767a85428000    0x28000        0x0  r--p   /usr/lib/x86_64-linux-gnu/libc.so.6
      0x767a85428000     0x767a855bd000   0x195000    0x28000  r-xp   /usr/lib/x86_64-linux-gnu/libc.so.6
      0x767a855bd000     0x767a85615000    0x58000   0x1bd000  r--p   /usr/lib/x86_64-linux-gnu/libc.so.6
      0x767a85615000     0x767a85616000     0x1000   0x215000  ---p   /usr/lib/x86_64-linux-gnu/libc.so.6
      0x767a85616000     0x767a8561a000     0x4000   0x215000  r--p   /usr/lib/x86_64-linux-gnu/libc.so.6
      0x767a8561a000     0x767a8561c000     0x2000   0x219000  rw-p   /usr/lib/x86_64-linux-gnu/libc.so.6
      0x767a8561c000     0x767a85629000     0xd000        0x0  rw-p   
      0x767a856bb000     0x767a856bd000     0x2000        0x0  rw-p   
      0x767a856bd000     0x767a856cb000     0xe000        0x0  r--p   /usr/lib/x86_64-linux-gnu/libm.so.6
      0x767a856cb000     0x767a85747000    0x7c000     0xe000  r-xp   /usr/lib/x86_64-linux-gnu/libm.so.6
      0x767a85747000     0x767a857a2000    0x5b000    0x8a000  r--p   /usr/lib/x86_64-linux-gnu/libm.so.6
      0x767a857a2000     0x767a857a3000     0x1000    0xe4000  r--p   /usr/lib/x86_64-linux-gnu/libm.so.6
      0x767a857a3000     0x767a857a4000     0x1000    0xe5000  rw-p   /usr/lib/x86_64-linux-gnu/libm.so.6
      0x767a857a4000     0x767a857a7000     0x3000        0x0  r--p   /usr/lib/x86_64-linux-gnu/libgcc_s.so.1
      0x767a857a7000     0x767a857be000    0x17000     0x3000  r-xp   /usr/lib/x86_64-linux-gnu/libgcc_s.so.1
      0x767a857be000     0x767a857c2000     0x4000    0x1a000  r--p   /usr/lib/x86_64-linux-gnu/libgcc_s.so.1
      0x767a857c2000     0x767a857c3000     0x1000    0x1d000  r--p   /usr/lib/x86_64-linux-gnu/libgcc_s.so.1
      0x767a857c3000     0x767a857c4000     0x1000    0x1e000  rw-p   /usr/lib/x86_64-linux-gnu/libgcc_s.so.1
      0x767a857da000     0x767a857db000     0x1000        0x0  ---p   
      0x767a857db000     0x767a857df000     0x4000        0x0  rw-p   
      0x767a857df000     0x767a857e1000     0x2000        0x0  r--p   /usr/lib/x86_64-linux-gnu/ld-linux-x86-64.so.2
      0x767a857e1000     0x767a8580b000    0x2a000     0x2000  r-xp   /usr/lib/x86_64-linux-gnu/ld-linux-x86-64.so.2
      0x767a8580b000     0x767a85816000     0xb000    0x2c000  r--p   /usr/lib/x86_64-linux-gnu/ld-linux-x86-64.so.2
      0x767a85817000     0x767a85819000     0x2000    0x37000  r--p   /usr/lib/x86_64-linux-gnu/ld-linux-x86-64.so.2
      0x767a85819000     0x767a8581b000     0x2000    0x39000  rw-p   /usr/lib/x86_64-linux-gnu/ld-linux-x86-64.so.2
      0x7ffd52be9000     0x7ffd52c56000    0x6d000        0x0  rw-p   [stack]
      0x7ffd52d21000     0x7ffd52d25000     0x4000        0x0  r--p   [vvar]
      0x7ffd52d25000     0x7ffd52d27000     0x2000        0x0  r-xp   [vdso]
#0  0x0000767a854a3e12 in _int_malloc (av=av@entry=0x767a8561ac80 <main_arena>, bytes=bytes@entry=104) at ./malloc/malloc.c:3983
#1  0x0000767a854a5222 in __GI___libc_malloc (bytes=104) at ./malloc/malloc.c:3321
#2  0x0000580fa113aa26 in <g_momonados::ququart_decision::FixedBits as core::clone::Clone>::clone ()
#3  0x0000580fa1133232 in <g_momonados::ququart_decision::DecisionArena>::intern ()
#4  0x0000580fa1136170 in <g_momonados::ququart_decision::DecisionArena>::source_cofactors::visit ()
#5  0x0000580fa113613d in <g_momonados::ququart_decision::DecisionArena>::source_cofactors::visit ()
#6  0x0000580fa113613d in <g_momonados::ququart_decision::DecisionArena>::source_cofactors::visit ()
#7  0x0000580fa113613d in <g_momonados::ququart_decision::DecisionArena>::source_cofactors::visit ()
#8  0x0000580fa113613d in <g_momonados::ququart_decision::DecisionArena>::source_cofactors::visit ()
#9  0x0000580fa1136124 in <g_momonados::ququart_decision::DecisionArena>::source_cofactors::visit ()
#10 0x0000580fa113613d in <g_momonados::ququart_decision::DecisionArena>::source_cofactors::visit ()
#11 0x0000580fa1136124 in <g_momonados::ququart_decision::DecisionArena>::source_cofactors::visit ()
#12 0x0000580fa113613d in <g_momonados::ququart_decision::DecisionArena>::source_cofactors::visit ()
#13 0x0000580fa113613d in <g_momonados::ququart_decision::DecisionArena>::source_cofactors::visit ()
#14 0x0000580fa1136124 in <g_momonados::ququart_decision::DecisionArena>::source_cofactors::visit ()
#15 0x0000580fa113613d in <g_momonados::ququart_decision::DecisionArena>::source_cofactors::visit ()
#16 0x0000580fa113613d in <g_momonados::ququart_decision::DecisionArena>::source_cofactors::visit ()
#17 0x0000580fa113613d in <g_momonados::ququart_decision::DecisionArena>::source_cofactors::visit ()
#18 0x0000580fa1136124 in <g_momonados::ququart_decision::DecisionArena>::source_cofactors::visit ()
#19 0x0000580fa1136124 in <g_momonados::ququart_decision::DecisionArena>::source_cofactors::visit ()
#20 0x0000580fa113613d in <g_momonados::ququart_decision::DecisionArena>::source_cofactors::visit ()
#21 0x0000580fa113613d in <g_momonados::ququart_decision::DecisionArena>::source_cofactors::visit ()
#22 0x0000580fa113613d in <g_momonados::ququart_decision::DecisionArena>::source_cofactors::visit ()
#23 0x0000580fa113613d in <g_momonados::ququart_decision::DecisionArena>::source_cofactors::visit ()
#24 0x0000580fa113613d in <g_momonados::ququart_decision::DecisionArena>::source_cofactors::visit ()
#25 0x0000580fa113613d in <g_momonados::ququart_decision::DecisionArena>::source_cofactors::visit ()
#26 0x0000580fa1136124 in <g_momonados::ququart_decision::DecisionArena>::source_cofactors::visit ()
#27 0x0000580fa113613d in <g_momonados::ququart_decision::DecisionArena>::source_cofactors::visit ()
#28 0x0000580fa1136124 in <g_momonados::ququart_decision::DecisionArena>::source_cofactors::visit ()
#29 0x0000580fa1136124 in <g_momonados::ququart_decision::DecisionArena>::source_cofactors::visit ()
#30 0x0000580fa113613d in <g_momonados::ququart_decision::DecisionArena>::source_cofactors::visit ()
#31 0x0000580fa113613d in <g_momonados::ququart_decision::DecisionArena>::source_cofactors::visit ()
[Inferior 1 (process 43429) killed]
