Breakpoint 1 at 0x27a04108
[Thread debugging using libthread_db enabled]
Using host libthread_db library "/lib/x86_64-linux-gnu/libthread_db.so.1".
ququart_controlled_stage_entered=1
ququart_controlled_stage_entered=2
ququart_controlled_stage_entered=3
ququart_controlled_stage_entered=4

Program received signal SIGINT, Interrupt.
0x00005f8b2a165ef0 in <g_momonados::ququart_decision::DecisionArena>::intern ()
terminal_or_cutoff_debug_stop
	Using the running image of child Thread 0x7aee2290abc0 (LWP 45115).
Program stopped at 0x5f8b2a165ef0.
It stopped with signal SIGINT, Interrupt.
rip            0x5f8b2a165ef0      0x5f8b2a165ef0 <<g_momonados::ququart_decision::DecisionArena>::intern+117>
process 45115
Mapped address spaces:

          Start Addr           End Addr       Size     Offset  Perms  objfile
      0x5f8b0278a000     0x5f8b2a147000 0x279bd000        0x0  r--p   /home/mrnob0dy666/imsgct/G-mOMonadOS/membranes/ququart_partition_debug_256_radix4_20261004/membrane
      0x5f8b2a147000     0x5f8b2a1e3000    0x9c000 0x279bc000  r-xp   /home/mrnob0dy666/imsgct/G-mOMonadOS/membranes/ququart_partition_debug_256_radix4_20261004/membrane
      0x5f8b2a1e3000     0x5f8b2a1e8000     0x5000 0x27a57000  r--p   /home/mrnob0dy666/imsgct/G-mOMonadOS/membranes/ququart_partition_debug_256_radix4_20261004/membrane
      0x5f8b2a1e8000     0x5f8b2a1ea000     0x2000 0x27a5b000  rw-p   /home/mrnob0dy666/imsgct/G-mOMonadOS/membranes/ququart_partition_debug_256_radix4_20261004/membrane
      0x5f8b6382b000     0x5f8bdb8a2000 0x78077000        0x0  rw-p   [heap]
      0x7aee1de37000     0x7aee1fc38000  0x1e01000        0x0  rw-p   
      0x7aee2167b000     0x7aee21e7c000   0x801000        0x0  rw-p   
      0x7aee22600000     0x7aee22628000    0x28000        0x0  r--p   /usr/lib/x86_64-linux-gnu/libc.so.6
      0x7aee22628000     0x7aee227bd000   0x195000    0x28000  r-xp   /usr/lib/x86_64-linux-gnu/libc.so.6
      0x7aee227bd000     0x7aee22815000    0x58000   0x1bd000  r--p   /usr/lib/x86_64-linux-gnu/libc.so.6
      0x7aee22815000     0x7aee22816000     0x1000   0x215000  ---p   /usr/lib/x86_64-linux-gnu/libc.so.6
      0x7aee22816000     0x7aee2281a000     0x4000   0x215000  r--p   /usr/lib/x86_64-linux-gnu/libc.so.6
      0x7aee2281a000     0x7aee2281c000     0x2000   0x219000  rw-p   /usr/lib/x86_64-linux-gnu/libc.so.6
      0x7aee2281c000     0x7aee22829000     0xd000        0x0  rw-p   
      0x7aee2290a000     0x7aee2290c000     0x2000        0x0  rw-p   
      0x7aee2290c000     0x7aee2291a000     0xe000        0x0  r--p   /usr/lib/x86_64-linux-gnu/libm.so.6
      0x7aee2291a000     0x7aee22996000    0x7c000     0xe000  r-xp   /usr/lib/x86_64-linux-gnu/libm.so.6
      0x7aee22996000     0x7aee229f1000    0x5b000    0x8a000  r--p   /usr/lib/x86_64-linux-gnu/libm.so.6
      0x7aee229f1000     0x7aee229f2000     0x1000    0xe4000  r--p   /usr/lib/x86_64-linux-gnu/libm.so.6
      0x7aee229f2000     0x7aee229f3000     0x1000    0xe5000  rw-p   /usr/lib/x86_64-linux-gnu/libm.so.6
      0x7aee229f3000     0x7aee229f6000     0x3000        0x0  r--p   /usr/lib/x86_64-linux-gnu/libgcc_s.so.1
      0x7aee229f6000     0x7aee22a0d000    0x17000     0x3000  r-xp   /usr/lib/x86_64-linux-gnu/libgcc_s.so.1
      0x7aee22a0d000     0x7aee22a11000     0x4000    0x1a000  r--p   /usr/lib/x86_64-linux-gnu/libgcc_s.so.1
      0x7aee22a11000     0x7aee22a12000     0x1000    0x1d000  r--p   /usr/lib/x86_64-linux-gnu/libgcc_s.so.1
      0x7aee22a12000     0x7aee22a13000     0x1000    0x1e000  rw-p   /usr/lib/x86_64-linux-gnu/libgcc_s.so.1
      0x7aee22a29000     0x7aee22a2a000     0x1000        0x0  ---p   
      0x7aee22a2a000     0x7aee22a2e000     0x4000        0x0  rw-p   
      0x7aee22a2e000     0x7aee22a30000     0x2000        0x0  r--p   /usr/lib/x86_64-linux-gnu/ld-linux-x86-64.so.2
      0x7aee22a30000     0x7aee22a5a000    0x2a000     0x2000  r-xp   /usr/lib/x86_64-linux-gnu/ld-linux-x86-64.so.2
      0x7aee22a5a000     0x7aee22a65000     0xb000    0x2c000  r--p   /usr/lib/x86_64-linux-gnu/ld-linux-x86-64.so.2
      0x7aee22a66000     0x7aee22a68000     0x2000    0x37000  r--p   /usr/lib/x86_64-linux-gnu/ld-linux-x86-64.so.2
      0x7aee22a68000     0x7aee22a6a000     0x2000    0x39000  rw-p   /usr/lib/x86_64-linux-gnu/ld-linux-x86-64.so.2
      0x7ffdceba8000     0x7ffdcec15000    0x6d000        0x0  rw-p   [stack]
      0x7ffdced33000     0x7ffdced37000     0x4000        0x0  r--p   [vvar]
      0x7ffdced37000     0x7ffdced39000     0x2000        0x0  r-xp   [vdso]
#0  0x00005f8b2a165ef0 in <g_momonados::ququart_decision::DecisionArena>::intern ()
#1  0x00005f8b2a168f00 in <g_momonados::ququart_decision::DecisionArena>::source_cofactors::visit ()
#2  0x00005f8b2a168e94 in <g_momonados::ququart_decision::DecisionArena>::source_cofactors::visit ()
#3  0x00005f8b2a168e94 in <g_momonados::ququart_decision::DecisionArena>::source_cofactors::visit ()
#4  0x00005f8b2a168e94 in <g_momonados::ququart_decision::DecisionArena>::source_cofactors::visit ()
#5  0x00005f8b2a168e7b in <g_momonados::ququart_decision::DecisionArena>::source_cofactors::visit ()
#6  0x00005f8b2a168e7b in <g_momonados::ququart_decision::DecisionArena>::source_cofactors::visit ()
#7  0x00005f8b2a168e94 in <g_momonados::ququart_decision::DecisionArena>::source_cofactors::visit ()
#8  0x00005f8b2a168e7b in <g_momonados::ququart_decision::DecisionArena>::source_cofactors::visit ()
#9  0x00005f8b2a168e7b in <g_momonados::ququart_decision::DecisionArena>::source_cofactors::visit ()
#10 0x00005f8b2a168e94 in <g_momonados::ququart_decision::DecisionArena>::source_cofactors::visit ()
#11 0x00005f8b2a168e7b in <g_momonados::ququart_decision::DecisionArena>::source_cofactors::visit ()
#12 0x00005f8b2a168e7b in <g_momonados::ququart_decision::DecisionArena>::source_cofactors::visit ()
#13 0x00005f8b2a168e94 in <g_momonados::ququart_decision::DecisionArena>::source_cofactors::visit ()
#14 0x00005f8b2a168e94 in <g_momonados::ququart_decision::DecisionArena>::source_cofactors::visit ()
#15 0x00005f8b2a168e94 in <g_momonados::ququart_decision::DecisionArena>::source_cofactors::visit ()
#16 0x00005f8b2a168e7b in <g_momonados::ququart_decision::DecisionArena>::source_cofactors::visit ()
#17 0x00005f8b2a168e7b in <g_momonados::ququart_decision::DecisionArena>::source_cofactors::visit ()
#18 0x00005f8b2a168e94 in <g_momonados::ququart_decision::DecisionArena>::source_cofactors::visit ()
#19 0x00005f8b2a168e7b in <g_momonados::ququart_decision::DecisionArena>::source_cofactors::visit ()
#20 0x00005f8b2a168e7b in <g_momonados::ququart_decision::DecisionArena>::source_cofactors::visit ()
#21 0x00005f8b2a168e94 in <g_momonados::ququart_decision::DecisionArena>::source_cofactors::visit ()
#22 0x00005f8b2a168e94 in <g_momonados::ququart_decision::DecisionArena>::source_cofactors::visit ()
#23 0x00005f8b2a168e94 in <g_momonados::ququart_decision::DecisionArena>::source_cofactors::visit ()
#24 0x00005f8b2a168e94 in <g_momonados::ququart_decision::DecisionArena>::source_cofactors::visit ()
#25 0x00005f8b2a168e94 in <g_momonados::ququart_decision::DecisionArena>::source_cofactors::visit ()
#26 0x00005f8b2a168e94 in <g_momonados::ququart_decision::DecisionArena>::source_cofactors::visit ()
#27 0x00005f8b2a168e7b in <g_momonados::ququart_decision::DecisionArena>::source_cofactors::visit ()
#28 0x00005f8b2a168e94 in <g_momonados::ququart_decision::DecisionArena>::source_cofactors::visit ()
#29 0x00005f8b2a168e7b in <g_momonados::ququart_decision::DecisionArena>::source_cofactors::visit ()
#30 0x00005f8b2a168e7b in <g_momonados::ququart_decision::DecisionArena>::source_cofactors::visit ()
#31 0x00005f8b2a168e94 in <g_momonados::ququart_decision::DecisionArena>::source_cofactors::visit ()
#32 0x00005f8b2a168e7b in <g_momonados::ququart_decision::DecisionArena>::source_cofactors::visit ()
#33 0x00005f8b2a168e7b in <g_momonados::ququart_decision::DecisionArena>::source_cofactors::visit ()
#34 0x00005f8b2a168e7b in <g_momonados::ququart_decision::DecisionArena>::source_cofactors::visit ()
#35 0x00005f8b2a168e94 in <g_momonados::ququart_decision::DecisionArena>::source_cofactors::visit ()
#36 0x00005f8b2a168e94 in <g_momonados::ququart_decision::DecisionArena>::source_cofactors::visit ()
#37 0x00005f8b2a168e7b in <g_momonados::ququart_decision::DecisionArena>::source_cofactors::visit ()
#38 0x00005f8b2a168e94 in <g_momonados::ququart_decision::DecisionArena>::source_cofactors::visit ()
#39 0x00005f8b2a168e7b in <g_momonados::ququart_decision::DecisionArena>::source_cofactors::visit ()
#40 0x00005f8b2a168e7b in <g_momonados::ququart_decision::DecisionArena>::source_cofactors::visit ()
#41 0x00005f8b2a168e94 in <g_momonados::ququart_decision::DecisionArena>::source_cofactors::visit ()
#42 0x00005f8b2a168e7b in <g_momonados::ququart_decision::DecisionArena>::source_cofactors::visit ()
#43 0x00005f8b2a168e7b in <g_momonados::ququart_decision::DecisionArena>::source_cofactors::visit ()
#44 0x00005f8b2a168e94 in <g_momonados::ququart_decision::DecisionArena>::source_cofactors::visit ()
#45 0x00005f8b2a168e7b in <g_momonados::ququart_decision::DecisionArena>::source_cofactors::visit ()
#46 0x00005f8b2a168e7b in <g_momonados::ququart_decision::DecisionArena>::source_cofactors::visit ()
#47 0x00005f8b2a168e7b in <g_momonados::ququart_decision::DecisionArena>::source_cofactors::visit ()
#48 0x00005f8b2a168e7b in <g_momonados::ququart_decision::DecisionArena>::source_cofactors::visit ()
#49 0x00005f8b2a168e94 in <g_momonados::ququart_decision::DecisionArena>::source_cofactors::visit ()
#50 0x00005f8b2a168e7b in <g_momonados::ququart_decision::DecisionArena>::source_cofactors::visit ()
#51 0x00005f8b2a168e7b in <g_momonados::ququart_decision::DecisionArena>::source_cofactors::visit ()
#52 0x00005f8b2a168e7b in <g_momonados::ququart_decision::DecisionArena>::source_cofactors::visit ()
#53 0x00005f8b2a168e7b in <g_momonados::ququart_decision::DecisionArena>::source_cofactors::visit ()
#54 0x00005f8b2a168e94 in <g_momonados::ququart_decision::DecisionArena>::source_cofactors::visit ()
#55 0x00005f8b2a168e7b in <g_momonados::ququart_decision::DecisionArena>::source_cofactors::visit ()
#56 0x00005f8b2a168e7b in <g_momonados::ququart_decision::DecisionArena>::source_cofactors::visit ()
#57 0x00005f8b2a168e94 in <g_momonados::ququart_decision::DecisionArena>::source_cofactors::visit ()
#58 0x00005f8b2a168e94 in <g_momonados::ququart_decision::DecisionArena>::source_cofactors::visit ()
#59 0x00005f8b2a168e7b in <g_momonados::ququart_decision::DecisionArena>::source_cofactors::visit ()
#60 0x00005f8b2a168e94 in <g_momonados::ququart_decision::DecisionArena>::source_cofactors::visit ()
#61 0x00005f8b2a168e94 in <g_momonados::ququart_decision::DecisionArena>::source_cofactors::visit ()
#62 0x00005f8b2a168e94 in <g_momonados::ququart_decision::DecisionArena>::source_cofactors::visit ()
#63 0x00005f8b2a168e7b in <g_momonados::ququart_decision::DecisionArena>::source_cofactors::visit ()
#64 0x00005f8b2a168e7b in <g_momonados::ququart_decision::DecisionArena>::source_cofactors::visit ()
#65 0x00005f8b2a168e94 in <g_momonados::ququart_decision::DecisionArena>::source_cofactors::visit ()
#66 0x00005f8b2a168e94 in <g_momonados::ququart_decision::DecisionArena>::source_cofactors::visit ()
#67 0x00005f8b2a168e94 in <g_momonados::ququart_decision::DecisionArena>::source_cofactors::visit ()
#68 0x00005f8b2a168e94 in <g_momonados::ququart_decision::DecisionArena>::source_cofactors::visit ()
#69 0x00005f8b2a168e7b in <g_momonados::ququart_decision::DecisionArena>::source_cofactors::visit ()
#70 0x00005f8b2a168e7b in <g_momonados::ququart_decision::DecisionArena>::source_cofactors::visit ()
#71 0x00005f8b2a168e7b in <g_momonados::ququart_decision::DecisionArena>::source_cofactors::visit ()
#72 0x00005f8b2a168e94 in <g_momonados::ququart_decision::DecisionArena>::source_cofactors::visit ()
#73 0x00005f8b2a168e7b in <g_momonados::ququart_decision::DecisionArena>::source_cofactors::visit ()
#74 0x00005f8b2a168e94 in <g_momonados::ququart_decision::DecisionArena>::source_cofactors::visit ()
#75 0x00005f8b2a168e94 in <g_momonados::ququart_decision::DecisionArena>::source_cofactors::visit ()
#76 0x00005f8b2a168e7b in <g_momonados::ququart_decision::DecisionArena>::source_cofactors::visit ()
#77 0x00005f8b2a168e7b in <g_momonados::ququart_decision::DecisionArena>::source_cofactors::visit ()
#78 0x00005f8b2a168e7b in <g_momonados::ququart_decision::DecisionArena>::source_cofactors::visit ()
#79 0x00005f8b2a168e7b in <g_momonados::ququart_decision::DecisionArena>::source_cofactors::visit ()
#80 0x00005f8b2a168e94 in <g_momonados::ququart_decision::DecisionArena>::source_cofactors::visit ()
#81 0x00005f8b2a168e94 in <g_momonados::ququart_decision::DecisionArena>::source_cofactors::visit ()
#82 0x00005f8b2a168e94 in <g_momonados::ququart_decision::DecisionArena>::source_cofactors::visit ()
#83 0x00005f8b2a168e7b in <g_momonados::ququart_decision::DecisionArena>::source_cofactors::visit ()
#84 0x00005f8b2a168e7b in <g_momonados::ququart_decision::DecisionArena>::source_cofactors::visit ()
#85 0x00005f8b2a168e94 in <g_momonados::ququart_decision::DecisionArena>::source_cofactors::visit ()
#86 0x00005f8b2a168e94 in <g_momonados::ququart_decision::DecisionArena>::source_cofactors::visit ()
#87 0x00005f8b2a168e94 in <g_momonados::ququart_decision::DecisionArena>::source_cofactors::visit ()
#88 0x00005f8b2a168e94 in <g_momonados::ququart_decision::DecisionArena>::source_cofactors::visit ()
#89 0x00005f8b2a168e7b in <g_momonados::ququart_decision::DecisionArena>::source_cofactors::visit ()
#90 0x00005f8b2a168e7b in <g_momonados::ququart_decision::DecisionArena>::source_cofactors::visit ()
#91 0x00005f8b2a168e7b in <g_momonados::ququart_decision::DecisionArena>::source_cofactors::visit ()
#92 0x00005f8b2a168e94 in <g_momonados::ququart_decision::DecisionArena>::source_cofactors::visit ()
#93 0x00005f8b2a168e94 in <g_momonados::ququart_decision::DecisionArena>::source_cofactors::visit ()
#94 0x00005f8b2a168e94 in <g_momonados::ququart_decision::DecisionArena>::source_cofactors::visit ()
#95 0x00005f8b2a168e94 in <g_momonados::ququart_decision::DecisionArena>::source_cofactors::visit ()
#96 0x00005f8b2a168e7b in <g_momonados::ququart_decision::DecisionArena>::source_cofactors::visit ()
#97 0x00005f8b2a168e7b in <g_momonados::ququart_decision::DecisionArena>::source_cofactors::visit ()
#98 0x00005f8b2a168e7b in <g_momonados::ququart_decision::DecisionArena>::source_cofactors::visit ()
#99 0x00005f8b2a168e94 in <g_momonados::ququart_decision::DecisionArena>::source_cofactors::visit ()
#100 0x00005f8b2a168e94 in <g_momonados::ququart_decision::DecisionArena>::source_cofactors::visit ()
#101 0x00005f8b2a168e94 in <g_momonados::ququart_decision::DecisionArena>::source_cofactors::visit ()
#102 0x00005f8b2a168e7b in <g_momonados::ququart_decision::DecisionArena>::source_cofactors::visit ()
#103 0x00005f8b2a168e7b in <g_momonados::ququart_decision::DecisionArena>::source_cofactors::visit ()
#104 0x00005f8b2a168e94 in <g_momonados::ququart_decision::DecisionArena>::source_cofactors::visit ()
#105 0x00005f8b2a168e7b in <g_momonados::ququart_decision::DecisionArena>::source_cofactors::visit ()
#106 0x00005f8b2a168e7b in <g_momonados::ququart_decision::DecisionArena>::source_cofactors::visit ()
#107 0x00005f8b2a168e7b in <g_momonados::ququart_decision::DecisionArena>::source_cofactors::visit ()
#108 0x00005f8b2a168e94 in <g_momonados::ququart_decision::DecisionArena>::source_cofactors::visit ()
#109 0x00005f8b2a168e94 in <g_momonados::ququart_decision::DecisionArena>::source_cofactors::visit ()
#110 0x00005f8b2a168e94 in <g_momonados::ququart_decision::DecisionArena>::source_cofactors::visit ()
#111 0x00005f8b2a168e7b in <g_momonados::ququart_decision::DecisionArena>::source_cofactors::visit ()
#112 0x00005f8b2a168e7b in <g_momonados::ququart_decision::DecisionArena>::source_cofactors::visit ()
#113 0x00005f8b2a168e7b in <g_momonados::ququart_decision::DecisionArena>::source_cofactors::visit ()
#114 0x00005f8b2a168e7b in <g_momonados::ququart_decision::DecisionArena>::source_cofactors::visit ()
#115 0x00005f8b2a168e94 in <g_momonados::ququart_decision::DecisionArena>::source_cofactors::visit ()
#116 0x00005f8b2a168e7b in <g_momonados::ququart_decision::DecisionArena>::source_cofactors::visit ()
#117 0x00005f8b2a168e7b in <g_momonados::ququart_decision::DecisionArena>::source_cofactors::visit ()
#118 0x00005f8b2a168e7b in <g_momonados::ququart_decision::DecisionArena>::source_cofactors::visit ()
#119 0x00005f8b2a168e7b in <g_momonados::ququart_decision::DecisionArena>::source_cofactors::visit ()
#120 0x00005f8b2a168e7b in <g_momonados::ququart_decision::DecisionArena>::source_cofactors::visit ()
#121 0x00005f8b2a168e94 in <g_momonados::ququart_decision::DecisionArena>::source_cofactors::visit ()
#122 0x00005f8b2a168e94 in <g_momonados::ququart_decision::DecisionArena>::source_cofactors::visit ()
#123 0x00005f8b2a168e7b in <g_momonados::ququart_decision::DecisionArena>::source_cofactors::visit ()
#124 0x00005f8b2a168e7b in <g_momonados::ququart_decision::DecisionArena>::source_cofactors::visit ()
#125 0x00005f8b2a168e94 in <g_momonados::ququart_decision::DecisionArena>::source_cofactors::visit ()
#126 0x00005f8b2a168e7b in <g_momonados::ququart_decision::DecisionArena>::source_cofactors::visit ()
#127 0x00005f8b2a168e94 in <g_momonados::ququart_decision::DecisionArena>::source_cofactors::visit ()
#128 0x00005f8b2a168e7b in <g_momonados::ququart_decision::DecisionArena>::source_cofactors::visit ()
#129 0x00005f8b2a168e7b in <g_momonados::ququart_decision::DecisionArena>::source_cofactors::visit ()
#130 0x00005f8b2a168e7b in <g_momonados::ququart_decision::DecisionArena>::source_cofactors::visit ()
#131 0x00005f8b2a168e7b in <g_momonados::ququart_decision::DecisionArena>::source_cofactors::visit ()
#132 0x00005f8b2a168e94 in <g_momonados::ququart_decision::DecisionArena>::source_cofactors::visit ()
#133 0x00005f8b2a168e94 in <g_momonados::ququart_decision::DecisionArena>::source_cofactors::visit ()
#134 0x00005f8b2a168e7b in <g_momonados::ququart_decision::DecisionArena>::source_cofactors::visit ()
#135 0x00005f8b2a168e7b in <g_momonados::ququart_decision::DecisionArena>::source_cofactors::visit ()
#136 0x00005f8b2a168e7b in <g_momonados::ququart_decision::DecisionArena>::source_cofactors::visit ()
#137 0x00005f8b2a168e94 in <g_momonados::ququart_decision::DecisionArena>::source_cofactors::visit ()
#138 0x00005f8b2a168e7b in <g_momonados::ququart_decision::DecisionArena>::source_cofactors::visit ()
#139 0x00005f8b2a168e7b in <g_momonados::ququart_decision::DecisionArena>::source_cofactors::visit ()
#140 0x00005f8b2a168e7b in <g_momonados::ququart_decision::DecisionArena>::source_cofactors::visit ()
#141 0x00005f8b2a168e94 in <g_momonados::ququart_decision::DecisionArena>::source_cofactors::visit ()
#142 0x00005f8b2a168e7b in <g_momonados::ququart_decision::DecisionArena>::source_cofactors::visit ()
#143 0x00005f8b2a168e94 in <g_momonados::ququart_decision::DecisionArena>::source_cofactors::visit ()
#144 0x00005f8b2a168e94 in <g_momonados::ququart_decision::DecisionArena>::source_cofactors::visit ()
#145 0x00005f8b2a168e94 in <g_momonados::ququart_decision::DecisionArena>::source_cofactors::visit ()
#146 0x00005f8b2a168e7b in <g_momonados::ququart_decision::DecisionArena>::source_cofactors::visit ()
#147 0x00005f8b2a168e7b in <g_momonados::ququart_decision::DecisionArena>::source_cofactors::visit ()
#148 0x00005f8b2a168e94 in <g_momonados::ququart_decision::DecisionArena>::source_cofactors::visit ()
#149 0x00005f8b2a168e7b in <g_momonados::ququart_decision::DecisionArena>::source_cofactors::visit ()
#150 0x00005f8b2a168e94 in <g_momonados::ququart_decision::DecisionArena>::source_cofactors::visit ()
#151 0x00005f8b2a168e94 in <g_momonados::ququart_decision::DecisionArena>::source_cofactors::visit ()
#152 0x00005f8b2a168e7b in <g_momonados::ququart_decision::DecisionArena>::source_cofactors::visit ()
#153 0x00005f8b2a168e94 in <g_momonados::ququart_decision::DecisionArena>::source_cofactors::visit ()
#154 0x00005f8b2a168e94 in <g_momonados::ququart_decision::DecisionArena>::source_cofactors::visit ()
#155 0x00005f8b2a168e7b in <g_momonados::ququart_decision::DecisionArena>::source_cofactors::visit ()
#156 0x00005f8b2a168e94 in <g_momonados::ququart_decision::DecisionArena>::source_cofactors::visit ()
#157 0x00005f8b2a168e7b in <g_momonados::ququart_decision::DecisionArena>::source_cofactors::visit ()
#158 0x00005f8b2a168e7b in <g_momonados::ququart_decision::DecisionArena>::source_cofactors::visit ()
#159 0x00005f8b2a168e7b in <g_momonados::ququart_decision::DecisionArena>::source_cofactors::visit ()
#160 0x00005f8b2a168e94 in <g_momonados::ququart_decision::DecisionArena>::source_cofactors::visit ()
#161 0x00005f8b2a168e7b in <g_momonados::ququart_decision::DecisionArena>::source_cofactors::visit ()
#162 0x00005f8b2a168e7b in <g_momonados::ququart_decision::DecisionArena>::source_cofactors::visit ()
#163 0x00005f8b2a168e94 in <g_momonados::ququart_decision::DecisionArena>::source_cofactors::visit ()
#164 0x00005f8b2a168e94 in <g_momonados::ququart_decision::DecisionArena>::source_cofactors::visit ()
#165 0x00005f8b2a168e7b in <g_momonados::ququart_decision::DecisionArena>::source_cofactors::visit ()
#166 0x00005f8b2a168e94 in <g_momonados::ququart_decision::DecisionArena>::source_cofactors::visit ()
#167 0x00005f8b2a168e7b in <g_momonados::ququart_decision::DecisionArena>::source_cofactors::visit ()
#168 0x00005f8b2a168e94 in <g_momonados::ququart_decision::DecisionArena>::source_cofactors::visit ()
#169 0x00005f8b2a168e94 in <g_momonados::ququart_decision::DecisionArena>::source_cofactors::visit ()
#170 0x00005f8b2a168e94 in <g_momonados::ququart_decision::DecisionArena>::source_cofactors::visit ()
#171 0x00005f8b2a168e94 in <g_momonados::ququart_decision::DecisionArena>::source_cofactors::visit ()
#172 0x00005f8b2a168e94 in <g_momonados::ququart_decision::DecisionArena>::source_cofactors::visit ()
#173 0x00005f8b2a168e7b in <g_momonados::ququart_decision::DecisionArena>::source_cofactors::visit ()
#174 0x00005f8b2a168e94 in <g_momonados::ququart_decision::DecisionArena>::source_cofactors::visit ()
#175 0x00005f8b2a168e94 in <g_momonados::ququart_decision::DecisionArena>::source_cofactors::visit ()
#176 0x00005f8b2a168e7b in <g_momonados::ququart_decision::DecisionArena>::source_cofactors::visit ()
#177 0x00005f8b2a168e7b in <g_momonados::ququart_decision::DecisionArena>::source_cofactors::visit ()
#178 0x00005f8b2a168e7b in <g_momonados::ququart_decision::DecisionArena>::source_cofactors::visit ()
#179 0x00005f8b2a168e94 in <g_momonados::ququart_decision::DecisionArena>::source_cofactors::visit ()
#180 0x00005f8b2a168e7b in <g_momonados::ququart_decision::DecisionArena>::source_cofactors::visit ()
#181 0x00005f8b2a168e7b in <g_momonados::ququart_decision::DecisionArena>::source_cofactors::visit ()
#182 0x00005f8b2a168e94 in <g_momonados::ququart_decision::DecisionArena>::source_cofactors::visit ()
#183 0x00005f8b2a168e94 in <g_momonados::ququart_decision::DecisionArena>::source_cofactors::visit ()
#184 0x00005f8b2a168e94 in <g_momonados::ququart_decision::DecisionArena>::source_cofactors::visit ()
#185 0x00005f8b2a168e7b in <g_momonados::ququart_decision::DecisionArena>::source_cofactors::visit ()
#186 0x00005f8b2a168e7b in <g_momonados::ququart_decision::DecisionArena>::source_cofactors::visit ()
#187 0x00005f8b2a168e94 in <g_momonados::ququart_decision::DecisionArena>::source_cofactors::visit ()
#188 0x00005f8b2a168e7b in <g_momonados::ququart_decision::DecisionArena>::source_cofactors::visit ()
#189 0x00005f8b2a168e7b in <g_momonados::ququart_decision::DecisionArena>::source_cofactors::visit ()
#190 0x00005f8b2a168e94 in <g_momonados::ququart_decision::DecisionArena>::source_cofactors::visit ()
#191 0x00005f8b2a168e7b in <g_momonados::ququart_decision::DecisionArena>::source_cofactors::visit ()
#192 0x00005f8b2a168e7b in <g_momonados::ququart_decision::DecisionArena>::source_cofactors::visit ()
#193 0x00005f8b2a168e7b in <g_momonados::ququart_decision::DecisionArena>::source_cofactors::visit ()
#194 0x00005f8b2a168e7b in <g_momonados::ququart_decision::DecisionArena>::source_cofactors::visit ()
#195 0x00005f8b2a168e7b in <g_momonados::ququart_decision::DecisionArena>::source_cofactors::visit ()
#196 0x00005f8b2a168e7b in <g_momonados::ququart_decision::DecisionArena>::source_cofactors::visit ()
#197 0x00005f8b2a168e7b in <g_momonados::ququart_decision::DecisionArena>::source_cofactors::visit ()
#198 0x00005f8b2a168e94 in <g_momonados::ququart_decision::DecisionArena>::source_cofactors::visit ()
#199 0x00005f8b2a168e94 in <g_momonados::ququart_decision::DecisionArena>::source_cofactors::visit ()
#200 0x00005f8b2a168e94 in <g_momonados::ququart_decision::DecisionArena>::source_cofactors::visit ()
#201 0x00005f8b2a168e7b in <g_momonados::ququart_decision::DecisionArena>::source_cofactors::visit ()
#202 0x00005f8b2a168e94 in <g_momonados::ququart_decision::DecisionArena>::source_cofactors::visit ()
#203 0x00005f8b2a168e94 in <g_momonados::ququart_decision::DecisionArena>::source_cofactors::visit ()
#204 0x00005f8b2a168e94 in <g_momonados::ququart_decision::DecisionArena>::source_cofactors::visit ()
#205 0x00005f8b2a168e94 in <g_momonados::ququart_decision::DecisionArena>::source_cofactors::visit ()
#206 0x00005f8b2a168e7b in <g_momonados::ququart_decision::DecisionArena>::source_cofactors::visit ()
#207 0x00005f8b2a168e94 in <g_momonados::ququart_decision::DecisionArena>::source_cofactors::visit ()
#208 0x00005f8b2a168e94 in <g_momonados::ququart_decision::DecisionArena>::source_cofactors::visit ()
#209 0x00005f8b2a168e94 in <g_momonados::ququart_decision::DecisionArena>::source_cofactors::visit ()
#210 0x00005f8b2a168e7b in <g_momonados::ququart_decision::DecisionArena>::source_cofactors::visit ()
#211 0x00005f8b2a168e94 in <g_momonados::ququart_decision::DecisionArena>::source_cofactors::visit ()
#212 0x00005f8b2a168e7b in <g_momonados::ququart_decision::DecisionArena>::source_cofactors::visit ()
#213 0x00005f8b2a168e94 in <g_momonados::ququart_decision::DecisionArena>::source_cofactors::visit ()
#214 0x00005f8b2a168e94 in <g_momonados::ququart_decision::DecisionArena>::source_cofactors::visit ()
#215 0x00005f8b2a168e7b in <g_momonados::ququart_decision::DecisionArena>::source_cofactors::visit ()
#216 0x00005f8b2a168e94 in <g_momonados::ququart_decision::DecisionArena>::source_cofactors::visit ()
#217 0x00005f8b2a168e7b in <g_momonados::ququart_decision::DecisionArena>::source_cofactors::visit ()
#218 0x00005f8b2a168e7b in <g_momonados::ququart_decision::DecisionArena>::source_cofactors::visit ()
#219 0x00005f8b2a168e94 in <g_momonados::ququart_decision::DecisionArena>::source_cofactors::visit ()
#220 0x00005f8b2a168e94 in <g_momonados::ququart_decision::DecisionArena>::source_cofactors::visit ()
#221 0x00005f8b2a168e94 in <g_momonados::ququart_decision::DecisionArena>::source_cofactors::visit ()
#222 0x00005f8b2a168e94 in <g_momonados::ququart_decision::DecisionArena>::source_cofactors::visit ()
#223 0x00005f8b2a168e94 in <g_momonados::ququart_decision::DecisionArena>::source_cofactors::visit ()
#224 0x00005f8b2a168e94 in <g_momonados::ququart_decision::DecisionArena>::source_cofactors::visit ()
#225 0x00005f8b2a168e7b in <g_momonados::ququart_decision::DecisionArena>::source_cofactors::visit ()
#226 0x00005f8b2a168e94 in <g_momonados::ququart_decision::DecisionArena>::source_cofactors::visit ()
#227 0x00005f8b2a168e94 in <g_momonados::ququart_decision::DecisionArena>::source_cofactors::visit ()
#228 0x00005f8b2a168e94 in <g_momonados::ququart_decision::DecisionArena>::source_cofactors::visit ()
#229 0x00005f8b2a168e94 in <g_momonados::ququart_decision::DecisionArena>::source_cofactors::visit ()
#230 0x00005f8b2a168e7b in <g_momonados::ququart_decision::DecisionArena>::source_cofactors::visit ()
#231 0x00005f8b2a168e94 in <g_momonados::ququart_decision::DecisionArena>::source_cofactors::visit ()
#232 0x00005f8b2a168e7b in <g_momonados::ququart_decision::DecisionArena>::source_cofactors::visit ()
#233 0x00005f8b2a168e7b in <g_momonados::ququart_decision::DecisionArena>::source_cofactors::visit ()
#234 0x00005f8b2a168e7b in <g_momonados::ququart_decision::DecisionArena>::source_cofactors::visit ()
#235 0x00005f8b2a168e7b in <g_momonados::ququart_decision::DecisionArena>::source_cofactors::visit ()
#236 0x00005f8b2a168e7b in <g_momonados::ququart_decision::DecisionArena>::source_cofactors::visit ()
#237 0x00005f8b2a168e7b in <g_momonados::ququart_decision::DecisionArena>::source_cofactors::visit ()
#238 0x00005f8b2a168e94 in <g_momonados::ququart_decision::DecisionArena>::source_cofactors::visit ()
#239 0x00005f8b2a168e7b in <g_momonados::ququart_decision::DecisionArena>::source_cofactors::visit ()
#240 0x00005f8b2a168e7b in <g_momonados::ququart_decision::DecisionArena>::source_cofactors::visit ()
#241 0x00005f8b2a168e7b in <g_momonados::ququart_decision::DecisionArena>::source_cofactors::visit ()
#242 0x00005f8b2a168e7b in <g_momonados::ququart_decision::DecisionArena>::source_cofactors::visit ()
#243 0x00005f8b2a168e94 in <g_momonados::ququart_decision::DecisionArena>::source_cofactors::visit ()
#244 0x00005f8b2a168e7b in <g_momonados::ququart_decision::DecisionArena>::source_cofactors::visit ()
#245 0x00005f8b2a168e7b in <g_momonados::ququart_decision::DecisionArena>::source_cofactors::visit ()
#246 0x00005f8b2a168e94 in <g_momonados::ququart_decision::DecisionArena>::source_cofactors::visit ()
#247 0x00005f8b2a168e7b in <g_momonados::ququart_decision::DecisionArena>::source_cofactors::visit ()
#248 0x00005f8b2a168e7b in <g_momonados::ququart_decision::DecisionArena>::source_cofactors::visit ()
#249 0x00005f8b2a168e7b in <g_momonados::ququart_decision::DecisionArena>::source_cofactors::visit ()
#250 0x00005f8b2a168e94 in <g_momonados::ququart_decision::DecisionArena>::source_cofactors::visit ()
#251 0x00005f8b2a168e7b in <g_momonados::ququart_decision::DecisionArena>::source_cofactors::visit ()
#252 0x00005f8b2a168e7b in <g_momonados::ququart_decision::DecisionArena>::source_cofactors::visit ()
#253 0x00005f8b2a168e94 in <g_momonados::ququart_decision::DecisionArena>::source_cofactors::visit ()
#254 0x00005f8b2a168e7b in <g_momonados::ququart_decision::DecisionArena>::source_cofactors::visit ()
#255 0x00005f8b2a168e94 in <g_momonados::ququart_decision::DecisionArena>::source_cofactors::visit ()
#256 0x00005f8b2a168e94 in <g_momonados::ququart_decision::DecisionArena>::source_cofactors::visit ()
#257 0x00005f8b2a168e94 in <g_momonados::ququart_decision::DecisionArena>::source_cofactors::visit ()
#258 0x00005f8b2a168e7b in <g_momonados::ququart_decision::DecisionArena>::source_cofactors::visit ()
#259 0x00005f8b2a168e94 in <g_momonados::ququart_decision::DecisionArena>::source_cofactors::visit ()
#260 0x00005f8b2a168e94 in <g_momonados::ququart_decision::DecisionArena>::source_cofactors::visit ()
#261 0x00005f8b2a168e7b in <g_momonados::ququart_decision::DecisionArena>::source_cofactors::visit ()
#262 0x00005f8b2a168e7b in <g_momonados::ququart_decision::DecisionArena>::source_cofactors::visit ()
#263 0x00005f8b2a168e7b in <g_momonados::ququart_decision::DecisionArena>::source_cofactors::visit ()
#264 0x00005f8b2a168e7b in <g_momonados::ququart_decision::DecisionArena>::source_cofactors::visit ()
#265 0x00005f8b2a168e7b in <g_momonados::ququart_decision::DecisionArena>::source_cofactors::visit ()
#266 0x00005f8b2a168e7b in <g_momonados::ququart_decision::DecisionArena>::source_cofactors::visit ()
#267 0x00005f8b2a168e7b in <g_momonados::ququart_decision::DecisionArena>::source_cofactors::visit ()
#268 0x00005f8b2a168e94 in <g_momonados::ququart_decision::DecisionArena>::source_cofactors::visit ()
#269 0x00005f8b2a1685e2 in <g_momonados::ququart_decision::DecisionArena>::modular_digit_add::visit ()
#270 0x00005f8b2a168689 in <g_momonados::ququart_decision::DecisionArena>::modular_digit_add::visit ()
#271 0x00005f8b2a165373 in <g_momonados::ququart_folded_work::QuquartFoldedWorkDevice>::apply_nested ()
#272 0x00005f8b2a18e987 in <g_momonados::ququart_folded_work::QuquartFoldedWorkDevice as g_momonados::ququart_factor::QuquartPhaseDevice>::controlled_multiply ()
#273 0x00005f8b2a151465 in <g_momonados::ququart_factor::QuquartFactorExecutor<g_momonados::ququart_folded_work::QuquartFoldedWorkDevice>>::shot ()
#274 0x00005f8b2a14ea6c in ququart_factor_baked::execute ()
#275 0x00005f8b2a14b8c0 in ququart_factor_baked::main ()
#276 0x00005f8b2a148fdd in std::sys::backtrace::__rust_begin_short_backtrace::<fn(), ()> ()
#277 0x00005f8b2a159911 in main ()
[Inferior 1 (process 45115) killed]
