source width         : 128
SIC dimension        : 4
SIC outcomes         : 16
fixed-point bits     : 270
SIXTEEN_3 mass 0000 : 849093874797128054784242933167535208737318132667323742283793652153916042394861862834900846078504121937288183603820257148691762278256755796175322228605636678377024
SIXTEEN_3 mass 0001 : 849093874797128054784242933167535208737318132667323742283793652153916042394861862834900846078504121937288183603820257148691762278256755796175322228605636678377024
SIXTEEN_3 mass 0010 : 849093874797128054784242933167535208737318132667323742283793652153916042394861862834900846078504121937288183603820257148691762278256755796175322228605636678377024
SIXTEEN_3 mass 0011 : 849093874797128054784242933167535208737318132667323742283793652153916042394861862834900846078504121937288183603820257148691762278256755796175322228605636678377024
SIXTEEN_3 mass 0100 : 578306333476936283367172878522639382983848521764921736228735848693497934669379918521347866300143555808776852794960239990496502583507142946247793917380602008218116
SIXTEEN_3 mass 0101 : 578306333476936283367172878522639382983848521764921736228735848693497934669379918874370000654129041294955086356163782722205472347224739149166841301487367550841969
SIXTEEN_3 mass 0110 : 578306333476936283367172878522639382983848521764921736228735848693497934669379918521347866300143555808776852794960239990496502583507142946247793917380602008218116
SIXTEEN_3 mass 0111 : 578306333476936283367172878522639382983848521764921736228735848693497934669379918874370000654129041294955086356163782722205472347224739149166841301487367550841969
SIXTEEN_3 mass 1000 : 145681477459341735590319185361724905657083108193617807243243101899618576007472994270225000901191304148788991158904666222646299920110907321643189989796377162884496
SIXTEEN_3 mass 1001 : 145681477459341735590319185361724905657083108193617807243243101899618576007472994270225000901191304148788991158904666222646299920110907321643189989796377162884496
SIXTEEN_3 mass 1010 : 145681477459341735590319185361724905657083108193617807243243101899618576007472994270225000901191304148788991158904666222646299920110907321643189989796377162884496
SIXTEEN_3 mass 1011 : 145681477459341735590319185361724905657083108193617807243243101899618576007472994270225000901191304148788991158904666222646299920110907321643189989796377162884496
SIXTEEN_3 mass 1100 : 2026049349901151032506695809096885989717507932015670020724831855342437511465475502306306431241467572690911552860149483884427474726152501546337990284615946005095040
SIXTEEN_3 mass 1101 : 2026049349901151032506695809096885989717507932015670020724831855342437511465475503524419735454603132494515657345751278758851231760800761031410171248076299514472929
SIXTEEN_3 mass 1110 : 2026049349901151032506695809096885989717507932015670020724831855342437511465475502306306431241467572690911552860149483884427474726152501546337990284615946005095040
SIXTEEN_3 mass 1111 : 2026049349901151032506695809096885989717507932015670020724831855342437511465475503524419735454603132494515657345751278758851231760800761031410171248076299514472929
outside-carrier mass : 4
SIXTEEN_3 readout    : 1101
