native Fourier target: f4
native phase target  : -2 pi k 1/4^1
native Fourier target: f4-inverse
source width         : 128
SIC dimension        : 4
SIC outcomes         : 16
fixed-point bits     : 270
SIXTEEN_3 mass 0000 : 578306333476936283367172878522639382983848521764921736228735848693497934669379918521347866300143555808776852794960239990496502583507142946247793917380602008218116
SIXTEEN_3 mass 0001 : 578306333476936283367172878522639382983848521764921736228735848693497934669379918521347866300143555808776852794960239990496502583507142946247793917380602008218116
SIXTEEN_3 mass 0010 : 578306333476936283367172878522639382983848521764921736228735848693497934669379918521347866300143555808776852794960239990496502583507142946247793917380602008218116
SIXTEEN_3 mass 0011 : 578306333476936283367172878522639382983848521764921736228735848693497934669379918521347866300143555808776852794960239990496502583507142946247793917380602008218116
SIXTEEN_3 mass 0100 : 145681477459341735590319185361724905657083108193617807243243101899618576007472994270225000901191304148788991158904666222646299920110907321643189989796377162884496
SIXTEEN_3 mass 0101 : 145681477459341735590319185361724905657083108193617807243243101899618576007472994683247490327039258874495311052688932250440761132368163136519056118296384069832832
SIXTEEN_3 mass 0110 : 145681477459341735590319185361724905657083108193617807243243101899618576007472994270225000901191304148788991158904666222646299920110907321643189989796377162884496
SIXTEEN_3 mass 0111 : 145681477459341735590319185361724905657083108193617807243243101899618576007472994683247490327039258874495311052688932250440761132368163136519056118296384069832832
SIXTEEN_3 mass 1000 : 2026049349901151032506695809096885989717507932015670020724831855342437511465475502306306431241467572690911552860149483884427474726152501546337990284615946005095040
SIXTEEN_3 mass 1001 : 2026049349901151032506695809096885989717507932015670020724831855342437511465475502306306431241467572690911552860149483884427474726152501546337990284615946005095040
SIXTEEN_3 mass 1010 : 2026049349901151032506695809096885989717507932015670020724831855342437511465475502306306431241467572690911552860149483884427474726152501546337990284615946005095040
SIXTEEN_3 mass 1011 : 2026049349901151032506695809096885989717507932015670020724831855342437511465475502306306431241467572690911552860149483884427474726152501546337990284615946005095040
SIXTEEN_3 mass 1100 : 849093874797128054784242933167535208737318132667323742283793652153916042394861862834900846078504121937288183603820257148691762278256755796175322228605636678377024
SIXTEEN_3 mass 1101 : 849093874797128054784242933167535208737318132667323742283793652153916042394861862869047138737652424904446778641331332987824976231688044936522886336784931857304450
SIXTEEN_3 mass 1110 : 849093874797128054784242933167535208737318132667323742283793652153916042394861862834900846078504121937288183603820257148691762278256755796175322228605636678377024
SIXTEEN_3 mass 1111 : 849093874797128054784242933167535208737318132667323742283793652153916042394861862869047138737652424904446778641331332987824976231688044936522886336784931857304450
outside-carrier mass : 0
SIXTEEN_3 readout    : 0011
