Breakpoint 1 at 0x27a6e788
[Thread debugging using libthread_db enabled]
Using host libthread_db library "/lib/x86_64-linux-gnu/libthread_db.so.1".
[Detaching after vfork from child process 58664]
[New Thread 0x75ee737ff640 (LWP 58665)]
[Thread 0x75ee737ff640 (LWP 58665) exited]
[Detaching after vfork from child process 58681]
[New Thread 0x75ee737ff640 (LWP 58682)]
[Thread 0x75ee737ff640 (LWP 58682) exited]
ququart_controlled_stage_entered=1
ququart_controlled_stage_entered=2
ququart_controlled_stage_entered=3

Thread 1 "membrane" received signal SIGINT, Interrupt.
0x000061c3e38d297b in <std::hash::random::RandomState as core::hash::BuildHasher>::hash_one::<&g_momonados::ququart_decision::Node> ()
terminal_or_cutoff_debug_stop
	Using the running image of child Thread 0x75ee73c1ebc0 (LWP 58661).
Program stopped at 0x61c3e38d297b.
It stopped with signal SIGINT, Interrupt.
rip            0x61c3e38d297b      0x61c3e38d297b <<std::hash::random::RandomState as core::hash::BuildHasher>::hash_one::<&g_momonados::ququart_decision::Node>+232>
process 58661
Mapped address spaces:

          Start Addr           End Addr       Size     Offset  Perms  objfile
      0x61c3bbe85000     0x61c3e38ad000 0x27a28000        0x0  r--p   /home/mrnob0dy666/imsgct/G-mOMonadOS/membranes/ququart_wider_256_fresh_radix4_20261005/membrane
      0x61c3e38ad000     0x61c3e3949000    0x9c000 0x27a27000  r-xp   /home/mrnob0dy666/imsgct/G-mOMonadOS/membranes/ququart_wider_256_fresh_radix4_20261005/membrane
      0x61c3e3949000     0x61c3e394d000     0x4000 0x27ac2000  r--p   /home/mrnob0dy666/imsgct/G-mOMonadOS/membranes/ququart_wider_256_fresh_radix4_20261005/membrane
      0x61c3e394d000     0x61c3e394f000     0x2000 0x27ac5000  rw-p   /home/mrnob0dy666/imsgct/G-mOMonadOS/membranes/ququart_wider_256_fresh_radix4_20261005/membrane
      0x61c41446e000     0x61c48c5c9000 0x7815b000        0x0  rw-p   [heap]
      0x75ee6a1ff000     0x75ee6c000000  0x1e01000        0x0  rw-p   
      0x75ee6c000000     0x75ee6c021000    0x21000        0x0  rw-p   
      0x75ee6c021000     0x75ee70000000  0x3fdf000        0x0  ---p   
      0x75ee729fd000     0x75ee731fe000   0x801000        0x0  rw-p   
      0x75ee735ff000     0x75ee73600000     0x1000        0x0  ---p   
      0x75ee73600000     0x75ee73800000   0x200000        0x0  rw-p   
      0x75ee73800000     0x75ee73828000    0x28000        0x0  r--p   /usr/lib/x86_64-linux-gnu/libc.so.6
      0x75ee73828000     0x75ee739bd000   0x195000    0x28000  r-xp   /usr/lib/x86_64-linux-gnu/libc.so.6
      0x75ee739bd000     0x75ee73a15000    0x58000   0x1bd000  r--p   /usr/lib/x86_64-linux-gnu/libc.so.6
      0x75ee73a15000     0x75ee73a16000     0x1000   0x215000  ---p   /usr/lib/x86_64-linux-gnu/libc.so.6
      0x75ee73a16000     0x75ee73a1a000     0x4000   0x215000  r--p   /usr/lib/x86_64-linux-gnu/libc.so.6
      0x75ee73a1a000     0x75ee73a1c000     0x2000   0x219000  rw-p   /usr/lib/x86_64-linux-gnu/libc.so.6
      0x75ee73a1c000     0x75ee73a29000     0xd000        0x0  rw-p   
      0x75ee73c1e000     0x75ee73c20000     0x2000        0x0  rw-p   
      0x75ee73c20000     0x75ee73c2e000     0xe000        0x0  r--p   /usr/lib/x86_64-linux-gnu/libm.so.6
      0x75ee73c2e000     0x75ee73caa000    0x7c000     0xe000  r-xp   /usr/lib/x86_64-linux-gnu/libm.so.6
      0x75ee73caa000     0x75ee73d05000    0x5b000    0x8a000  r--p   /usr/lib/x86_64-linux-gnu/libm.so.6
      0x75ee73d05000     0x75ee73d06000     0x1000    0xe4000  r--p   /usr/lib/x86_64-linux-gnu/libm.so.6
      0x75ee73d06000     0x75ee73d07000     0x1000    0xe5000  rw-p   /usr/lib/x86_64-linux-gnu/libm.so.6
      0x75ee73d07000     0x75ee73d0a000     0x3000        0x0  r--p   /usr/lib/x86_64-linux-gnu/libgcc_s.so.1
      0x75ee73d0a000     0x75ee73d21000    0x17000     0x3000  r-xp   /usr/lib/x86_64-linux-gnu/libgcc_s.so.1
      0x75ee73d21000     0x75ee73d25000     0x4000    0x1a000  r--p   /usr/lib/x86_64-linux-gnu/libgcc_s.so.1
      0x75ee73d25000     0x75ee73d26000     0x1000    0x1d000  r--p   /usr/lib/x86_64-linux-gnu/libgcc_s.so.1
      0x75ee73d26000     0x75ee73d27000     0x1000    0x1e000  rw-p   /usr/lib/x86_64-linux-gnu/libgcc_s.so.1
      0x75ee73d3d000     0x75ee73d3e000     0x1000        0x0  ---p   
      0x75ee73d3e000     0x75ee73d42000     0x4000        0x0  rw-p   
      0x75ee73d42000     0x75ee73d44000     0x2000        0x0  r--p   /usr/lib/x86_64-linux-gnu/ld-linux-x86-64.so.2
      0x75ee73d44000     0x75ee73d6e000    0x2a000     0x2000  r-xp   /usr/lib/x86_64-linux-gnu/ld-linux-x86-64.so.2
      0x75ee73d6e000     0x75ee73d79000     0xb000    0x2c000  r--p   /usr/lib/x86_64-linux-gnu/ld-linux-x86-64.so.2
      0x75ee73d7a000     0x75ee73d7c000     0x2000    0x37000  r--p   /usr/lib/x86_64-linux-gnu/ld-linux-x86-64.so.2
      0x75ee73d7c000     0x75ee73d7e000     0x2000    0x39000  rw-p   /usr/lib/x86_64-linux-gnu/ld-linux-x86-64.so.2
      0x7fff262bf000     0x7fff2632a000    0x6b000        0x0  rw-p   [stack]
      0x7fff26355000     0x7fff26359000     0x4000        0x0  r--p   [vvar]
      0x7fff26359000     0x7fff2635b000     0x2000        0x0  r-xp   [vdso]
#0  0x000061c3e38d297b in <std::hash::random::RandomState as core::hash::BuildHasher>::hash_one::<&g_momonados::ququart_decision::Node> ()
#1  0x000061c3e38d38b5 in <g_momonados::ququart_decision::DecisionArena>::reclaim ()
#2  0x000061c3e38d3b59 in <g_momonados::ququart_decision::DecisionArena>::reclaim ()
#3  0x000061c3e38d3b59 in <g_momonados::ququart_decision::DecisionArena>::reclaim ()
#4  0x000061c3e38d3b4e in <g_momonados::ququart_decision::DecisionArena>::reclaim ()
#5  0x000061c3e38d3b59 in <g_momonados::ququart_decision::DecisionArena>::reclaim ()
#6  0x000061c3e38d3b59 in <g_momonados::ququart_decision::DecisionArena>::reclaim ()
#7  0x000061c3e38d3b4e in <g_momonados::ququart_decision::DecisionArena>::reclaim ()
#8  0x000061c3e38d3b4e in <g_momonados::ququart_decision::DecisionArena>::reclaim ()
#9  0x000061c3e38d3b59 in <g_momonados::ququart_decision::DecisionArena>::reclaim ()
#10 0x000061c3e38d3b4e in <g_momonados::ququart_decision::DecisionArena>::reclaim ()
#11 0x000061c3e38d3b4e in <g_momonados::ququart_decision::DecisionArena>::reclaim ()
#12 0x000061c3e38d3b59 in <g_momonados::ququart_decision::DecisionArena>::reclaim ()
#13 0x000061c3e38d3b59 in <g_momonados::ququart_decision::DecisionArena>::reclaim ()
#14 0x000061c3e38d3b59 in <g_momonados::ququart_decision::DecisionArena>::reclaim ()
#15 0x000061c3e38d3b4e in <g_momonados::ququart_decision::DecisionArena>::reclaim ()
#16 0x000061c3e38d3b59 in <g_momonados::ququart_decision::DecisionArena>::reclaim ()
#17 0x000061c3e38d3b59 in <g_momonados::ququart_decision::DecisionArena>::reclaim ()
#18 0x000061c3e38d3b4e in <g_momonados::ququart_decision::DecisionArena>::reclaim ()
#19 0x000061c3e38d3b4e in <g_momonados::ququart_decision::DecisionArena>::reclaim ()
#20 0x000061c3e38d3b59 in <g_momonados::ququart_decision::DecisionArena>::reclaim ()
#21 0x000061c3e38d3b59 in <g_momonados::ququart_decision::DecisionArena>::reclaim ()
#22 0x000061c3e38d3b4e in <g_momonados::ququart_decision::DecisionArena>::reclaim ()
#23 0x000061c3e38d3b59 in <g_momonados::ququart_decision::DecisionArena>::reclaim ()
#24 0x000061c3e38d3b59 in <g_momonados::ququart_decision::DecisionArena>::reclaim ()
#25 0x000061c3e38d3b4e in <g_momonados::ququart_decision::DecisionArena>::reclaim ()
#26 0x000061c3e38d3b4e in <g_momonados::ququart_decision::DecisionArena>::reclaim ()
#27 0x000061c3e38d3b59 in <g_momonados::ququart_decision::DecisionArena>::reclaim ()
#28 0x000061c3e38d3b4e in <g_momonados::ququart_decision::DecisionArena>::reclaim ()
#29 0x000061c3e38d3b59 in <g_momonados::ququart_decision::DecisionArena>::reclaim ()
#30 0x000061c3e38d3b59 in <g_momonados::ququart_decision::DecisionArena>::reclaim ()
#31 0x000061c3e38d3b59 in <g_momonados::ququart_decision::DecisionArena>::reclaim ()
#32 0x000061c3e38d3b59 in <g_momonados::ququart_decision::DecisionArena>::reclaim ()
#33 0x000061c3e38d3b4e in <g_momonados::ququart_decision::DecisionArena>::reclaim ()
#34 0x000061c3e38d3b59 in <g_momonados::ququart_decision::DecisionArena>::reclaim ()
#35 0x000061c3e38d3b4e in <g_momonados::ququart_decision::DecisionArena>::reclaim ()
#36 0x000061c3e38d3b4e in <g_momonados::ququart_decision::DecisionArena>::reclaim ()
#37 0x000061c3e38d3b59 in <g_momonados::ququart_decision::DecisionArena>::reclaim ()
#38 0x000061c3e38d3b59 in <g_momonados::ququart_decision::DecisionArena>::reclaim ()
#39 0x000061c3e38d3b4e in <g_momonados::ququart_decision::DecisionArena>::reclaim ()
#40 0x000061c3e38d3b4e in <g_momonados::ququart_decision::DecisionArena>::reclaim ()
#41 0x000061c3e38d3b59 in <g_momonados::ququart_decision::DecisionArena>::reclaim ()
#42 0x000061c3e38d3b59 in <g_momonados::ququart_decision::DecisionArena>::reclaim ()
#43 0x000061c3e38d3b59 in <g_momonados::ququart_decision::DecisionArena>::reclaim ()
#44 0x000061c3e38d3b59 in <g_momonados::ququart_decision::DecisionArena>::reclaim ()
#45 0x000061c3e38d3b4e in <g_momonados::ququart_decision::DecisionArena>::reclaim ()
#46 0x000061c3e38d3b4e in <g_momonados::ququart_decision::DecisionArena>::reclaim ()
#47 0x000061c3e38d3b4e in <g_momonados::ququart_decision::DecisionArena>::reclaim ()
#48 0x000061c3e38d3b59 in <g_momonados::ququart_decision::DecisionArena>::reclaim ()
#49 0x000061c3e38d3b4e in <g_momonados::ququart_decision::DecisionArena>::reclaim ()
#50 0x000061c3e38d3b4e in <g_momonados::ququart_decision::DecisionArena>::reclaim ()
#51 0x000061c3e38d3b4e in <g_momonados::ququart_decision::DecisionArena>::reclaim ()
#52 0x000061c3e38d3b59 in <g_momonados::ququart_decision::DecisionArena>::reclaim ()
#53 0x000061c3e38d3b4e in <g_momonados::ququart_decision::DecisionArena>::reclaim ()
#54 0x000061c3e38d3b59 in <g_momonados::ququart_decision::DecisionArena>::reclaim ()
#55 0x000061c3e38d3b59 in <g_momonados::ququart_decision::DecisionArena>::reclaim ()
#56 0x000061c3e38d3b59 in <g_momonados::ququart_decision::DecisionArena>::reclaim ()
#57 0x000061c3e38d3b4e in <g_momonados::ququart_decision::DecisionArena>::reclaim ()
#58 0x000061c3e38d3b4e in <g_momonados::ququart_decision::DecisionArena>::reclaim ()
#59 0x000061c3e38d3b4e in <g_momonados::ququart_decision::DecisionArena>::reclaim ()
#60 0x000061c3e38d3b4e in <g_momonados::ququart_decision::DecisionArena>::reclaim ()
#61 0x000061c3e38d3b59 in <g_momonados::ququart_decision::DecisionArena>::reclaim ()
#62 0x000061c3e38d3b4e in <g_momonados::ququart_decision::DecisionArena>::reclaim ()
#63 0x000061c3e38d3b4e in <g_momonados::ququart_decision::DecisionArena>::reclaim ()
#64 0x000061c3e38d3b4e in <g_momonados::ququart_decision::DecisionArena>::reclaim ()
#65 0x000061c3e38d3b4e in <g_momonados::ququart_decision::DecisionArena>::reclaim ()
#66 0x000061c3e38d3b59 in <g_momonados::ququart_decision::DecisionArena>::reclaim ()
#67 0x000061c3e38d3b4e in <g_momonados::ququart_decision::DecisionArena>::reclaim ()
#68 0x000061c3e38d3b59 in <g_momonados::ququart_decision::DecisionArena>::reclaim ()
#69 0x000061c3e38d3b59 in <g_momonados::ququart_decision::DecisionArena>::reclaim ()
#70 0x000061c3e38d3b4e in <g_momonados::ququart_decision::DecisionArena>::reclaim ()
#71 0x000061c3e38d3b4e in <g_momonados::ququart_decision::DecisionArena>::reclaim ()
#72 0x000061c3e38d3b59 in <g_momonados::ququart_decision::DecisionArena>::reclaim ()
#73 0x000061c3e38d3b59 in <g_momonados::ququart_decision::DecisionArena>::reclaim ()
#74 0x000061c3e38d3b4e in <g_momonados::ququart_decision::DecisionArena>::reclaim ()
#75 0x000061c3e38d3b59 in <g_momonados::ququart_decision::DecisionArena>::reclaim ()
#76 0x000061c3e38d3b4e in <g_momonados::ququart_decision::DecisionArena>::reclaim ()
#77 0x000061c3e38d3b4e in <g_momonados::ququart_decision::DecisionArena>::reclaim ()
#78 0x000061c3e38d3b59 in <g_momonados::ququart_decision::DecisionArena>::reclaim ()
#79 0x000061c3e38d3b59 in <g_momonados::ququart_decision::DecisionArena>::reclaim ()
#80 0x000061c3e38d3b4e in <g_momonados::ququart_decision::DecisionArena>::reclaim ()
#81 0x000061c3e38d3b4e in <g_momonados::ququart_decision::DecisionArena>::reclaim ()
#82 0x000061c3e38d3b59 in <g_momonados::ququart_decision::DecisionArena>::reclaim ()
#83 0x000061c3e38d3b4e in <g_momonados::ququart_decision::DecisionArena>::reclaim ()
#84 0x000061c3e38d3b59 in <g_momonados::ququart_decision::DecisionArena>::reclaim ()
#85 0x000061c3e38d3b4e in <g_momonados::ququart_decision::DecisionArena>::reclaim ()
#86 0x000061c3e38d3b4e in <g_momonados::ququart_decision::DecisionArena>::reclaim ()
#87 0x000061c3e38d3b4e in <g_momonados::ququart_decision::DecisionArena>::reclaim ()
#88 0x000061c3e38d3b59 in <g_momonados::ququart_decision::DecisionArena>::reclaim ()
#89 0x000061c3e38d3b4e in <g_momonados::ququart_decision::DecisionArena>::reclaim ()
#90 0x000061c3e38d3b4e in <g_momonados::ququart_decision::DecisionArena>::reclaim ()
#91 0x000061c3e38d3b4e in <g_momonados::ququart_decision::DecisionArena>::reclaim ()
#92 0x000061c3e38d3b59 in <g_momonados::ququart_decision::DecisionArena>::reclaim ()
#93 0x000061c3e38d3b59 in <g_momonados::ququart_decision::DecisionArena>::reclaim ()
#94 0x000061c3e38d3b59 in <g_momonados::ququart_decision::DecisionArena>::reclaim ()
#95 0x000061c3e38d3b59 in <g_momonados::ququart_decision::DecisionArena>::reclaim ()
#96 0x000061c3e38d3b4e in <g_momonados::ququart_decision::DecisionArena>::reclaim ()
#97 0x000061c3e38d3b59 in <g_momonados::ququart_decision::DecisionArena>::reclaim ()
#98 0x000061c3e38d3b59 in <g_momonados::ququart_decision::DecisionArena>::reclaim ()
#99 0x000061c3e38d3b59 in <g_momonados::ququart_decision::DecisionArena>::reclaim ()
#100 0x000061c3e38d3b4e in <g_momonados::ququart_decision::DecisionArena>::reclaim ()
#101 0x000061c3e38d3b59 in <g_momonados::ququart_decision::DecisionArena>::reclaim ()
#102 0x000061c3e38d3b59 in <g_momonados::ququart_decision::DecisionArena>::reclaim ()
#103 0x000061c3e38d3b4e in <g_momonados::ququart_decision::DecisionArena>::reclaim ()
#104 0x000061c3e38d3b59 in <g_momonados::ququart_decision::DecisionArena>::reclaim ()
#105 0x000061c3e38d3b4e in <g_momonados::ququart_decision::DecisionArena>::reclaim ()
#106 0x000061c3e38d3b4e in <g_momonados::ququart_decision::DecisionArena>::reclaim ()
#107 0x000061c3e38d3b4e in <g_momonados::ququart_decision::DecisionArena>::reclaim ()
#108 0x000061c3e38d3b4e in <g_momonados::ququart_decision::DecisionArena>::reclaim ()
#109 0x000061c3e38d3b4e in <g_momonados::ququart_decision::DecisionArena>::reclaim ()
#110 0x000061c3e38d3b59 in <g_momonados::ququart_decision::DecisionArena>::reclaim ()
#111 0x000061c3e38d3b4e in <g_momonados::ququart_decision::DecisionArena>::reclaim ()
#112 0x000061c3e38d3b4e in <g_momonados::ququart_decision::DecisionArena>::reclaim ()
#113 0x000061c3e38d3b59 in <g_momonados::ququart_decision::DecisionArena>::reclaim ()
#114 0x000061c3e38d3b59 in <g_momonados::ququart_decision::DecisionArena>::reclaim ()
#115 0x000061c3e38d3b4e in <g_momonados::ququart_decision::DecisionArena>::reclaim ()
#116 0x000061c3e38d3b59 in <g_momonados::ququart_decision::DecisionArena>::reclaim ()
#117 0x000061c3e38d3b59 in <g_momonados::ququart_decision::DecisionArena>::reclaim ()
#118 0x000061c3e38d3b59 in <g_momonados::ququart_decision::DecisionArena>::reclaim ()
#119 0x000061c3e38d3b4e in <g_momonados::ququart_decision::DecisionArena>::reclaim ()
#120 0x000061c3e38d3b59 in <g_momonados::ququart_decision::DecisionArena>::reclaim ()
#121 0x000061c3e38d3b59 in <g_momonados::ququart_decision::DecisionArena>::reclaim ()
#122 0x000061c3e38d3b4e in <g_momonados::ququart_decision::DecisionArena>::reclaim ()
#123 0x000061c3e38d3b59 in <g_momonados::ququart_decision::DecisionArena>::reclaim ()
#124 0x000061c3e38d3b4e in <g_momonados::ququart_decision::DecisionArena>::reclaim ()
#125 0x000061c3e38d3b59 in <g_momonados::ququart_decision::DecisionArena>::reclaim ()
#126 0x000061c3e38d3b4e in <g_momonados::ququart_decision::DecisionArena>::reclaim ()
#127 0x000061c3e38d3b59 in <g_momonados::ququart_decision::DecisionArena>::reclaim ()
#128 0x000061c3e38d3b4e in <g_momonados::ququart_decision::DecisionArena>::reclaim ()
#129 0x000061c3e38d3b4e in <g_momonados::ququart_decision::DecisionArena>::reclaim ()
#130 0x000061c3e38d3b59 in <g_momonados::ququart_decision::DecisionArena>::reclaim ()
#131 0x000061c3e38d3b4e in <g_momonados::ququart_decision::DecisionArena>::reclaim ()
#132 0x000061c3e38d3b59 in <g_momonados::ququart_decision::DecisionArena>::reclaim ()
#133 0x000061c3e38d3b4e in <g_momonados::ququart_decision::DecisionArena>::reclaim ()
#134 0x000061c3e38d3b59 in <g_momonados::ququart_decision::DecisionArena>::reclaim ()
#135 0x000061c3e38d3b59 in <g_momonados::ququart_decision::DecisionArena>::reclaim ()
#136 0x000061c3e38d3b59 in <g_momonados::ququart_decision::DecisionArena>::reclaim ()
#137 0x000061c3e38d3b4e in <g_momonados::ququart_decision::DecisionArena>::reclaim ()
#138 0x000061c3e38d3b4e in <g_momonados::ququart_decision::DecisionArena>::reclaim ()
#139 0x000061c3e38d3b59 in <g_momonados::ququart_decision::DecisionArena>::reclaim ()
#140 0x000061c3e38d3b4e in <g_momonados::ququart_decision::DecisionArena>::reclaim ()
#141 0x000061c3e38d3b4e in <g_momonados::ququart_decision::DecisionArena>::reclaim ()
#142 0x000061c3e38d3b59 in <g_momonados::ququart_decision::DecisionArena>::reclaim ()
#143 0x000061c3e38d3b4e in <g_momonados::ququart_decision::DecisionArena>::reclaim ()
#144 0x000061c3e38d3b59 in <g_momonados::ququart_decision::DecisionArena>::reclaim ()
#145 0x000061c3e38d3b4e in <g_momonados::ququart_decision::DecisionArena>::reclaim ()
#146 0x000061c3e38d3b59 in <g_momonados::ququart_decision::DecisionArena>::reclaim ()
#147 0x000061c3e38d3b59 in <g_momonados::ququart_decision::DecisionArena>::reclaim ()
#148 0x000061c3e38d3b4e in <g_momonados::ququart_decision::DecisionArena>::reclaim ()
#149 0x000061c3e38d3b59 in <g_momonados::ququart_decision::DecisionArena>::reclaim ()
#150 0x000061c3e38d3b4e in <g_momonados::ququart_decision::DecisionArena>::reclaim ()
#151 0x000061c3e38d3b4e in <g_momonados::ququart_decision::DecisionArena>::reclaim ()
#152 0x000061c3e38d3b4e in <g_momonados::ququart_decision::DecisionArena>::reclaim ()
#153 0x000061c3e38d3b4e in <g_momonados::ququart_decision::DecisionArena>::reclaim ()
#154 0x000061c3e38d3b4e in <g_momonados::ququart_decision::DecisionArena>::reclaim ()
#155 0x000061c3e38d3b59 in <g_momonados::ququart_decision::DecisionArena>::reclaim ()
#156 0x000061c3e38d3b4e in <g_momonados::ququart_decision::DecisionArena>::reclaim ()
#157 0x000061c3e38d3b4e in <g_momonados::ququart_decision::DecisionArena>::reclaim ()
#158 0x000061c3e38d3b4e in <g_momonados::ququart_decision::DecisionArena>::reclaim ()
#159 0x000061c3e38d3b59 in <g_momonados::ququart_decision::DecisionArena>::reclaim ()
#160 0x000061c3e38d3b59 in <g_momonados::ququart_decision::DecisionArena>::reclaim ()
#161 0x000061c3e38d3b59 in <g_momonados::ququart_decision::DecisionArena>::reclaim ()
#162 0x000061c3e38d3b59 in <g_momonados::ququart_decision::DecisionArena>::reclaim ()
#163 0x000061c3e38d3b59 in <g_momonados::ququart_decision::DecisionArena>::reclaim ()
#164 0x000061c3e38d3b59 in <g_momonados::ququart_decision::DecisionArena>::reclaim ()
#165 0x000061c3e38d3b59 in <g_momonados::ququart_decision::DecisionArena>::reclaim ()
#166 0x000061c3e38d3b59 in <g_momonados::ququart_decision::DecisionArena>::reclaim ()
#167 0x000061c3e38d3b59 in <g_momonados::ququart_decision::DecisionArena>::reclaim ()
#168 0x000061c3e38d3b59 in <g_momonados::ququart_decision::DecisionArena>::reclaim ()
#169 0x000061c3e38d3b59 in <g_momonados::ququart_decision::DecisionArena>::reclaim ()
#170 0x000061c3e38d3b4e in <g_momonados::ququart_decision::DecisionArena>::reclaim ()
#171 0x000061c3e38d3b4e in <g_momonados::ququart_decision::DecisionArena>::reclaim ()
#172 0x000061c3e38d3b59 in <g_momonados::ququart_decision::DecisionArena>::reclaim ()
#173 0x000061c3e38d3b59 in <g_momonados::ququart_decision::DecisionArena>::reclaim ()
#174 0x000061c3e38d3b4e in <g_momonados::ququart_decision::DecisionArena>::reclaim ()
#175 0x000061c3e38d3b4e in <g_momonados::ququart_decision::DecisionArena>::reclaim ()
#176 0x000061c3e38d3b4e in <g_momonados::ququart_decision::DecisionArena>::reclaim ()
#177 0x000061c3e38d3b59 in <g_momonados::ququart_decision::DecisionArena>::reclaim ()
#178 0x000061c3e38d3b4e in <g_momonados::ququart_decision::DecisionArena>::reclaim ()
#179 0x000061c3e38d3b4e in <g_momonados::ququart_decision::DecisionArena>::reclaim ()
#180 0x000061c3e38d3b4e in <g_momonados::ququart_decision::DecisionArena>::reclaim ()
#181 0x000061c3e38d3b59 in <g_momonados::ququart_decision::DecisionArena>::reclaim ()
#182 0x000061c3e38d3b59 in <g_momonados::ququart_decision::DecisionArena>::reclaim ()
#183 0x000061c3e38d3b59 in <g_momonados::ququart_decision::DecisionArena>::reclaim ()
#184 0x000061c3e38d3b4e in <g_momonados::ququart_decision::DecisionArena>::reclaim ()
#185 0x000061c3e38d3b59 in <g_momonados::ququart_decision::DecisionArena>::reclaim ()
#186 0x000061c3e38d3b59 in <g_momonados::ququart_decision::DecisionArena>::reclaim ()
#187 0x000061c3e38d3b59 in <g_momonados::ququart_decision::DecisionArena>::reclaim ()
#188 0x000061c3e38d3b4e in <g_momonados::ququart_decision::DecisionArena>::reclaim ()
#189 0x000061c3e38d3b59 in <g_momonados::ququart_decision::DecisionArena>::reclaim ()
#190 0x000061c3e38d3b4e in <g_momonados::ququart_decision::DecisionArena>::reclaim ()
#191 0x000061c3e38d3b59 in <g_momonados::ququart_decision::DecisionArena>::reclaim ()
#192 0x000061c3e38d3b59 in <g_momonados::ququart_decision::DecisionArena>::reclaim ()
#193 0x000061c3e38d3b4e in <g_momonados::ququart_decision::DecisionArena>::reclaim ()
#194 0x000061c3e38d3b59 in <g_momonados::ququart_decision::DecisionArena>::reclaim ()
#195 0x000061c3e38d3b59 in <g_momonados::ququart_decision::DecisionArena>::reclaim ()
#196 0x000061c3e38d3b4e in <g_momonados::ququart_decision::DecisionArena>::reclaim ()
#197 0x000061c3e38d3b59 in <g_momonados::ququart_decision::DecisionArena>::reclaim ()
#198 0x000061c3e38d3b4e in <g_momonados::ququart_decision::DecisionArena>::reclaim ()
#199 0x000061c3e38d3b59 in <g_momonados::ququart_decision::DecisionArena>::reclaim ()
#200 0x000061c3e38d3b4e in <g_momonados::ququart_decision::DecisionArena>::reclaim ()
#201 0x000061c3e38d3b4e in <g_momonados::ququart_decision::DecisionArena>::reclaim ()
#202 0x000061c3e38d3b59 in <g_momonados::ququart_decision::DecisionArena>::reclaim ()
#203 0x000061c3e38d3b59 in <g_momonados::ququart_decision::DecisionArena>::reclaim ()
#204 0x000061c3e38d3b4e in <g_momonados::ququart_decision::DecisionArena>::reclaim ()
#205 0x000061c3e38d3b4e in <g_momonados::ququart_decision::DecisionArena>::reclaim ()
#206 0x000061c3e38d3b4e in <g_momonados::ququart_decision::DecisionArena>::reclaim ()
#207 0x000061c3e38d3b59 in <g_momonados::ququart_decision::DecisionArena>::reclaim ()
#208 0x000061c3e38d3b59 in <g_momonados::ququart_decision::DecisionArena>::reclaim ()
#209 0x000061c3e38d3b4e in <g_momonados::ququart_decision::DecisionArena>::reclaim ()
#210 0x000061c3e38d3b4e in <g_momonados::ququart_decision::DecisionArena>::reclaim ()
#211 0x000061c3e38d3b59 in <g_momonados::ququart_decision::DecisionArena>::reclaim ()
#212 0x000061c3e38d3b4e in <g_momonados::ququart_decision::DecisionArena>::reclaim ()
#213 0x000061c3e38d3b4e in <g_momonados::ququart_decision::DecisionArena>::reclaim ()
#214 0x000061c3e38d3b59 in <g_momonados::ququart_decision::DecisionArena>::reclaim ()
#215 0x000061c3e38d3b59 in <g_momonados::ququart_decision::DecisionArena>::reclaim ()
#216 0x000061c3e38d3b59 in <g_momonados::ququart_decision::DecisionArena>::reclaim ()
#217 0x000061c3e38d3b59 in <g_momonados::ququart_decision::DecisionArena>::reclaim ()
#218 0x000061c3e38d3b59 in <g_momonados::ququart_decision::DecisionArena>::reclaim ()
#219 0x000061c3e38d3b59 in <g_momonados::ququart_decision::DecisionArena>::reclaim ()
#220 0x000061c3e38d3b4e in <g_momonados::ququart_decision::DecisionArena>::reclaim ()
#221 0x000061c3e38d3b59 in <g_momonados::ququart_decision::DecisionArena>::reclaim ()
#222 0x000061c3e38d3b59 in <g_momonados::ququart_decision::DecisionArena>::reclaim ()
#223 0x000061c3e38d3b59 in <g_momonados::ququart_decision::DecisionArena>::reclaim ()
#224 0x000061c3e38d3b59 in <g_momonados::ququart_decision::DecisionArena>::reclaim ()
#225 0x000061c3e38d3b59 in <g_momonados::ququart_decision::DecisionArena>::reclaim ()
#226 0x000061c3e38d3b59 in <g_momonados::ququart_decision::DecisionArena>::reclaim ()
#227 0x000061c3e38d3b4e in <g_momonados::ququart_decision::DecisionArena>::reclaim ()
#228 0x000061c3e38d3b4e in <g_momonados::ququart_decision::DecisionArena>::reclaim ()
#229 0x000061c3e38d3b4e in <g_momonados::ququart_decision::DecisionArena>::reclaim ()
#230 0x000061c3e38d3b59 in <g_momonados::ququart_decision::DecisionArena>::reclaim ()
#231 0x000061c3e38d3b4e in <g_momonados::ququart_decision::DecisionArena>::reclaim ()
#232 0x000061c3e38d3b4e in <g_momonados::ququart_decision::DecisionArena>::reclaim ()
#233 0x000061c3e38d3b59 in <g_momonados::ququart_decision::DecisionArena>::reclaim ()
#234 0x000061c3e38d3b4e in <g_momonados::ququart_decision::DecisionArena>::reclaim ()
#235 0x000061c3e38d3b59 in <g_momonados::ququart_decision::DecisionArena>::reclaim ()
#236 0x000061c3e38d3b59 in <g_momonados::ququart_decision::DecisionArena>::reclaim ()
#237 0x000061c3e38d3b59 in <g_momonados::ququart_decision::DecisionArena>::reclaim ()
#238 0x000061c3e38d3b59 in <g_momonados::ququart_decision::DecisionArena>::reclaim ()
#239 0x000061c3e38d3b4e in <g_momonados::ququart_decision::DecisionArena>::reclaim ()
#240 0x000061c3e38d3b59 in <g_momonados::ququart_decision::DecisionArena>::reclaim ()
#241 0x000061c3e38d3b59 in <g_momonados::ququart_decision::DecisionArena>::reclaim ()
#242 0x000061c3e38d3b59 in <g_momonados::ququart_decision::DecisionArena>::reclaim ()
#243 0x000061c3e38d3b59 in <g_momonados::ququart_decision::DecisionArena>::reclaim ()
#244 0x000061c3e38d3b4e in <g_momonados::ququart_decision::DecisionArena>::reclaim ()
#245 0x000061c3e38d3b59 in <g_momonados::ququart_decision::DecisionArena>::reclaim ()
#246 0x000061c3e38d3b4e in <g_momonados::ququart_decision::DecisionArena>::reclaim ()
#247 0x000061c3e38d3b59 in <g_momonados::ququart_decision::DecisionArena>::reclaim ()
#248 0x000061c3e38d3b4e in <g_momonados::ququart_decision::DecisionArena>::reclaim ()
#249 0x000061c3e38d3b4e in <g_momonados::ququart_decision::DecisionArena>::reclaim ()
#250 0x000061c3e38d3b59 in <g_momonados::ququart_decision::DecisionArena>::reclaim ()
#251 0x000061c3e38d3b4e in <g_momonados::ququart_decision::DecisionArena>::reclaim ()
#252 0x000061c3e38d3b4e in <g_momonados::ququart_decision::DecisionArena>::reclaim ()
#253 0x000061c3e38d3b4e in <g_momonados::ququart_decision::DecisionArena>::reclaim ()
#254 0x000061c3e38d3b4e in <g_momonados::ququart_decision::DecisionArena>::reclaim ()
#255 0x000061c3e38d3b4e in <g_momonados::ququart_decision::DecisionArena>::reclaim ()
#256 0x000061c3e38cb2c3 in <g_momonados::ququart_decision::DecisionArena>::fold ()
#257 0x000061c3e38cab7d in <g_momonados::ququart_folded_work::QuquartFoldedWorkDevice>::apply_nested ()
#258 0x000061c3e38f4007 in <g_momonados::ququart_folded_work::QuquartFoldedWorkDevice as g_momonados::ququart_factor::QuquartPhaseDevice>::controlled_multiply ()
#259 0x000061c3e38b6ae5 in <g_momonados::ququart_factor::QuquartFactorExecutor<g_momonados::ququart_folded_work::QuquartFoldedWorkDevice>>::shot ()
#260 0x000061c3e38b40ec in ququart_factor_baked::execute ()
#261 0x000061c3e38b0f40 in ququart_factor_baked::main ()
#262 0x000061c3e38ae65d in std::sys::backtrace::__rust_begin_short_backtrace::<fn(), ()> ()
#263 0x000061c3e38bef91 in main ()
[Inferior 1 (process 58661) killed]
