Breakpoint 1 at 0x22f768
[Thread debugging using libthread_db enabled]
Using host libthread_db library "/lib/x86_64-linux-gnu/libthread_db.so.1".
[Detaching after vfork from child process 8909]
[New Thread 0x75894bdff640 (LWP 8910)]
[Thread 0x75894bdff640 (LWP 8910) exited]
[Detaching after vfork from child process 8929]
[New Thread 0x75894bdff640 (LWP 8930)]
[Thread 0x75894bdff640 (LWP 8930) exited]
ququart_controlled_stage_entered=1
ququart_controlled_stage_entered=2
ququart_controlled_stage_entered=3

Thread 1 "membrane" received signal SIGINT, Interrupt.
0x00005e02e180983a in <g_momonados::ququart_decision::DecisionArena>::reclaim ()
terminal_or_cutoff_debug_stop
	Using the running image of child Thread 0x75894c1c9bc0 (LWP 8906).
Program stopped at 0x5e02e180983a.
It stopped with signal SIGINT, Interrupt.
rip            0x5e02e180983a      0x5e02e180983a <<g_momonados::ququart_decision::DecisionArena>::reclaim+61>
process 8906
Mapped address spaces:

          Start Addr           End Addr       Size     Offset  Perms  objfile
      0x5e02e15fa000     0x5e02e17e3000   0x1e9000        0x0  r--p   /home/mrnob0dy666/imsgct/G-mOMonadOS/membranes/ququart_wider_320_dynamic_retry_radix4_20261005/membrane
      0x5e02e17e3000     0x5e02e187f000    0x9c000   0x1e8000  r-xp   /home/mrnob0dy666/imsgct/G-mOMonadOS/membranes/ququart_wider_320_dynamic_retry_radix4_20261005/membrane
      0x5e02e187f000     0x5e02e1883000     0x4000   0x283000  r--p   /home/mrnob0dy666/imsgct/G-mOMonadOS/membranes/ququart_wider_320_dynamic_retry_radix4_20261005/membrane
      0x5e02e1883000     0x5e02e1885000     0x2000   0x286000  rw-p   /home/mrnob0dy666/imsgct/G-mOMonadOS/membranes/ququart_wider_320_dynamic_retry_radix4_20261005/membrane
      0x5e02e3959000     0x5e02eacca000  0x7371000        0x0  rw-p   [heap]
      0x758941b7f000     0x758944000000  0x2481000        0x0  rw-p   
      0x758944000000     0x758944021000    0x21000        0x0  rw-p   
      0x758944021000     0x758948000000  0x3fdf000        0x0  ---p   
      0x758948a69000     0x75894986a000   0xe01000        0x0  rw-p   
      0x75894986a000     0x75894a86b000  0x1001000        0x0  rw-p   
      0x75894bbff000     0x75894bc00000     0x1000        0x0  ---p   
      0x75894bc00000     0x75894be00000   0x200000        0x0  rw-p   
      0x75894be00000     0x75894be28000    0x28000        0x0  r--p   /usr/lib/x86_64-linux-gnu/libc.so.6
      0x75894be28000     0x75894bfbd000   0x195000    0x28000  r-xp   /usr/lib/x86_64-linux-gnu/libc.so.6
      0x75894bfbd000     0x75894c015000    0x58000   0x1bd000  r--p   /usr/lib/x86_64-linux-gnu/libc.so.6
      0x75894c015000     0x75894c016000     0x1000   0x215000  ---p   /usr/lib/x86_64-linux-gnu/libc.so.6
      0x75894c016000     0x75894c01a000     0x4000   0x215000  r--p   /usr/lib/x86_64-linux-gnu/libc.so.6
      0x75894c01a000     0x75894c01c000     0x2000   0x219000  rw-p   /usr/lib/x86_64-linux-gnu/libc.so.6
      0x75894c01c000     0x75894c029000     0xd000        0x0  rw-p   
      0x75894c1c9000     0x75894c1cb000     0x2000        0x0  rw-p   
      0x75894c1cb000     0x75894c1d9000     0xe000        0x0  r--p   /usr/lib/x86_64-linux-gnu/libm.so.6
      0x75894c1d9000     0x75894c255000    0x7c000     0xe000  r-xp   /usr/lib/x86_64-linux-gnu/libm.so.6
      0x75894c255000     0x75894c2b0000    0x5b000    0x8a000  r--p   /usr/lib/x86_64-linux-gnu/libm.so.6
      0x75894c2b0000     0x75894c2b1000     0x1000    0xe4000  r--p   /usr/lib/x86_64-linux-gnu/libm.so.6
      0x75894c2b1000     0x75894c2b2000     0x1000    0xe5000  rw-p   /usr/lib/x86_64-linux-gnu/libm.so.6
      0x75894c2b2000     0x75894c2b5000     0x3000        0x0  r--p   /usr/lib/x86_64-linux-gnu/libgcc_s.so.1
      0x75894c2b5000     0x75894c2cc000    0x17000     0x3000  r-xp   /usr/lib/x86_64-linux-gnu/libgcc_s.so.1
      0x75894c2cc000     0x75894c2d0000     0x4000    0x1a000  r--p   /usr/lib/x86_64-linux-gnu/libgcc_s.so.1
      0x75894c2d0000     0x75894c2d1000     0x1000    0x1d000  r--p   /usr/lib/x86_64-linux-gnu/libgcc_s.so.1
      0x75894c2d1000     0x75894c2d2000     0x1000    0x1e000  rw-p   /usr/lib/x86_64-linux-gnu/libgcc_s.so.1
      0x75894c2e8000     0x75894c2e9000     0x1000        0x0  ---p   
      0x75894c2e9000     0x75894c2ed000     0x4000        0x0  rw-p   
      0x75894c2ed000     0x75894c2ef000     0x2000        0x0  r--p   /usr/lib/x86_64-linux-gnu/ld-linux-x86-64.so.2
      0x75894c2ef000     0x75894c319000    0x2a000     0x2000  r-xp   /usr/lib/x86_64-linux-gnu/ld-linux-x86-64.so.2
      0x75894c319000     0x75894c324000     0xb000    0x2c000  r--p   /usr/lib/x86_64-linux-gnu/ld-linux-x86-64.so.2
      0x75894c325000     0x75894c327000     0x2000    0x37000  r--p   /usr/lib/x86_64-linux-gnu/ld-linux-x86-64.so.2
      0x75894c327000     0x75894c329000     0x2000    0x39000  rw-p   /usr/lib/x86_64-linux-gnu/ld-linux-x86-64.so.2
      0x7ffe07a51000     0x7ffe07ad5000    0x84000        0x0  rw-p   [stack]
      0x7ffe07ae0000     0x7ffe07ae4000     0x4000        0x0  r--p   [vvar]
      0x7ffe07ae4000     0x7ffe07ae6000     0x2000        0x0  r-xp   [vdso]
#0  0x00005e02e180983a in <g_momonados::ququart_decision::DecisionArena>::reclaim ()
#1  0x00005e02e1809b39 in <g_momonados::ququart_decision::DecisionArena>::reclaim ()
#2  0x00005e02e1809b39 in <g_momonados::ququart_decision::DecisionArena>::reclaim ()
#3  0x00005e02e1809b39 in <g_momonados::ququart_decision::DecisionArena>::reclaim ()
#4  0x00005e02e1809b39 in <g_momonados::ququart_decision::DecisionArena>::reclaim ()
#5  0x00005e02e1809b39 in <g_momonados::ququart_decision::DecisionArena>::reclaim ()
#6  0x00005e02e1809b39 in <g_momonados::ququart_decision::DecisionArena>::reclaim ()
#7  0x00005e02e1809b39 in <g_momonados::ququart_decision::DecisionArena>::reclaim ()
#8  0x00005e02e1809b39 in <g_momonados::ququart_decision::DecisionArena>::reclaim ()
#9  0x00005e02e1809b39 in <g_momonados::ququart_decision::DecisionArena>::reclaim ()
#10 0x00005e02e1809b39 in <g_momonados::ququart_decision::DecisionArena>::reclaim ()
#11 0x00005e02e1809b2e in <g_momonados::ququart_decision::DecisionArena>::reclaim ()
#12 0x00005e02e1809b2e in <g_momonados::ququart_decision::DecisionArena>::reclaim ()
#13 0x00005e02e1809b39 in <g_momonados::ququart_decision::DecisionArena>::reclaim ()
#14 0x00005e02e1809b39 in <g_momonados::ququart_decision::DecisionArena>::reclaim ()
#15 0x00005e02e1809b2e in <g_momonados::ququart_decision::DecisionArena>::reclaim ()
#16 0x00005e02e1809b2e in <g_momonados::ququart_decision::DecisionArena>::reclaim ()
#17 0x00005e02e1809b39 in <g_momonados::ququart_decision::DecisionArena>::reclaim ()
#18 0x00005e02e1809b2e in <g_momonados::ququart_decision::DecisionArena>::reclaim ()
#19 0x00005e02e1809b2e in <g_momonados::ququart_decision::DecisionArena>::reclaim ()
#20 0x00005e02e1809b39 in <g_momonados::ququart_decision::DecisionArena>::reclaim ()
#21 0x00005e02e1809b2e in <g_momonados::ququart_decision::DecisionArena>::reclaim ()
#22 0x00005e02e1809b2e in <g_momonados::ququart_decision::DecisionArena>::reclaim ()
#23 0x00005e02e1809b39 in <g_momonados::ququart_decision::DecisionArena>::reclaim ()
#24 0x00005e02e1809b39 in <g_momonados::ququart_decision::DecisionArena>::reclaim ()
#25 0x00005e02e1809b39 in <g_momonados::ququart_decision::DecisionArena>::reclaim ()
#26 0x00005e02e1809b2e in <g_momonados::ququart_decision::DecisionArena>::reclaim ()
#27 0x00005e02e1809b2e in <g_momonados::ququart_decision::DecisionArena>::reclaim ()
#28 0x00005e02e1809b39 in <g_momonados::ququart_decision::DecisionArena>::reclaim ()
#29 0x00005e02e1809b39 in <g_momonados::ququart_decision::DecisionArena>::reclaim ()
#30 0x00005e02e1809b2e in <g_momonados::ququart_decision::DecisionArena>::reclaim ()
#31 0x00005e02e1809b39 in <g_momonados::ququart_decision::DecisionArena>::reclaim ()
#32 0x00005e02e1809b39 in <g_momonados::ququart_decision::DecisionArena>::reclaim ()
#33 0x00005e02e1809b39 in <g_momonados::ququart_decision::DecisionArena>::reclaim ()
#34 0x00005e02e1809b39 in <g_momonados::ququart_decision::DecisionArena>::reclaim ()
#35 0x00005e02e1809b39 in <g_momonados::ququart_decision::DecisionArena>::reclaim ()
#36 0x00005e02e1809b39 in <g_momonados::ququart_decision::DecisionArena>::reclaim ()
#37 0x00005e02e1809b39 in <g_momonados::ququart_decision::DecisionArena>::reclaim ()
#38 0x00005e02e1809b39 in <g_momonados::ququart_decision::DecisionArena>::reclaim ()
#39 0x00005e02e1809b2e in <g_momonados::ququart_decision::DecisionArena>::reclaim ()
#40 0x00005e02e1809b2e in <g_momonados::ququart_decision::DecisionArena>::reclaim ()
#41 0x00005e02e1809b39 in <g_momonados::ququart_decision::DecisionArena>::reclaim ()
#42 0x00005e02e1809b2e in <g_momonados::ququart_decision::DecisionArena>::reclaim ()
#43 0x00005e02e1809b2e in <g_momonados::ququart_decision::DecisionArena>::reclaim ()
#44 0x00005e02e1809b2e in <g_momonados::ququart_decision::DecisionArena>::reclaim ()
#45 0x00005e02e1809b39 in <g_momonados::ququart_decision::DecisionArena>::reclaim ()
#46 0x00005e02e1809b2e in <g_momonados::ququart_decision::DecisionArena>::reclaim ()
#47 0x00005e02e1809b39 in <g_momonados::ququart_decision::DecisionArena>::reclaim ()
#48 0x00005e02e1809b2e in <g_momonados::ququart_decision::DecisionArena>::reclaim ()
#49 0x00005e02e1809b2e in <g_momonados::ququart_decision::DecisionArena>::reclaim ()
#50 0x00005e02e1809b39 in <g_momonados::ququart_decision::DecisionArena>::reclaim ()
#51 0x00005e02e1809b2e in <g_momonados::ququart_decision::DecisionArena>::reclaim ()
#52 0x00005e02e1809b2e in <g_momonados::ququart_decision::DecisionArena>::reclaim ()
#53 0x00005e02e1809b2e in <g_momonados::ququart_decision::DecisionArena>::reclaim ()
#54 0x00005e02e1809b2e in <g_momonados::ququart_decision::DecisionArena>::reclaim ()
#55 0x00005e02e1809b2e in <g_momonados::ququart_decision::DecisionArena>::reclaim ()
#56 0x00005e02e1809b39 in <g_momonados::ququart_decision::DecisionArena>::reclaim ()
#57 0x00005e02e1809b39 in <g_momonados::ququart_decision::DecisionArena>::reclaim ()
#58 0x00005e02e1809b2e in <g_momonados::ququart_decision::DecisionArena>::reclaim ()
#59 0x00005e02e1809b39 in <g_momonados::ququart_decision::DecisionArena>::reclaim ()
#60 0x00005e02e1809b39 in <g_momonados::ququart_decision::DecisionArena>::reclaim ()
#61 0x00005e02e1809b39 in <g_momonados::ququart_decision::DecisionArena>::reclaim ()
#62 0x00005e02e1809b39 in <g_momonados::ququart_decision::DecisionArena>::reclaim ()
#63 0x00005e02e1809b2e in <g_momonados::ququart_decision::DecisionArena>::reclaim ()
#64 0x00005e02e1809b2e in <g_momonados::ququart_decision::DecisionArena>::reclaim ()
#65 0x00005e02e1809b39 in <g_momonados::ququart_decision::DecisionArena>::reclaim ()
#66 0x00005e02e1809b39 in <g_momonados::ququart_decision::DecisionArena>::reclaim ()
#67 0x00005e02e1809b39 in <g_momonados::ququart_decision::DecisionArena>::reclaim ()
#68 0x00005e02e1809b39 in <g_momonados::ququart_decision::DecisionArena>::reclaim ()
#69 0x00005e02e1809b39 in <g_momonados::ququart_decision::DecisionArena>::reclaim ()
#70 0x00005e02e1809b2e in <g_momonados::ququart_decision::DecisionArena>::reclaim ()
#71 0x00005e02e1809b39 in <g_momonados::ququart_decision::DecisionArena>::reclaim ()
#72 0x00005e02e1809b2e in <g_momonados::ququart_decision::DecisionArena>::reclaim ()
#73 0x00005e02e1809b39 in <g_momonados::ququart_decision::DecisionArena>::reclaim ()
#74 0x00005e02e1809b39 in <g_momonados::ququart_decision::DecisionArena>::reclaim ()
#75 0x00005e02e1809b39 in <g_momonados::ququart_decision::DecisionArena>::reclaim ()
#76 0x00005e02e1809b39 in <g_momonados::ququart_decision::DecisionArena>::reclaim ()
#77 0x00005e02e1809b39 in <g_momonados::ququart_decision::DecisionArena>::reclaim ()
#78 0x00005e02e1809b39 in <g_momonados::ququart_decision::DecisionArena>::reclaim ()
#79 0x00005e02e1809b39 in <g_momonados::ququart_decision::DecisionArena>::reclaim ()
#80 0x00005e02e1809b2e in <g_momonados::ququart_decision::DecisionArena>::reclaim ()
#81 0x00005e02e1809b2e in <g_momonados::ququart_decision::DecisionArena>::reclaim ()
#82 0x00005e02e1809b39 in <g_momonados::ququart_decision::DecisionArena>::reclaim ()
#83 0x00005e02e1809b2e in <g_momonados::ququart_decision::DecisionArena>::reclaim ()
#84 0x00005e02e1809b39 in <g_momonados::ququart_decision::DecisionArena>::reclaim ()
#85 0x00005e02e1809b39 in <g_momonados::ququart_decision::DecisionArena>::reclaim ()
#86 0x00005e02e1809b2e in <g_momonados::ququart_decision::DecisionArena>::reclaim ()
#87 0x00005e02e1809b2e in <g_momonados::ququart_decision::DecisionArena>::reclaim ()
#88 0x00005e02e1809b39 in <g_momonados::ququart_decision::DecisionArena>::reclaim ()
#89 0x00005e02e1809b2e in <g_momonados::ququart_decision::DecisionArena>::reclaim ()
#90 0x00005e02e1809b39 in <g_momonados::ququart_decision::DecisionArena>::reclaim ()
#91 0x00005e02e1809b39 in <g_momonados::ququart_decision::DecisionArena>::reclaim ()
#92 0x00005e02e1809b39 in <g_momonados::ququart_decision::DecisionArena>::reclaim ()
#93 0x00005e02e1809b2e in <g_momonados::ququart_decision::DecisionArena>::reclaim ()
#94 0x00005e02e1809b39 in <g_momonados::ququart_decision::DecisionArena>::reclaim ()
#95 0x00005e02e1809b2e in <g_momonados::ququart_decision::DecisionArena>::reclaim ()
#96 0x00005e02e1809b2e in <g_momonados::ququart_decision::DecisionArena>::reclaim ()
#97 0x00005e02e1809b39 in <g_momonados::ququart_decision::DecisionArena>::reclaim ()
#98 0x00005e02e1809b2e in <g_momonados::ququart_decision::DecisionArena>::reclaim ()
#99 0x00005e02e1809b2e in <g_momonados::ququart_decision::DecisionArena>::reclaim ()
#100 0x00005e02e1809b2e in <g_momonados::ququart_decision::DecisionArena>::reclaim ()
#101 0x00005e02e1809b39 in <g_momonados::ququart_decision::DecisionArena>::reclaim ()
#102 0x00005e02e1809b39 in <g_momonados::ququart_decision::DecisionArena>::reclaim ()
#103 0x00005e02e1809b39 in <g_momonados::ququart_decision::DecisionArena>::reclaim ()
#104 0x00005e02e1809b39 in <g_momonados::ququart_decision::DecisionArena>::reclaim ()
#105 0x00005e02e1809b39 in <g_momonados::ququart_decision::DecisionArena>::reclaim ()
#106 0x00005e02e1809b2e in <g_momonados::ququart_decision::DecisionArena>::reclaim ()
#107 0x00005e02e1809b39 in <g_momonados::ququart_decision::DecisionArena>::reclaim ()
#108 0x00005e02e1809b39 in <g_momonados::ququart_decision::DecisionArena>::reclaim ()
#109 0x00005e02e1809b2e in <g_momonados::ququart_decision::DecisionArena>::reclaim ()
#110 0x00005e02e1809b2e in <g_momonados::ququart_decision::DecisionArena>::reclaim ()
#111 0x00005e02e1809b39 in <g_momonados::ququart_decision::DecisionArena>::reclaim ()
#112 0x00005e02e1809b2e in <g_momonados::ququart_decision::DecisionArena>::reclaim ()
#113 0x00005e02e1809b2e in <g_momonados::ququart_decision::DecisionArena>::reclaim ()
#114 0x00005e02e1809b39 in <g_momonados::ququart_decision::DecisionArena>::reclaim ()
#115 0x00005e02e1809b2e in <g_momonados::ququart_decision::DecisionArena>::reclaim ()
#116 0x00005e02e1809b39 in <g_momonados::ququart_decision::DecisionArena>::reclaim ()
#117 0x00005e02e1809b2e in <g_momonados::ququart_decision::DecisionArena>::reclaim ()
#118 0x00005e02e1809b39 in <g_momonados::ququart_decision::DecisionArena>::reclaim ()
#119 0x00005e02e1809b2e in <g_momonados::ququart_decision::DecisionArena>::reclaim ()
#120 0x00005e02e1809b2e in <g_momonados::ququart_decision::DecisionArena>::reclaim ()
#121 0x00005e02e1809b39 in <g_momonados::ququart_decision::DecisionArena>::reclaim ()
#122 0x00005e02e1809b39 in <g_momonados::ququart_decision::DecisionArena>::reclaim ()
#123 0x00005e02e1809b2e in <g_momonados::ququart_decision::DecisionArena>::reclaim ()
#124 0x00005e02e1809b39 in <g_momonados::ququart_decision::DecisionArena>::reclaim ()
#125 0x00005e02e1809b2e in <g_momonados::ququart_decision::DecisionArena>::reclaim ()
#126 0x00005e02e1809b39 in <g_momonados::ququart_decision::DecisionArena>::reclaim ()
#127 0x00005e02e1809b39 in <g_momonados::ququart_decision::DecisionArena>::reclaim ()
#128 0x00005e02e1809b2e in <g_momonados::ququart_decision::DecisionArena>::reclaim ()
#129 0x00005e02e1809b2e in <g_momonados::ququart_decision::DecisionArena>::reclaim ()
#130 0x00005e02e1809b39 in <g_momonados::ququart_decision::DecisionArena>::reclaim ()
#131 0x00005e02e1809b39 in <g_momonados::ququart_decision::DecisionArena>::reclaim ()
#132 0x00005e02e1809b39 in <g_momonados::ququart_decision::DecisionArena>::reclaim ()
#133 0x00005e02e1809b39 in <g_momonados::ququart_decision::DecisionArena>::reclaim ()
#134 0x00005e02e1809b39 in <g_momonados::ququart_decision::DecisionArena>::reclaim ()
#135 0x00005e02e1809b39 in <g_momonados::ququart_decision::DecisionArena>::reclaim ()
#136 0x00005e02e1809b2e in <g_momonados::ququart_decision::DecisionArena>::reclaim ()
#137 0x00005e02e1809b39 in <g_momonados::ququart_decision::DecisionArena>::reclaim ()
#138 0x00005e02e1809b39 in <g_momonados::ququart_decision::DecisionArena>::reclaim ()
#139 0x00005e02e1809b2e in <g_momonados::ququart_decision::DecisionArena>::reclaim ()
#140 0x00005e02e1809b2e in <g_momonados::ququart_decision::DecisionArena>::reclaim ()
#141 0x00005e02e1809b2e in <g_momonados::ququart_decision::DecisionArena>::reclaim ()
#142 0x00005e02e1809b39 in <g_momonados::ququart_decision::DecisionArena>::reclaim ()
#143 0x00005e02e1809b39 in <g_momonados::ququart_decision::DecisionArena>::reclaim ()
#144 0x00005e02e1809b2e in <g_momonados::ququart_decision::DecisionArena>::reclaim ()
#145 0x00005e02e1809b39 in <g_momonados::ququart_decision::DecisionArena>::reclaim ()
#146 0x00005e02e1809b39 in <g_momonados::ququart_decision::DecisionArena>::reclaim ()
#147 0x00005e02e1809b39 in <g_momonados::ququart_decision::DecisionArena>::reclaim ()
#148 0x00005e02e1809b2e in <g_momonados::ququart_decision::DecisionArena>::reclaim ()
#149 0x00005e02e1809b39 in <g_momonados::ququart_decision::DecisionArena>::reclaim ()
#150 0x00005e02e1809b2e in <g_momonados::ququart_decision::DecisionArena>::reclaim ()
#151 0x00005e02e1809b2e in <g_momonados::ququart_decision::DecisionArena>::reclaim ()
#152 0x00005e02e1809b2e in <g_momonados::ququart_decision::DecisionArena>::reclaim ()
#153 0x00005e02e1809b39 in <g_momonados::ququart_decision::DecisionArena>::reclaim ()
#154 0x00005e02e1809b39 in <g_momonados::ququart_decision::DecisionArena>::reclaim ()
#155 0x00005e02e1801308 in <g_momonados::ququart_decision::DecisionArena>::fold ()
#156 0x00005e02e1800b5d in <g_momonados::ququart_folded_work::QuquartFoldedWorkDevice>::apply_nested ()
#157 0x00005e02e17ff5c8 in <g_momonados::reversible_modular::ModularMultiply>::emit_ququart_nested_radix::<<g_momonados::ququart_folded_work::QuquartFoldedWorkDevice as g_momonados::ququart_factor::QuquartPhaseDevice>::controlled_multiply::{closure#2}>::{closure#1} ()
#158 0x00005e02e182b05b in <g_momonados::ququart_folded_work::QuquartFoldedWorkDevice as g_momonados::ququart_factor::QuquartPhaseDevice>::controlled_multiply ()
#159 0x00005e02e17ecab8 in <g_momonados::ququart_factor::QuquartFactorExecutor<g_momonados::ququart_folded_work::QuquartFoldedWorkDevice>>::shot ()
#160 0x00005e02e17ea0a8 in ququart_factor_baked::execute ()
#161 0x00005e02e17e6e40 in ququart_factor_baked::main ()
#162 0x00005e02e17e455d in std::sys::backtrace::__rust_begin_short_backtrace::<fn(), ()> ()
#163 0x00005e02e17f4f71 in main ()
[Inferior 1 (process 8906) killed]
