[2;37m[boot][0m Interrupts: none — the host owns the IDT, no periodic slot
[2;37m[boot][0m Heap: host allocator, 1484 bytes counted, 48MB declared budget
[2;37m[boot][0m IG Catalog: 8682 entries loaded
[2;37m[boot][0m Kernel online — graph execution, token-arity driven
[2;37m[boot][0m Canonical ordinal check...
[2;37m[boot][0m Ordinal faithfulness: [1;32mall 44 values match Lean canonical[0m
[2;37m[boot][0m Clay Millennium status: 2 closed, 1 one-bump-short, 3 unclosed
[2;37m[boot][0m SIC-POVM d=12: Crystal-forced (dual lattice), Shavian count 49=7², WH group |orbit|=144
[2;37m[boot][0m Frobenius identity check...
[2;37m[boot][0m Frobenius identity: hamming=3, weighted=3.1000 — kernel is grammar operationalized
[2;37m[boot][0m Bootstrap: IMSCRIB→AREV→FSPLIT→AFWD→FFUSE→CLINK→IFIX→IMSCRIB (cyclic)
                       F unitary: PASS
  Pentagon form (F^2=I, anti-diag, a^2+b^2=1): PASS
            Braid relation (Y-B): PASS
                 Spin-statistics: PASS
                       S unitary: PASS
        Charge conjugation S^2=I: PASS
                 TQFT identities: PASS
                Verlinde formula: PASS
              Braid Artin B_n<=8: PASS
  Phase lattice = tenths of a winding: PASS
    Constants derivable from PHI: PASS
[2;37m[boot][0m Fibonacci anyon QC: algebra verified = true
[36m[TORUS][0m kernel wound: ⊢⊙∈⊤⋈∋⊡⊞≺⋈⊣  (11 tokens, pinch=0.0000)
[2;37m[boot][0m Crystal FS: 17280000 addresses
[2;37m[boot][0m 29 total programs (I–XXIX): 12 canonical + 4 continuous + 4 novel + 9 shunted


   [1;35m⊙[0m   [1;37mG-mOMonadOS[0m
   [2;37mGPU-native build, mOMonadOS ported to run via CUDA[0m
   [1;33mμ∘δ = id[0m

   [2;37mFrobenius core · Belnap FOUR · crystal FS · graph execution[0m

   [1;34mhelp[0m for commands, [1;34m?[0m for the menu, Tab completes.

   [1;34mask[0m runs a structural dry-run here; the full wet-run is on the host:
   [2;37m./ask --file <path> | ./ask --ask "…" | ./ask -i[0m

⊙> gpu_kernel selector_relation 10309995 12 1024 8
selector: compacted 1024 decision nodes down to 442 live, storage still 1024
selector: compacted 1024 decision nodes down to 473 live, storage still 1024
selector: compacted 1024 decision nodes down to 504 live, storage still 1024
selector: compacted 1024 decision nodes down to 620 live, storage still 1024
selector: compacted 1024 decision nodes down to 474 live, storage still 1024
selector: compacted 1024 decision nodes down to 643 live, storage still 1024
selector: compacted 1024 decision nodes down to 669 live, storage still 1024
selector: compacted 1024 decision nodes down to 693 live, storage still 1024
selector: compacted 1024 decision nodes down to 802 live, storage still 1024
selector: compacted 1024 decision nodes down to 834 live, storage still 1024
selector: compacted 1024 decision nodes down to 812 live, storage still 1024
selector: compacted 1024 decision nodes down to 925 live, storage still 1024
selector: compacted 1024 decision nodes down to 795 live, storage still 1024
selector: compacted 1024 decision nodes down to 821 live, storage still 1024
selector: compacted 1024 decision nodes down to 837 live, storage still 1024
selector: compacted 1024 decision nodes down to 881 live, storage still 1024
selector: compacted 1024 decision nodes down to 779 live, storage still 1024
selector: compacted 1024 decision nodes down to 745 live, storage still 1024
selector: compacted 1024 decision nodes down to 754 live, storage still 1024
selector: compacted 1024 decision nodes down to 839 live, storage still 1024
selector: compacted 1024 decision nodes down to 803 live, storage still 1024
selector: compacted 1024 decision nodes down to 805 live, storage still 1024
selector: compacted 1024 decision nodes down to 793 live, storage still 1024
selector: compacted 1024 decision nodes down to 918 live, storage still 1024
selector: compacted 1024 decision nodes down to 921 live, storage still 1024
selector: compacted 1024 decision nodes down to 857 live, storage still 1024
selector: compacted 1024 decision nodes down to 977 live, storage still 1024
selector: compacted 1024 decision nodes down to 941 live, storage still 1024
selector: compacted 1024 decision nodes down to 902 live, storage still 1024
selector: compacted 1024 decision nodes down to 922 live, storage still 1024
selector: compacted 1024 decision nodes down to 895 live, storage still 1024
selector: compacted 1024 decision nodes down to 1009 live, storage still 1024
selector: preserving 1023 decision nodes; growing storage to 2048 nodes
selector: compacted 2048 decision nodes down to 1118 live, storage still 2048
selector: compacted 2048 decision nodes down to 1135 live, storage still 2048
selector: compacted 2048 decision nodes down to 933 live, storage still 2048
selector: compacted 2048 decision nodes down to 897 live, storage still 2048
selector: compacted 2048 decision nodes down to 1169 live, storage still 2048
selector: compacted 2048 decision nodes down to 1392 live, storage still 2048
selector: compacted 2048 decision nodes down to 1319 live, storage still 2048
selector: compacted 2048 decision nodes down to 1445 live, storage still 2048
selector: compacted 2048 decision nodes down to 1633 live, storage still 2048
selector: compacted 2048 decision nodes down to 1559 live, storage still 2048
selector: compacted 2048 decision nodes down to 1892 live, storage still 2048
selector: compacted 2048 decision nodes down to 1893 live, storage still 2048
selector: preserving 2047 decision nodes; growing storage to 4096 nodes
selector: compacted 4096 decision nodes down to 1878 live, storage still 4096
selector: compacted 4096 decision nodes down to 1903 live, storage still 4096
selector: compacted 4096 decision nodes down to 1673 live, storage still 4096
selector: compacted 4096 decision nodes down to 2036 live, storage still 4096
selector: compacted 4096 decision nodes down to 2470 live, storage still 4096
selector: compacted 4096 decision nodes down to 2473 live, storage still 4096
selector: compacted 4096 decision nodes down to 2793 live, storage still 4096
selector: compacted 4096 decision nodes down to 2910 live, storage still 4096
selector: compacted 4096 decision nodes down to 3176 live, storage still 4096
selector: compacted 4096 decision nodes down to 3132 live, storage still 4096
selector: compacted 4096 decision nodes down to 3300 live, storage still 4096
selector: compacted 4096 decision nodes down to 2600 live, storage still 4096
selector: compacted 4096 decision nodes down to 3143 live, storage still 4096
selector: compacted 4096 decision nodes down to 3329 live, storage still 4096
selector: compacted 4096 decision nodes down to 2645 live, storage still 4096
selector: compacted 4096 decision nodes down to 3068 live, storage still 4096
selector: compacted 4096 decision nodes down to 3402 live, storage still 4096
selector: compacted 4096 decision nodes down to 3324 live, storage still 4096
selector: compacted 4096 decision nodes down to 2586 live, storage still 4096
selector: compacted 4096 decision nodes down to 2532 live, storage still 4096
selector: compacted 4096 decision nodes down to 2938 live, storage still 4096
selector: compacted 4096 decision nodes down to 3184 live, storage still 4096
selector: compacted 4096 decision nodes down to 3379 live, storage still 4096
selector: compacted 4096 decision nodes down to 3088 live, storage still 4096
selector: compacted 4096 decision nodes down to 3575 live, storage still 4096
selector: compacted 4096 decision nodes down to 3293 live, storage still 4096
selector: compacted 4096 decision nodes down to 3430 live, storage still 4096
selector: compacted 4096 decision nodes down to 3822 live, storage still 4096
selector: compacted 4096 decision nodes down to 3777 live, storage still 4096
selector: compacted 4096 decision nodes down to 3568 live, storage still 4096
selector: compacted 4096 decision nodes down to 3737 live, storage still 4096
selector: compacted 4096 decision nodes down to 3914 live, storage still 4096
selector: compacted 4096 decision nodes down to 3855 live, storage still 4096
selector: compacted 4096 decision nodes down to 3661 live, storage still 4096
selector: compacted 4096 decision nodes down to 4024 live, storage still 4096
selector: preserving 4095 decision nodes; growing storage to 8192 nodes
selector: compacted 8192 decision nodes down to 3614 live, storage still 8192
selector: compacted 8192 decision nodes down to 3214 live, storage still 8192
selector: compacted 8192 decision nodes down to 3182 live, storage still 8192
selector: compacted 8192 decision nodes down to 3489 live, storage still 8192
selector: compacted 8192 decision nodes down to 1965 live, storage still 8192
selector: compacted 8192 decision nodes down to 1968 live, storage still 8192
selector: compacted 8192 decision nodes down to 1135 live, storage still 8192
symbolic product relation in run_nested: N=10309995 m=12
  process: ⊢⊙∈≻⊤≺⊥⋈⊞∋⊡⊣
  circuit operators=1841; IMASM nesting depth=8; nested mark ticks=220512; selection ticks=18432
  decision nodes=3536; graph reductions=1062778; 0.326549s
  factor-candidate loop: none; relation solutions=2; witness path nodes=24
  node storage=8192; storage growths=3; compactions=86; device launches=90
  10309995 = 3489 x 2955 (verified)
⊙> gpu_kernel selector_relation 10309995 12 1024 16
selector: compacted 1024 decision nodes down to 442 live, storage still 1024
selector: compacted 1024 decision nodes down to 473 live, storage still 1024
selector: compacted 1024 decision nodes down to 504 live, storage still 1024
selector: compacted 1024 decision nodes down to 620 live, storage still 1024
selector: compacted 1024 decision nodes down to 474 live, storage still 1024
selector: compacted 1024 decision nodes down to 643 live, storage still 1024
selector: compacted 1024 decision nodes down to 669 live, storage still 1024
selector: compacted 1024 decision nodes down to 693 live, storage still 1024
selector: compacted 1024 decision nodes down to 802 live, storage still 1024
selector: compacted 1024 decision nodes down to 834 live, storage still 1024
selector: compacted 1024 decision nodes down to 812 live, storage still 1024
selector: compacted 1024 decision nodes down to 925 live, storage still 1024
selector: compacted 1024 decision nodes down to 795 live, storage still 1024
selector: compacted 1024 decision nodes down to 821 live, storage still 1024
selector: compacted 1024 decision nodes down to 837 live, storage still 1024
selector: compacted 1024 decision nodes down to 881 live, storage still 1024
selector: compacted 1024 decision nodes down to 779 live, storage still 1024
selector: compacted 1024 decision nodes down to 745 live, storage still 1024
selector: compacted 1024 decision nodes down to 754 live, storage still 1024
selector: compacted 1024 decision nodes down to 839 live, storage still 1024
selector: compacted 1024 decision nodes down to 803 live, storage still 1024
selector: compacted 1024 decision nodes down to 805 live, storage still 1024
selector: compacted 1024 decision nodes down to 793 live, storage still 1024
selector: compacted 1024 decision nodes down to 918 live, storage still 1024
selector: compacted 1024 decision nodes down to 921 live, storage still 1024
selector: compacted 1024 decision nodes down to 857 live, storage still 1024
selector: compacted 1024 decision nodes down to 977 live, storage still 1024
selector: compacted 1024 decision nodes down to 941 live, storage still 1024
selector: compacted 1024 decision nodes down to 902 live, storage still 1024
selector: compacted 1024 decision nodes down to 922 live, storage still 1024
selector: compacted 1024 decision nodes down to 895 live, storage still 1024
selector: compacted 1024 decision nodes down to 1009 live, storage still 1024
selector: preserving 1023 decision nodes; growing storage to 2048 nodes
selector: compacted 2048 decision nodes down to 1118 live, storage still 2048
selector: compacted 2048 decision nodes down to 1135 live, storage still 2048
selector: compacted 2048 decision nodes down to 933 live, storage still 2048
selector: compacted 2048 decision nodes down to 897 live, storage still 2048
selector: compacted 2048 decision nodes down to 1169 live, storage still 2048
selector: compacted 2048 decision nodes down to 1392 live, storage still 2048
selector: compacted 2048 decision nodes down to 1319 live, storage still 2048
selector: compacted 2048 decision nodes down to 1445 live, storage still 2048
selector: compacted 2048 decision nodes down to 1633 live, storage still 2048
selector: compacted 2048 decision nodes down to 1559 live, storage still 2048
selector: compacted 2048 decision nodes down to 1892 live, storage still 2048
selector: compacted 2048 decision nodes down to 1893 live, storage still 2048
selector: preserving 2047 decision nodes; growing storage to 4096 nodes
selector: compacted 4096 decision nodes down to 1878 live, storage still 4096
selector: compacted 4096 decision nodes down to 1903 live, storage still 4096
selector: compacted 4096 decision nodes down to 1673 live, storage still 4096
selector: compacted 4096 decision nodes down to 2036 live, storage still 4096
selector: compacted 4096 decision nodes down to 2470 live, storage still 4096
selector: compacted 4096 decision nodes down to 2473 live, storage still 4096
selector: compacted 4096 decision nodes down to 2793 live, storage still 4096
selector: compacted 4096 decision nodes down to 2910 live, storage still 4096
selector: compacted 4096 decision nodes down to 3176 live, storage still 4096
selector: compacted 4096 decision nodes down to 3132 live, storage still 4096
selector: compacted 4096 decision nodes down to 3300 live, storage still 4096
selector: compacted 4096 decision nodes down to 2600 live, storage still 4096
selector: compacted 4096 decision nodes down to 3143 live, storage still 4096
selector: compacted 4096 decision nodes down to 3329 live, storage still 4096
selector: compacted 4096 decision nodes down to 2645 live, storage still 4096
selector: compacted 4096 decision nodes down to 3068 live, storage still 4096
selector: compacted 4096 decision nodes down to 3402 live, storage still 4096
selector: compacted 4096 decision nodes down to 3324 live, storage still 4096
selector: compacted 4096 decision nodes down to 2586 live, storage still 4096
selector: compacted 4096 decision nodes down to 2532 live, storage still 4096
selector: compacted 4096 decision nodes down to 2938 live, storage still 4096
selector: compacted 4096 decision nodes down to 3184 live, storage still 4096
selector: compacted 4096 decision nodes down to 3379 live, storage still 4096
selector: compacted 4096 decision nodes down to 3088 live, storage still 4096
selector: compacted 4096 decision nodes down to 3575 live, storage still 4096
selector: compacted 4096 decision nodes down to 3293 live, storage still 4096
selector: compacted 4096 decision nodes down to 3430 live, storage still 4096
selector: compacted 4096 decision nodes down to 3822 live, storage still 4096
selector: compacted 4096 decision nodes down to 3777 live, storage still 4096
selector: compacted 4096 decision nodes down to 3568 live, storage still 4096
selector: compacted 4096 decision nodes down to 3737 live, storage still 4096
selector: compacted 4096 decision nodes down to 3914 live, storage still 4096
selector: compacted 4096 decision nodes down to 3855 live, storage still 4096
selector: compacted 4096 decision nodes down to 3661 live, storage still 4096
selector: compacted 4096 decision nodes down to 4024 live, storage still 4096
selector: preserving 4095 decision nodes; growing storage to 8192 nodes
selector: compacted 8192 decision nodes down to 3614 live, storage still 8192
selector: compacted 8192 decision nodes down to 3214 live, storage still 8192
selector: compacted 8192 decision nodes down to 3182 live, storage still 8192
selector: compacted 8192 decision nodes down to 3489 live, storage still 8192
selector: compacted 8192 decision nodes down to 1965 live, storage still 8192
selector: compacted 8192 decision nodes down to 1968 live, storage still 8192
selector: compacted 8192 decision nodes down to 1135 live, storage still 8192
symbolic product relation in run_nested: N=10309995 m=12
  process: ⊢⊙∈≻⊤≺⊥⋈⊞∋⊡⊣
  circuit operators=1841; IMASM nesting depth=16; nested mark ticks=441024; selection ticks=36864
  decision nodes=3536; graph reductions=1062778; 0.301690s
  factor-candidate loop: none; relation solutions=2; witness path nodes=24
  node storage=8192; storage growths=3; compactions=86; device launches=90
  10309995 = 3489 x 2955 (verified)
⊙> gpu_kernel selector_relation 10309995 12 1024 32
selector: compacted 1024 decision nodes down to 442 live, storage still 1024
selector: compacted 1024 decision nodes down to 473 live, storage still 1024
selector: compacted 1024 decision nodes down to 504 live, storage still 1024
selector: compacted 1024 decision nodes down to 620 live, storage still 1024
selector: compacted 1024 decision nodes down to 474 live, storage still 1024
selector: compacted 1024 decision nodes down to 643 live, storage still 1024
selector: compacted 1024 decision nodes down to 669 live, storage still 1024
selector: compacted 1024 decision nodes down to 693 live, storage still 1024
selector: compacted 1024 decision nodes down to 802 live, storage still 1024
selector: compacted 1024 decision nodes down to 834 live, storage still 1024
selector: compacted 1024 decision nodes down to 812 live, storage still 1024
selector: compacted 1024 decision nodes down to 925 live, storage still 1024
selector: compacted 1024 decision nodes down to 795 live, storage still 1024
selector: compacted 1024 decision nodes down to 821 live, storage still 1024
selector: compacted 1024 decision nodes down to 837 live, storage still 1024
selector: compacted 1024 decision nodes down to 881 live, storage still 1024
selector: compacted 1024 decision nodes down to 779 live, storage still 1024
selector: compacted 1024 decision nodes down to 745 live, storage still 1024
selector: compacted 1024 decision nodes down to 754 live, storage still 1024
selector: compacted 1024 decision nodes down to 839 live, storage still 1024
selector: compacted 1024 decision nodes down to 803 live, storage still 1024
selector: compacted 1024 decision nodes down to 805 live, storage still 1024
selector: compacted 1024 decision nodes down to 793 live, storage still 1024
selector: compacted 1024 decision nodes down to 918 live, storage still 1024
selector: compacted 1024 decision nodes down to 921 live, storage still 1024
selector: compacted 1024 decision nodes down to 857 live, storage still 1024
selector: compacted 1024 decision nodes down to 977 live, storage still 1024
selector: compacted 1024 decision nodes down to 941 live, storage still 1024
selector: compacted 1024 decision nodes down to 902 live, storage still 1024
selector: compacted 1024 decision nodes down to 922 live, storage still 1024
selector: compacted 1024 decision nodes down to 895 live, storage still 1024
selector: compacted 1024 decision nodes down to 1009 live, storage still 1024
selector: preserving 1023 decision nodes; growing storage to 2048 nodes
selector: compacted 2048 decision nodes down to 1118 live, storage still 2048
selector: compacted 2048 decision nodes down to 1135 live, storage still 2048
selector: compacted 2048 decision nodes down to 933 live, storage still 2048
selector: compacted 2048 decision nodes down to 897 live, storage still 2048
selector: compacted 2048 decision nodes down to 1169 live, storage still 2048
selector: compacted 2048 decision nodes down to 1392 live, storage still 2048
selector: compacted 2048 decision nodes down to 1319 live, storage still 2048
selector: compacted 2048 decision nodes down to 1445 live, storage still 2048
selector: compacted 2048 decision nodes down to 1633 live, storage still 2048
selector: compacted 2048 decision nodes down to 1559 live, storage still 2048
selector: compacted 2048 decision nodes down to 1892 live, storage still 2048
selector: compacted 2048 decision nodes down to 1893 live, storage still 2048
selector: preserving 2047 decision nodes; growing storage to 4096 nodes
selector: compacted 4096 decision nodes down to 1878 live, storage still 4096
selector: compacted 4096 decision nodes down to 1903 live, storage still 4096
selector: compacted 4096 decision nodes down to 1673 live, storage still 4096
selector: compacted 4096 decision nodes down to 2036 live, storage still 4096
selector: compacted 4096 decision nodes down to 2470 live, storage still 4096
selector: compacted 4096 decision nodes down to 2473 live, storage still 4096
selector: compacted 4096 decision nodes down to 2793 live, storage still 4096
selector: compacted 4096 decision nodes down to 2910 live, storage still 4096
selector: compacted 4096 decision nodes down to 3176 live, storage still 4096
selector: compacted 4096 decision nodes down to 3132 live, storage still 4096
selector: compacted 4096 decision nodes down to 3300 live, storage still 4096
selector: compacted 4096 decision nodes down to 2600 live, storage still 4096
selector: compacted 4096 decision nodes down to 3143 live, storage still 4096
selector: compacted 4096 decision nodes down to 3329 live, storage still 4096
selector: compacted 4096 decision nodes down to 2645 live, storage still 4096
selector: compacted 4096 decision nodes down to 3068 live, storage still 4096
selector: compacted 4096 decision nodes down to 3402 live, storage still 4096
selector: compacted 4096 decision nodes down to 3324 live, storage still 4096
selector: compacted 4096 decision nodes down to 2586 live, storage still 4096
selector: compacted 4096 decision nodes down to 2532 live, storage still 4096
selector: compacted 4096 decision nodes down to 2938 live, storage still 4096
selector: compacted 4096 decision nodes down to 3184 live, storage still 4096
selector: compacted 4096 decision nodes down to 3379 live, storage still 4096
selector: compacted 4096 decision nodes down to 3088 live, storage still 4096
selector: compacted 4096 decision nodes down to 3575 live, storage still 4096
selector: compacted 4096 decision nodes down to 3293 live, storage still 4096
selector: compacted 4096 decision nodes down to 3430 live, storage still 4096
selector: compacted 4096 decision nodes down to 3822 live, storage still 4096
selector: compacted 4096 decision nodes down to 3777 live, storage still 4096
selector: compacted 4096 decision nodes down to 3568 live, storage still 4096
selector: compacted 4096 decision nodes down to 3737 live, storage still 4096
selector: compacted 4096 decision nodes down to 3914 live, storage still 4096
selector: compacted 4096 decision nodes down to 3855 live, storage still 4096
selector: compacted 4096 decision nodes down to 3661 live, storage still 4096
selector: compacted 4096 decision nodes down to 4024 live, storage still 4096
selector: preserving 4095 decision nodes; growing storage to 8192 nodes
selector: compacted 8192 decision nodes down to 3614 live, storage still 8192
selector: compacted 8192 decision nodes down to 3214 live, storage still 8192
selector: compacted 8192 decision nodes down to 3182 live, storage still 8192
selector: compacted 8192 decision nodes down to 3489 live, storage still 8192
selector: compacted 8192 decision nodes down to 1965 live, storage still 8192
selector: compacted 8192 decision nodes down to 1968 live, storage still 8192
selector: compacted 8192 decision nodes down to 1135 live, storage still 8192
symbolic product relation in run_nested: N=10309995 m=12
  process: ⊢⊙∈≻⊤≺⊥⋈⊞∋⊡⊣
  circuit operators=1841; IMASM nesting depth=32; nested mark ticks=882048; selection ticks=73728
  decision nodes=3536; graph reductions=1062778; 0.298423s
  factor-candidate loop: none; relation solutions=2; witness path nodes=24
  node storage=8192; storage growths=3; compactions=86; device launches=90
  10309995 = 3489 x 2955 (verified)
⊙> gpu_kernel selector_relation 10309995 12 1024 64
selector: compacted 1024 decision nodes down to 442 live, storage still 1024
selector: compacted 1024 decision nodes down to 473 live, storage still 1024
selector: compacted 1024 decision nodes down to 504 live, storage still 1024
selector: compacted 1024 decision nodes down to 620 live, storage still 1024
selector: compacted 1024 decision nodes down to 474 live, storage still 1024
selector: compacted 1024 decision nodes down to 643 live, storage still 1024
selector: compacted 1024 decision nodes down to 669 live, storage still 1024
selector: compacted 1024 decision nodes down to 693 live, storage still 1024
selector: compacted 1024 decision nodes down to 802 live, storage still 1024
selector: compacted 1024 decision nodes down to 834 live, storage still 1024
selector: compacted 1024 decision nodes down to 812 live, storage still 1024
selector: compacted 1024 decision nodes down to 925 live, storage still 1024
selector: compacted 1024 decision nodes down to 795 live, storage still 1024
selector: compacted 1024 decision nodes down to 821 live, storage still 1024
selector: compacted 1024 decision nodes down to 837 live, storage still 1024
selector: compacted 1024 decision nodes down to 881 live, storage still 1024
selector: compacted 1024 decision nodes down to 779 live, storage still 1024
selector: compacted 1024 decision nodes down to 745 live, storage still 1024
selector: compacted 1024 decision nodes down to 754 live, storage still 1024
selector: compacted 1024 decision nodes down to 839 live, storage still 1024
selector: compacted 1024 decision nodes down to 803 live, storage still 1024
selector: compacted 1024 decision nodes down to 805 live, storage still 1024
selector: compacted 1024 decision nodes down to 793 live, storage still 1024
selector: compacted 1024 decision nodes down to 918 live, storage still 1024
selector: compacted 1024 decision nodes down to 921 live, storage still 1024
selector: compacted 1024 decision nodes down to 857 live, storage still 1024
selector: compacted 1024 decision nodes down to 977 live, storage still 1024
selector: compacted 1024 decision nodes down to 941 live, storage still 1024
selector: compacted 1024 decision nodes down to 902 live, storage still 1024
selector: compacted 1024 decision nodes down to 922 live, storage still 1024
selector: compacted 1024 decision nodes down to 895 live, storage still 1024
selector: compacted 1024 decision nodes down to 1009 live, storage still 1024
selector: preserving 1023 decision nodes; growing storage to 2048 nodes
selector: compacted 2048 decision nodes down to 1118 live, storage still 2048
selector: compacted 2048 decision nodes down to 1135 live, storage still 2048
selector: compacted 2048 decision nodes down to 933 live, storage still 2048
selector: compacted 2048 decision nodes down to 897 live, storage still 2048
selector: compacted 2048 decision nodes down to 1169 live, storage still 2048
selector: compacted 2048 decision nodes down to 1392 live, storage still 2048
selector: compacted 2048 decision nodes down to 1319 live, storage still 2048
selector: compacted 2048 decision nodes down to 1445 live, storage still 2048
selector: compacted 2048 decision nodes down to 1633 live, storage still 2048
selector: compacted 2048 decision nodes down to 1559 live, storage still 2048
selector: compacted 2048 decision nodes down to 1892 live, storage still 2048
selector: compacted 2048 decision nodes down to 1893 live, storage still 2048
selector: preserving 2047 decision nodes; growing storage to 4096 nodes
selector: compacted 4096 decision nodes down to 1878 live, storage still 4096
selector: compacted 4096 decision nodes down to 1903 live, storage still 4096
selector: compacted 4096 decision nodes down to 1673 live, storage still 4096
selector: compacted 4096 decision nodes down to 2036 live, storage still 4096
selector: compacted 4096 decision nodes down to 2470 live, storage still 4096
selector: compacted 4096 decision nodes down to 2473 live, storage still 4096
selector: compacted 4096 decision nodes down to 2793 live, storage still 4096
selector: compacted 4096 decision nodes down to 2910 live, storage still 4096
selector: compacted 4096 decision nodes down to 3176 live, storage still 4096
selector: compacted 4096 decision nodes down to 3132 live, storage still 4096
selector: compacted 4096 decision nodes down to 3300 live, storage still 4096
selector: compacted 4096 decision nodes down to 2600 live, storage still 4096
selector: compacted 4096 decision nodes down to 3143 live, storage still 4096
selector: compacted 4096 decision nodes down to 3329 live, storage still 4096
selector: compacted 4096 decision nodes down to 2645 live, storage still 4096
selector: compacted 4096 decision nodes down to 3068 live, storage still 4096
selector: compacted 4096 decision nodes down to 3402 live, storage still 4096
selector: compacted 4096 decision nodes down to 3324 live, storage still 4096
selector: compacted 4096 decision nodes down to 2586 live, storage still 4096
selector: compacted 4096 decision nodes down to 2532 live, storage still 4096
selector: compacted 4096 decision nodes down to 2938 live, storage still 4096
selector: compacted 4096 decision nodes down to 3184 live, storage still 4096
selector: compacted 4096 decision nodes down to 3379 live, storage still 4096
selector: compacted 4096 decision nodes down to 3088 live, storage still 4096
selector: compacted 4096 decision nodes down to 3575 live, storage still 4096
selector: compacted 4096 decision nodes down to 3293 live, storage still 4096
selector: compacted 4096 decision nodes down to 3430 live, storage still 4096
selector: compacted 4096 decision nodes down to 3822 live, storage still 4096
selector: compacted 4096 decision nodes down to 3777 live, storage still 4096
selector: compacted 4096 decision nodes down to 3568 live, storage still 4096
selector: compacted 4096 decision nodes down to 3737 live, storage still 4096
selector: compacted 4096 decision nodes down to 3914 live, storage still 4096
selector: compacted 4096 decision nodes down to 3855 live, storage still 4096
selector: compacted 4096 decision nodes down to 3661 live, storage still 4096
selector: compacted 4096 decision nodes down to 4024 live, storage still 4096
selector: preserving 4095 decision nodes; growing storage to 8192 nodes
selector: compacted 8192 decision nodes down to 3614 live, storage still 8192
selector: compacted 8192 decision nodes down to 3214 live, storage still 8192
selector: compacted 8192 decision nodes down to 3182 live, storage still 8192
selector: compacted 8192 decision nodes down to 3489 live, storage still 8192
selector: compacted 8192 decision nodes down to 1965 live, storage still 8192
selector: compacted 8192 decision nodes down to 1968 live, storage still 8192
selector: compacted 8192 decision nodes down to 1135 live, storage still 8192
symbolic product relation in run_nested: N=10309995 m=12
  process: ⊢⊙∈≻⊤≺⊥⋈⊞∋⊡⊣
  circuit operators=1841; IMASM nesting depth=64; nested mark ticks=1764096; selection ticks=147456
  decision nodes=3536; graph reductions=1062778; 0.297672s
  factor-candidate loop: none; relation solutions=2; witness path nodes=24
  node storage=8192; storage growths=3; compactions=86; device launches=90
  10309995 = 3489 x 2955 (verified)
⊙> quit
Halting. μ∘δ=id.
[SHUTDOWN] μ∘δ=id. Goodbye.
