[2;37m[boot][0m Interrupts: none — the host owns the IDT, no periodic slot
[2;37m[boot][0m Heap: host allocator, 1133 bytes counted, 48MB declared budget
[2;37m[boot][0m IG Catalog: 8682 entries loaded
[2;37m[boot][0m Kernel online — graph execution, token-arity driven
[2;37m[boot][0m Canonical ordinal check...
[2;37m[boot][0m Ordinal faithfulness: [1;32mall 44 values match Lean canonical[0m
[2;37m[boot][0m Clay Millennium status: 2 closed, 1 one-bump-short, 3 unclosed
[2;37m[boot][0m SIC-POVM d=12: Crystal-forced (dual lattice), Shavian count 49=7², WH group |orbit|=144
[2;37m[boot][0m Frobenius identity check...
[2;37m[boot][0m Frobenius identity: hamming=3, weighted=3.1000 — kernel is grammar operationalized
[2;37m[boot][0m Bootstrap: IMSCRIB→AREV→FSPLIT→AFWD→FFUSE→CLINK→IFIX→IMSCRIB (cyclic)
                       F unitary: PASS
  Pentagon form (F^2=I, anti-diag, a^2+b^2=1): PASS
            Braid relation (Y-B): PASS
                 Spin-statistics: PASS
                       S unitary: PASS
        Charge conjugation S^2=I: PASS
                 TQFT identities: PASS
                Verlinde formula: PASS
              Braid Artin B_n<=8: PASS
  Phase lattice = tenths of a winding: PASS
    Constants derivable from PHI: PASS
[2;37m[boot][0m Fibonacci anyon QC: algebra verified = true
[36m[TORUS][0m kernel wound: ⊢⊙∈⊤⋈∋⊡⊞≺⋈⊣  (11 tokens, pinch=0.0000)
[2;37m[boot][0m Crystal FS: 17280000 addresses
[2;37m[boot][0m 29 total programs (I–XXIX): 12 canonical + 4 continuous + 4 novel + 9 shunted


   [1;35m⊙[0m   [1;37mG-mOMonadOS[0m
   [2;37mGPU-native build, mOMonadOS ported to run via CUDA[0m
   [1;33mμ∘δ = id[0m

   [2;37mFrobenius core · Belnap FOUR · crystal FS · graph execution[0m

   [1;34mhelp[0m for commands, [1;34m?[0m for the menu, Tab completes.

   [1;34mask[0m runs a structural dry-run here; the full wet-run is on the host:
   [2;37m./ask --file <path> | ./ask --ask "…" | ./ask -i[0m

⊙> gpu_kernel selector_bdd_relation 35 3
symbolic product relation in run_nested: N=35 m=3
  process: ⊢⊙∈≻⊤≺⊥⋈⊞∋⊡⊣
  hierarchy: WMMA tensor tile -> warp -> operator block -> relation grid -> temporal launch family
  tensor-enfolded operators=87; tensor nesting depth=0
  circuit operators=87; construction epochs=1; operators per epoch=256; IMASM nesting depth=0; nested mark ticks=0; selection ticks=0
  decision nodes=42; graph reductions=613; 0.000262s
  factor-candidate loop: none; relation solutions=2; witness path nodes=6
  temporal witness limbs=1; limb path nodes=6; limb ticks=0; continuation=1
  node storage=1024; storage growths=0; compactions=0; device launches=2
  35 = 5 x 7 (verified)
⊙> gpu_kernel selector_bdd_relation 49 3
symbolic product relation in run_nested: N=49 m=3
  process: ⊢⊙∈≻⊤≺⊥⋈⊞∋⊡⊣
  hierarchy: WMMA tensor tile -> warp -> operator block -> relation grid -> temporal launch family
  tensor-enfolded operators=87; tensor nesting depth=0
  circuit operators=87; construction epochs=1; operators per epoch=256; IMASM nesting depth=0; nested mark ticks=0; selection ticks=0
  decision nodes=48; graph reductions=649; 0.000228s
  factor-candidate loop: none; relation solutions=1; witness path nodes=6
  temporal witness limbs=1; limb path nodes=6; limb ticks=0; continuation=1
  node storage=1024; storage growths=0; compactions=0; device launches=2
  49 = 7 x 7 (verified)
⊙> gpu_kernel selector_bdd_relation 143 4
symbolic product relation in run_nested: N=143 m=4
  process: ⊢⊙∈≻⊤≺⊥⋈⊞∋⊡⊣
  hierarchy: WMMA tensor tile -> warp -> operator block -> relation grid -> temporal launch family
  tensor-enfolded operators=169; tensor nesting depth=0
  circuit operators=169; construction epochs=1; operators per epoch=256; IMASM nesting depth=0; nested mark ticks=0; selection ticks=0
  decision nodes=126; graph reductions=1877; 0.001905s
  factor-candidate loop: none; relation solutions=2; witness path nodes=8
  temporal witness limbs=1; limb path nodes=8; limb ticks=0; continuation=1
  node storage=1024; storage growths=0; compactions=0; device launches=2
  143 = 13 x 11 (verified)
⊙> gpu_kernel selector_bdd_relation 127 4
symbolic product relation in run_nested: N=127 m=4
  process: ⊢⊙∈≻⊤≺⊥⋈⊞∋⊡⊣
  hierarchy: WMMA tensor tile -> warp -> operator block -> relation grid -> temporal launch family
  tensor-enfolded operators=167; tensor nesting depth=0
  circuit operators=167; construction epochs=1; operators per epoch=256; IMASM nesting depth=0; nested mark ticks=0; selection ticks=0
  decision nodes=126; graph reductions=1650; 0.002627s
  factor-candidate loop: none; relation solutions=0; witness path nodes=0
  temporal witness limbs=1; limb path nodes=0; limb ticks=0; continuation=0
  node storage=1024; storage growths=0; compactions=0; device launches=2
  empty factor relation in the declared bit bands
⊙> gpu_kernel selector_bdd_relation 225 4
symbolic product relation in run_nested: N=225 m=4
  process: ⊢⊙∈≻⊤≺⊥⋈⊞∋⊡⊣
  hierarchy: WMMA tensor tile -> warp -> operator block -> relation grid -> temporal launch family
  tensor-enfolded operators=170; tensor nesting depth=0
  circuit operators=170; construction epochs=1; operators per epoch=256; IMASM nesting depth=0; nested mark ticks=0; selection ticks=0
  decision nodes=165; graph reductions=2154; 0.002352s
  factor-candidate loop: none; relation solutions=1; witness path nodes=8
  temporal witness limbs=1; limb path nodes=8; limb ticks=0; continuation=1
  node storage=1024; storage growths=0; compactions=0; device launches=2
  225 = 15 x 15 (verified)
⊙> gpu_kernel selector_bdd_relation 9 2
symbolic product relation in run_nested: N=9 m=2
  process: ⊢⊙∈≻⊤≺⊥⋈⊞∋⊡⊣
  hierarchy: WMMA tensor tile -> warp -> operator block -> relation grid -> temporal launch family
  tensor-enfolded operators=32; tensor nesting depth=0
  circuit operators=32; construction epochs=1; operators per epoch=256; IMASM nesting depth=0; nested mark ticks=0; selection ticks=0
  decision nodes=11; graph reductions=136; 0.000994s
  factor-candidate loop: none; relation solutions=1; witness path nodes=4
  temporal witness limbs=1; limb path nodes=4; limb ticks=0; continuation=1
  node storage=1024; storage growths=0; compactions=0; device launches=2
  9 = 3 x 3 (verified)
⊙> gpu_kernel selector_bdd_relation 7 2
symbolic product relation in run_nested: N=7 m=2
  process: ⊢⊙∈≻⊤≺⊥⋈⊞∋⊡⊣
  hierarchy: WMMA tensor tile -> warp -> operator block -> relation grid -> temporal launch family
  tensor-enfolded operators=31; tensor nesting depth=0
  circuit operators=31; construction epochs=1; operators per epoch=256; IMASM nesting depth=0; nested mark ticks=0; selection ticks=0
  decision nodes=11; graph reductions=120; 0.000569s
  factor-candidate loop: none; relation solutions=0; witness path nodes=0
  temporal witness limbs=1; limb path nodes=0; limb ticks=0; continuation=0
  node storage=1024; storage growths=0; compactions=0; device launches=2
  empty factor relation in the declared bit bands
⊙> gpu_kernel selector_bdd_relation 25 3
symbolic product relation in run_nested: N=25 m=3
  process: ⊢⊙∈≻⊤≺⊥⋈⊞∋⊡⊣
  hierarchy: WMMA tensor tile -> warp -> operator block -> relation grid -> temporal launch family
  tensor-enfolded operators=87; tensor nesting depth=0
  circuit operators=87; construction epochs=1; operators per epoch=256; IMASM nesting depth=0; nested mark ticks=0; selection ticks=0
  decision nodes=48; graph reductions=661; 0.000202s
  factor-candidate loop: none; relation solutions=1; witness path nodes=6
  temporal witness limbs=1; limb path nodes=6; limb ticks=0; continuation=1
  node storage=1024; storage growths=0; compactions=0; device launches=2
  25 = 5 x 5 (verified)
⊙> gpu_kernel selector_bdd_relation 47 3
symbolic product relation in run_nested: N=47 m=3
  process: ⊢⊙∈≻⊤≺⊥⋈⊞∋⊡⊣
  hierarchy: WMMA tensor tile -> warp -> operator block -> relation grid -> temporal launch family
  tensor-enfolded operators=85; tensor nesting depth=0
  circuit operators=85; construction epochs=1; operators per epoch=256; IMASM nesting depth=0; nested mark ticks=0; selection ticks=0
  decision nodes=42; graph reductions=430; 0.000185s
  factor-candidate loop: none; relation solutions=0; witness path nodes=0
  temporal witness limbs=1; limb path nodes=0; limb ticks=0; continuation=0
  node storage=1024; storage growths=0; compactions=0; device launches=2
  empty factor relation in the declared bit bands
⊙> gpu_kernel selector_bdd_relation 169 4
symbolic product relation in run_nested: N=169 m=4
  process: ⊢⊙∈≻⊤≺⊥⋈⊞∋⊡⊣
  hierarchy: WMMA tensor tile -> warp -> operator block -> relation grid -> temporal launch family
  tensor-enfolded operators=170; tensor nesting depth=0
  circuit operators=170; construction epochs=1; operators per epoch=256; IMASM nesting depth=0; nested mark ticks=0; selection ticks=0
  decision nodes=165; graph reductions=2246; 0.001223s
  factor-candidate loop: none; relation solutions=1; witness path nodes=8
  temporal witness limbs=1; limb path nodes=8; limb ticks=0; continuation=1
  node storage=1024; storage growths=0; compactions=0; device launches=2
  169 = 13 x 13 (verified)
⊙> gpu_kernel selector_bdd_relation 223 4
symbolic product relation in run_nested: N=223 m=4
  process: ⊢⊙∈≻⊤≺⊥⋈⊞∋⊡⊣
  hierarchy: WMMA tensor tile -> warp -> operator block -> relation grid -> temporal launch family
  tensor-enfolded operators=167; tensor nesting depth=0
  circuit operators=167; construction epochs=1; operators per epoch=256; IMASM nesting depth=0; nested mark ticks=0; selection ticks=0
  decision nodes=126; graph reductions=1650; 0.001825s
  factor-candidate loop: none; relation solutions=0; witness path nodes=0
  temporal witness limbs=1; limb path nodes=0; limb ticks=0; continuation=0
  node storage=1024; storage growths=0; compactions=0; device launches=2
  empty factor relation in the declared bit bands
⊙> gpu_kernel selector_bdd_relation 425 5
symbolic product relation in run_nested: N=425 m=5
  process: ⊢⊙∈≻⊤≺⊥⋈⊞∋⊡⊣
  hierarchy: WMMA tensor tile -> warp -> operator block -> relation grid -> temporal launch family
  tensor-enfolded operators=281; tensor nesting depth=0
  circuit operators=281; construction epochs=2; operators per epoch=256; IMASM nesting depth=0; nested mark ticks=0; selection ticks=0
  decision nodes=467; graph reductions=6175; 0.004244s
  factor-candidate loop: none; relation solutions=2; witness path nodes=10
  temporal witness limbs=1; limb path nodes=10; limb ticks=0; continuation=1
  node storage=1024; storage growths=0; compactions=0; device launches=3
  425 = 17 x 25 (verified)
⊙> gpu_kernel selector_bdd_relation 959 5
symbolic product relation in run_nested: N=959 m=5
  process: ⊢⊙∈≻⊤≺⊥⋈⊞∋⊡⊣
  hierarchy: WMMA tensor tile -> warp -> operator block -> relation grid -> temporal launch family
  tensor-enfolded operators=277; tensor nesting depth=0
  circuit operators=277; construction epochs=2; operators per epoch=256; IMASM nesting depth=0; nested mark ticks=0; selection ticks=0
  decision nodes=328; graph reductions=4625; 0.002374s
  factor-candidate loop: none; relation solutions=0; witness path nodes=0
  temporal witness limbs=1; limb path nodes=0; limb ticks=0; continuation=0
  node storage=1024; storage growths=0; compactions=0; device launches=3
  empty factor relation in the declared bit bands
⊙> gpu_kernel selector_bdd_relation 1591 6
symbolic product relation in run_nested: N=1591 m=6
  process: ⊢⊙∈≻⊤≺⊥⋈⊞∋⊡⊣
  hierarchy: WMMA tensor tile -> warp -> operator block -> relation grid -> temporal launch family
  tensor-enfolded operators=419; tensor nesting depth=0
  circuit operators=419; construction epochs=2; operators per epoch=256; IMASM nesting depth=0; nested mark ticks=0; selection ticks=0
  decision nodes=109; graph reductions=13780; 0.004661s
  factor-candidate loop: none; relation solutions=2; witness path nodes=12
  temporal witness limbs=1; limb path nodes=12; limb ticks=0; continuation=1
  node storage=1024; storage growths=0; compactions=1; device launches=4
  1591 = 37 x 43 (verified)
⊙> gpu_kernel selector_bdd_relation 3967 6
symbolic product relation in run_nested: N=3967 m=6
  process: ⊢⊙∈≻⊤≺⊥⋈⊞∋⊡⊣
  hierarchy: WMMA tensor tile -> warp -> operator block -> relation grid -> temporal launch family
  tensor-enfolded operators=415; tensor nesting depth=0
  circuit operators=415; construction epochs=2; operators per epoch=256; IMASM nesting depth=0; nested mark ticks=0; selection ticks=0
  decision nodes=894; graph reductions=10859; 0.002022s
  factor-candidate loop: none; relation solutions=0; witness path nodes=0
  temporal witness limbs=1; limb path nodes=0; limb ticks=0; continuation=0
  node storage=1024; storage growths=0; compactions=0; device launches=3
  empty factor relation in the declared bit bands
⊙> gpu_kernel selector_bdd_relation 7047 7
symbolic product relation in run_nested: N=7047 m=7
  process: ⊢⊙∈≻⊤≺⊥⋈⊞∋⊡⊣
  hierarchy: WMMA tensor tile -> warp -> operator block -> relation grid -> temporal launch family
  tensor-enfolded operators=586; tensor nesting depth=0
  circuit operators=586; construction epochs=3; operators per epoch=256; IMASM nesting depth=0; nested mark ticks=0; selection ticks=0
  decision nodes=520; graph reductions=34930; 0.007411s
  factor-candidate loop: none; relation solutions=2; witness path nodes=14
  temporal witness limbs=1; limb path nodes=14; limb ticks=0; continuation=1
  node storage=1024; storage growths=0; compactions=3; device launches=5
  7047 = 81 x 87 (verified)
⊙> gpu_kernel selector_bdd_relation 16127 7
symbolic product relation in run_nested: N=16127 m=7
  process: ⊢⊙∈≻⊤≺⊥⋈⊞∋⊡⊣
  hierarchy: WMMA tensor tile -> warp -> operator block -> relation grid -> temporal launch family
  tensor-enfolded operators=581; tensor nesting depth=0
  circuit operators=581; construction epochs=3; operators per epoch=256; IMASM nesting depth=0; nested mark ticks=0; selection ticks=0
  decision nodes=457; graph reductions=26972; 0.006802s
  factor-candidate loop: none; relation solutions=0; witness path nodes=0
  temporal witness limbs=1; limb path nodes=0; limb ticks=0; continuation=0
  node storage=1024; storage growths=0; compactions=2; device launches=4
  empty factor relation in the declared bit bands
⊙> gpu_kernel selector_bdd_relation 50609 8
symbolic product relation in run_nested: N=50609 m=8
  process: ⊢⊙∈≻⊤≺⊥⋈⊞∋⊡⊣
  hierarchy: WMMA tensor tile -> warp -> operator block -> relation grid -> temporal launch family
  tensor-enfolded operators=782; tensor nesting depth=0
  circuit operators=782; construction epochs=4; operators per epoch=256; IMASM nesting depth=0; nested mark ticks=0; selection ticks=0
  decision nodes=391; graph reductions=58196; 0.012631s
  factor-candidate loop: none; relation solutions=2; witness path nodes=16
  temporal witness limbs=1; limb path nodes=16; limb ticks=0; continuation=1
  node storage=1024; storage growths=0; compactions=6; device launches=8
  50609 = 229 x 221 (verified)
⊙> gpu_kernel selector_bdd_relation 65023 8
symbolic product relation in run_nested: N=65023 m=8
  process: ⊢⊙∈≻⊤≺⊥⋈⊞∋⊡⊣
  hierarchy: WMMA tensor tile -> warp -> operator block -> relation grid -> temporal launch family
  tensor-enfolded operators=775; tensor nesting depth=0
  circuit operators=775; construction epochs=4; operators per epoch=256; IMASM nesting depth=0; nested mark ticks=0; selection ticks=0
  decision nodes=288; graph reductions=58183; 0.018972s
  factor-candidate loop: none; relation solutions=0; witness path nodes=0
  temporal witness limbs=1; limb path nodes=0; limb ticks=0; continuation=0
  node storage=1024; storage growths=0; compactions=7; device launches=9
  empty factor relation in the declared bit bands
⊙> gpu_kernel selector_bdd_relation 153015 9
symbolic product relation in run_nested: N=153015 m=9
  process: ⊢⊙∈≻⊤≺⊥⋈⊞∋⊡⊣
  hierarchy: WMMA tensor tile -> warp -> operator block -> relation grid -> temporal launch family
  tensor-enfolded operators=1003; tensor nesting depth=0
  circuit operators=1003; construction epochs=4; operators per epoch=256; IMASM nesting depth=0; nested mark ticks=0; selection ticks=0
  decision nodes=997; graph reductions=145630; 0.047533s
  factor-candidate loop: none; relation solutions=2; witness path nodes=18
  temporal witness limbs=1; limb path nodes=18; limb ticks=0; continuation=1
  node storage=1024; storage growths=0; compactions=23; device launches=25
  153015 = 505 x 303 (verified)
⊙> gpu_kernel selector_bdd_relation 261119 9
symbolic product relation in run_nested: N=261119 m=9
  process: ⊢⊙∈≻⊤≺⊥⋈⊞∋⊡⊣
  hierarchy: WMMA tensor tile -> warp -> operator block -> relation grid -> temporal launch family
  tensor-enfolded operators=997; tensor nesting depth=0
  circuit operators=997; construction epochs=4; operators per epoch=256; IMASM nesting depth=0; nested mark ticks=0; selection ticks=0
  decision nodes=550; graph reductions=128849; 0.037864s
  factor-candidate loop: none; relation solutions=0; witness path nodes=0
  temporal witness limbs=1; limb path nodes=0; limb ticks=0; continuation=0
  node storage=1024; storage growths=0; compactions=20; device launches=22
  empty factor relation in the declared bit bands
⊙> gpu_kernel selector_bdd_relation 505233 10
symbolic product relation in run_nested: N=505233 m=10
  process: ⊢⊙∈≻⊤≺⊥⋈⊞∋⊡⊣
  hierarchy: WMMA tensor tile -> warp -> operator block -> relation grid -> temporal launch family
  tensor-enfolded operators=1255; tensor nesting depth=0
  circuit operators=1255; construction epochs=5; operators per epoch=256; IMASM nesting depth=0; nested mark ticks=0; selection ticks=0
  decision nodes=1128; graph reductions=226971; 0.070475s
  factor-candidate loop: none; relation solutions=2; witness path nodes=20
  temporal witness limbs=1; limb path nodes=20; limb ticks=0; continuation=1
  node storage=2048; storage growths=1; compactions=28; device launches=32
  505233 = 769 x 657 (verified)
⊙> gpu_kernel selector_bdd_relation 1046527 10
symbolic product relation in run_nested: N=1046527 m=10
  process: ⊢⊙∈≻⊤≺⊥⋈⊞∋⊡⊣
  hierarchy: WMMA tensor tile -> warp -> operator block -> relation grid -> temporal launch family
  tensor-enfolded operators=1247; tensor nesting depth=0
  circuit operators=1247; construction epochs=5; operators per epoch=256; IMASM nesting depth=0; nested mark ticks=0; selection ticks=0
  decision nodes=1301; graph reductions=259056; 0.082291s
  factor-candidate loop: none; relation solutions=0; witness path nodes=0
  temporal witness limbs=1; limb path nodes=0; limb ticks=0; continuation=0
  node storage=2048; storage growths=1; compactions=32; device launches=37
  empty factor relation in the declared bit bands
⊙> gpu_kernel selector_bdd_relation 1998033 11
symbolic product relation in run_nested: N=1998033 m=11
  process: ⊢⊙∈≻⊤≺⊥⋈⊞∋⊡⊣
  hierarchy: WMMA tensor tile -> warp -> operator block -> relation grid -> temporal launch family
  tensor-enfolded operators=1533; tensor nesting depth=0
  circuit operators=1533; construction epochs=6; operators per epoch=256; IMASM nesting depth=0; nested mark ticks=0; selection ticks=0
  decision nodes=2477; graph reductions=497802; 0.176212s
  factor-candidate loop: none; relation solutions=2; witness path nodes=22
  temporal witness limbs=1; limb path nodes=22; limb ticks=0; continuation=1
  node storage=4096; storage growths=2; compactions=60; device launches=66
  1998033 = 1587 x 1259 (verified)
⊙> gpu_kernel selector_bdd_relation 4190207 11
symbolic product relation in run_nested: N=4190207 m=11
  process: ⊢⊙∈≻⊤≺⊥⋈⊞∋⊡⊣
  hierarchy: WMMA tensor tile -> warp -> operator block -> relation grid -> temporal launch family
  tensor-enfolded operators=1525; tensor nesting depth=0
  circuit operators=1525; construction epochs=6; operators per epoch=256; IMASM nesting depth=0; nested mark ticks=0; selection ticks=0
  decision nodes=3556; graph reductions=521319; 0.180766s
  factor-candidate loop: none; relation solutions=0; witness path nodes=0
  temporal witness limbs=1; limb path nodes=0; limb ticks=0; continuation=0
  node storage=4096; storage growths=2; compactions=63; device launches=69
  empty factor relation in the declared bit bands
⊙> gpu_kernel selector_bdd_relation 10309995 12
symbolic product relation in run_nested: N=10309995 m=12
  process: ⊢⊙∈≻⊤≺⊥⋈⊞∋⊡⊣
  hierarchy: WMMA tensor tile -> warp -> operator block -> relation grid -> temporal launch family
  tensor-enfolded operators=1841; tensor nesting depth=0
  circuit operators=1841; construction epochs=8; operators per epoch=256; IMASM nesting depth=0; nested mark ticks=0; selection ticks=0
  decision nodes=3536; graph reductions=1062778; 0.353705s
  factor-candidate loop: none; relation solutions=2; witness path nodes=24
  temporal witness limbs=1; limb path nodes=24; limb ticks=0; continuation=1
  node storage=8192; storage growths=3; compactions=86; device launches=93
  10309995 = 3489 x 2955 (verified)
⊙> gpu_kernel selector_bdd_relation 16769023 12
symbolic product relation in run_nested: N=16769023 m=12
  process: ⊢⊙∈≻⊤≺⊥⋈⊞∋⊡⊣
  hierarchy: WMMA tensor tile -> warp -> operator block -> relation grid -> temporal launch family
  tensor-enfolded operators=1831; tensor nesting depth=0
  circuit operators=1831; construction epochs=8; operators per epoch=256; IMASM nesting depth=0; nested mark ticks=0; selection ticks=0
  decision nodes=3910; graph reductions=1085452; 0.395665s
  factor-candidate loop: none; relation solutions=0; witness path nodes=0
  temporal witness limbs=1; limb path nodes=0; limb ticks=0; continuation=0
  node storage=4096; storage growths=2; compactions=113; device launches=119
  empty factor relation in the declared bit bands
⊙> gpu_kernel selector_bdd_relation 10309995 12 1024 3
symbolic product relation in run_nested: N=10309995 m=12
  process: ⊢⊙∈≻⊤≺⊥⋈⊞∋⊡⊣
  hierarchy: WMMA tensor tile -> warp -> operator block -> relation grid -> temporal launch family
  tensor-enfolded operators=1841; tensor nesting depth=3
  circuit operators=1841; construction epochs=8; operators per epoch=256; IMASM nesting depth=3; nested mark ticks=166104; selection ticks=6912
  decision nodes=3536; graph reductions=1062778; 0.352517s
  factor-candidate loop: none; relation solutions=2; witness path nodes=24
  temporal witness limbs=1; limb path nodes=24; limb ticks=7416; continuation=1
  node storage=8192; storage growths=3; compactions=86; device launches=93
  10309995 = 3489 x 2955 (verified)
⊙> gpu_kernel selector_bdd_relation 143 4 16
symbolic product relation in run_nested: N=143 m=4
  process: ⊢⊙∈≻⊤≺⊥⋈⊞∋⊡⊣
  hierarchy: WMMA tensor tile -> warp -> operator block -> relation grid -> temporal launch family
  tensor-enfolded operators=169; tensor nesting depth=0
  circuit operators=169; construction epochs=1; operators per epoch=256; IMASM nesting depth=0; nested mark ticks=0; selection ticks=0
  decision nodes=56; graph reductions=2179; 0.003621s
  factor-candidate loop: none; relation solutions=2; witness path nodes=8
  temporal witness limbs=1; limb path nodes=8; limb ticks=0; continuation=1
  node storage=64; storage growths=2; compactions=8; device launches=12
  143 = 13 x 11 (verified)
⊙> gpu_kernel selector_bdd_relation 35 3 16
symbolic product relation in run_nested: N=35 m=3
  process: ⊢⊙∈≻⊤≺⊥⋈⊞∋⊡⊣
  hierarchy: WMMA tensor tile -> warp -> operator block -> relation grid -> temporal launch family
  tensor-enfolded operators=87; tensor nesting depth=0
  circuit operators=87; construction epochs=1; operators per epoch=256; IMASM nesting depth=0; nested mark ticks=0; selection ticks=0
  decision nodes=25; graph reductions=740; 0.002554s
  factor-candidate loop: none; relation solutions=2; witness path nodes=6
  temporal witness limbs=1; limb path nodes=6; limb ticks=0; continuation=1
  node storage=32; storage growths=1; compactions=4; device launches=7
  35 = 5 x 7 (verified)
⊙> gpu_kernel selector_bdd_relation 143 4 16 3
symbolic product relation in run_nested: N=143 m=4
  process: ⊢⊙∈≻⊤≺⊥⋈⊞∋⊡⊣
  hierarchy: WMMA tensor tile -> warp -> operator block -> relation grid -> temporal launch family
  tensor-enfolded operators=169; tensor nesting depth=3
  circuit operators=169; construction epochs=1; operators per epoch=256; IMASM nesting depth=3; nested mark ticks=18324; selection ticks=2304
  decision nodes=56; graph reductions=2179; 0.004624s
  factor-candidate loop: none; relation solutions=2; witness path nodes=8
  temporal witness limbs=1; limb path nodes=8; limb ticks=2808; continuation=1
  node storage=64; storage growths=2; compactions=8; device launches=12
  143 = 13 x 11 (verified)
⊙> gpu_kernel run_nested ⊢⊙∈≻⊤≺⊥⋈⊞∋⊡⊣
gpu_kernel run_nested on device: 12 marks
  halted: true   ticks: 12
  stack (bottom..top): [N]  depth 1
  registers: [N N N N N F T T]  engagr true
  memory[0..4]: [N N N N]
  matches CPU kernel: true
  banked tri face: landing=A; weights=[1, 1, 1, 1]; state=holds
  live clears=1; deposits=3; inert=1; exposed clears=0; exposed weight=0
  cleared weight=1; restored weight=1; seeds=1; open frames=0
  banked face matches CPU combo2 semantics: true
⊙> quit
Halting. μ∘δ=id.
[SHUTDOWN] μ∘δ=id. Goodbye.
nested hosted executable: process ⊢∈≻⋈⊙⊤≻⋈⊥≺⋈⊞∋⊡⋈⊙⊣
  IMASM entry nesting depth=64; executable mark ticks=17
nested hosted kernel reached its terminal anchor
