[2;37m[boot][0m Interrupts: none — the host owns the IDT, no periodic slot
[2;37m[boot][0m Heap: host allocator, 1484 bytes counted, 48MB declared budget
[2;37m[boot][0m IG Catalog: 8682 entries loaded
[2;37m[boot][0m Kernel online — graph execution, token-arity driven
[2;37m[boot][0m Canonical ordinal check...
[2;37m[boot][0m Ordinal faithfulness: [1;32mall 44 values match Lean canonical[0m
[2;37m[boot][0m Clay Millennium status: 2 closed, 1 one-bump-short, 3 unclosed
[2;37m[boot][0m SIC-POVM d=12: Crystal-forced (dual lattice), Shavian count 49=7², WH group |orbit|=144
[2;37m[boot][0m Frobenius identity check...
[2;37m[boot][0m Frobenius identity: hamming=3, weighted=3.1000 — kernel is grammar operationalized
[2;37m[boot][0m Bootstrap: IMSCRIB→AREV→FSPLIT→AFWD→FFUSE→CLINK→IFIX→IMSCRIB (cyclic)
                       F unitary: PASS
  Pentagon form (F^2=I, anti-diag, a^2+b^2=1): PASS
            Braid relation (Y-B): PASS
                 Spin-statistics: PASS
                       S unitary: PASS
        Charge conjugation S^2=I: PASS
                 TQFT identities: PASS
                Verlinde formula: PASS
              Braid Artin B_n<=8: PASS
  Phase lattice = tenths of a winding: PASS
    Constants derivable from PHI: PASS
[2;37m[boot][0m Fibonacci anyon QC: algebra verified = true
[36m[TORUS][0m kernel wound: ⊢⊙∈⊤⋈∋⊡⊞≺⋈⊣  (11 tokens, pinch=0.0000)
[2;37m[boot][0m Crystal FS: 17280000 addresses
[2;37m[boot][0m 29 total programs (I–XXIX): 12 canonical + 4 continuous + 4 novel + 9 shunted


   [1;35m⊙[0m   [1;37mG-mOMonadOS[0m
   [2;37mGPU-native build, mOMonadOS ported to run via CUDA[0m
   [1;33mμ∘δ = id[0m

   [2;37mFrobenius core · Belnap FOUR · crystal FS · graph execution[0m

   [1;34mhelp[0m for commands, [1;34m?[0m for the menu, Tab completes.

   [1;34mask[0m runs a structural dry-run here; the full wet-run is on the host:
   [2;37m./ask --file <path> | ./ask --ask "…" | ./ask -i[0m

⊙> gpu_kernel selector_relation 206156988411 19 1024 64
selector: compacted 1024 decision nodes down to 752 live, storage still 1024
selector: compacted 1024 decision nodes down to 949 live, storage still 1024
selector: compacted 1024 decision nodes down to 979 live, storage still 1024
selector: compacted 1024 decision nodes down to 996 live, storage still 1024
selector: compacted 1024 decision nodes down to 983 live, storage still 1024
selector: compacted 1024 decision nodes down to 993 live, storage still 1024
selector: compacted 1024 decision nodes down to 1006 live, storage still 1024
selector: compacted 1024 decision nodes down to 1002 live, storage still 1024
selector: compacted 1024 decision nodes down to 1001 live, storage still 1024
selector: compacted 1024 decision nodes down to 1017 live, storage still 1024
selector: preserving 1023 decision nodes; growing storage to 2048 nodes
selector: compacted 2048 decision nodes down to 1068 live, storage still 2048
selector: compacted 2048 decision nodes down to 1142 live, storage still 2048
selector: compacted 2048 decision nodes down to 1270 live, storage still 2048
selector: compacted 2048 decision nodes down to 1423 live, storage still 2048
selector: compacted 2048 decision nodes down to 1390 live, storage still 2048
selector: compacted 2048 decision nodes down to 1281 live, storage still 2048
selector: compacted 2048 decision nodes down to 1365 live, storage still 2048
selector: compacted 2048 decision nodes down to 1506 live, storage still 2048
selector: compacted 2048 decision nodes down to 1577 live, storage still 2048
selector: compacted 2048 decision nodes down to 1550 live, storage still 2048
selector: compacted 2048 decision nodes down to 1618 live, storage still 2048
selector: compacted 2048 decision nodes down to 1856 live, storage still 2048
selector: compacted 2048 decision nodes down to 1528 live, storage still 2048
selector: compacted 2048 decision nodes down to 1726 live, storage still 2048
selector: compacted 2048 decision nodes down to 1852 live, storage still 2048
selector: compacted 2048 decision nodes down to 1642 live, storage still 2048
selector: compacted 2048 decision nodes down to 1485 live, storage still 2048
selector: compacted 2048 decision nodes down to 1470 live, storage still 2048
selector: compacted 2048 decision nodes down to 1699 live, storage still 2048
selector: compacted 2048 decision nodes down to 1560 live, storage still 2048
selector: compacted 2048 decision nodes down to 1753 live, storage still 2048
selector: compacted 2048 decision nodes down to 1823 live, storage still 2048
selector: compacted 2048 decision nodes down to 1755 live, storage still 2048
selector: compacted 2048 decision nodes down to 1904 live, storage still 2048
selector: compacted 2048 decision nodes down to 1974 live, storage still 2048
selector: compacted 2048 decision nodes down to 1915 live, storage still 2048
selector: compacted 2048 decision nodes down to 1845 live, storage still 2048
selector: compacted 2048 decision nodes down to 2024 live, storage still 2048
selector: preserving 2047 decision nodes; growing storage to 4096 nodes
selector: compacted 4096 decision nodes down to 2336 live, storage still 4096
selector: compacted 4096 decision nodes down to 2315 live, storage still 4096
selector: compacted 4096 decision nodes down to 2309 live, storage still 4096
selector: compacted 4096 decision nodes down to 2036 live, storage still 4096
selector: compacted 4096 decision nodes down to 2207 live, storage still 4096
selector: compacted 4096 decision nodes down to 2489 live, storage still 4096
selector: compacted 4096 decision nodes down to 2963 live, storage still 4096
selector: compacted 4096 decision nodes down to 2998 live, storage still 4096
selector: compacted 4096 decision nodes down to 3208 live, storage still 4096
selector: compacted 4096 decision nodes down to 3388 live, storage still 4096
selector: compacted 4096 decision nodes down to 3130 live, storage still 4096
selector: compacted 4096 decision nodes down to 3775 live, storage still 4096
selector: compacted 4096 decision nodes down to 3765 live, storage still 4096
selector: compacted 4096 decision nodes down to 3195 live, storage still 4096
selector: compacted 4096 decision nodes down to 3294 live, storage still 4096
selector: compacted 4096 decision nodes down to 3766 live, storage still 4096
selector: compacted 4096 decision nodes down to 3676 live, storage still 4096
selector: compacted 4096 decision nodes down to 3381 live, storage still 4096
selector: compacted 4096 decision nodes down to 3020 live, storage still 4096
selector: compacted 4096 decision nodes down to 3399 live, storage still 4096
selector: compacted 4096 decision nodes down to 3414 live, storage still 4096
selector: compacted 4096 decision nodes down to 3526 live, storage still 4096
selector: compacted 4096 decision nodes down to 3055 live, storage still 4096
selector: compacted 4096 decision nodes down to 3332 live, storage still 4096
selector: compacted 4096 decision nodes down to 3009 live, storage still 4096
selector: compacted 4096 decision nodes down to 3420 live, storage still 4096
selector: compacted 4096 decision nodes down to 2787 live, storage still 4096
selector: compacted 4096 decision nodes down to 3114 live, storage still 4096
selector: compacted 4096 decision nodes down to 3413 live, storage still 4096
selector: compacted 4096 decision nodes down to 2941 live, storage still 4096
selector: compacted 4096 decision nodes down to 3456 live, storage still 4096
selector: compacted 4096 decision nodes down to 3466 live, storage still 4096
selector: compacted 4096 decision nodes down to 3716 live, storage still 4096
selector: compacted 4096 decision nodes down to 3713 live, storage still 4096
selector: compacted 4096 decision nodes down to 3449 live, storage still 4096
selector: compacted 4096 decision nodes down to 3488 live, storage still 4096
selector: compacted 4096 decision nodes down to 3911 live, storage still 4096
selector: preserving 4095 decision nodes; growing storage to 8192 nodes
selector: compacted 8192 decision nodes down to 4399 live, storage still 8192
selector: compacted 8192 decision nodes down to 5493 live, storage still 8192
selector: compacted 8192 decision nodes down to 5911 live, storage still 8192
selector: compacted 8192 decision nodes down to 5370 live, storage still 8192
selector: compacted 8192 decision nodes down to 4457 live, storage still 8192
selector: compacted 8192 decision nodes down to 6046 live, storage still 8192
selector: compacted 8192 decision nodes down to 4695 live, storage still 8192
selector: compacted 8192 decision nodes down to 5780 live, storage still 8192
selector: compacted 8192 decision nodes down to 4502 live, storage still 8192
selector: compacted 8192 decision nodes down to 4747 live, storage still 8192
selector: compacted 8192 decision nodes down to 5285 live, storage still 8192
selector: compacted 8192 decision nodes down to 5544 live, storage still 8192
selector: compacted 8192 decision nodes down to 5739 live, storage still 8192
selector: compacted 8192 decision nodes down to 6332 live, storage still 8192
selector: compacted 8192 decision nodes down to 6792 live, storage still 8192
selector: compacted 8192 decision nodes down to 6962 live, storage still 8192
selector: compacted 8192 decision nodes down to 7203 live, storage still 8192
selector: compacted 8192 decision nodes down to 6808 live, storage still 8192
selector: compacted 8192 decision nodes down to 7203 live, storage still 8192
selector: compacted 8192 decision nodes down to 7500 live, storage still 8192
selector: compacted 8192 decision nodes down to 7487 live, storage still 8192
selector: compacted 8192 decision nodes down to 7842 live, storage still 8192
selector: preserving 8191 decision nodes; growing storage to 16384 nodes
selector: compacted 16384 decision nodes down to 8270 live, storage still 16384
selector: compacted 16384 decision nodes down to 8662 live, storage still 16384
selector: compacted 16384 decision nodes down to 8171 live, storage still 16384
selector: compacted 16384 decision nodes down to 8763 live, storage still 16384
selector: compacted 16384 decision nodes down to 7356 live, storage still 16384
selector: compacted 16384 decision nodes down to 9176 live, storage still 16384
selector: compacted 16384 decision nodes down to 9848 live, storage still 16384
selector: compacted 16384 decision nodes down to 10955 live, storage still 16384
selector: compacted 16384 decision nodes down to 11579 live, storage still 16384
selector: compacted 16384 decision nodes down to 13200 live, storage still 16384
selector: compacted 16384 decision nodes down to 13282 live, storage still 16384
selector: compacted 16384 decision nodes down to 13968 live, storage still 16384
selector: compacted 16384 decision nodes down to 12962 live, storage still 16384
selector: compacted 16384 decision nodes down to 15196 live, storage still 16384
selector: compacted 16384 decision nodes down to 15463 live, storage still 16384
selector: compacted 16384 decision nodes down to 15002 live, storage still 16384
selector: compacted 16384 decision nodes down to 12371 live, storage still 16384
selector: compacted 16384 decision nodes down to 14086 live, storage still 16384
selector: compacted 16384 decision nodes down to 14648 live, storage still 16384
selector: compacted 16384 decision nodes down to 15443 live, storage still 16384
selector: compacted 16384 decision nodes down to 14989 live, storage still 16384
selector: compacted 16384 decision nodes down to 13499 live, storage still 16384
selector: compacted 16384 decision nodes down to 13504 live, storage still 16384
selector: compacted 16384 decision nodes down to 14613 live, storage still 16384
selector: compacted 16384 decision nodes down to 14501 live, storage still 16384
selector: compacted 16384 decision nodes down to 13361 live, storage still 16384
selector: compacted 16384 decision nodes down to 15600 live, storage still 16384
selector: preserving 16383 decision nodes; growing storage to 32768 nodes
selector: compacted 32768 decision nodes down to 16647 live, storage still 32768
selector: compacted 32768 decision nodes down to 16213 live, storage still 32768
selector: compacted 32768 decision nodes down to 13033 live, storage still 32768
selector: compacted 32768 decision nodes down to 14905 live, storage still 32768
selector: compacted 32768 decision nodes down to 19507 live, storage still 32768
selector: compacted 32768 decision nodes down to 21798 live, storage still 32768
selector: compacted 32768 decision nodes down to 21490 live, storage still 32768
selector: compacted 32768 decision nodes down to 22604 live, storage still 32768
selector: compacted 32768 decision nodes down to 23066 live, storage still 32768
selector: compacted 32768 decision nodes down to 23814 live, storage still 32768
selector: compacted 32768 decision nodes down to 26163 live, storage still 32768
selector: compacted 32768 decision nodes down to 20318 live, storage still 32768
selector: compacted 32768 decision nodes down to 23219 live, storage still 32768
selector: compacted 32768 decision nodes down to 24767 live, storage still 32768
selector: compacted 32768 decision nodes down to 24086 live, storage still 32768
selector: compacted 32768 decision nodes down to 27064 live, storage still 32768
selector: compacted 32768 decision nodes down to 26274 live, storage still 32768
selector: compacted 32768 decision nodes down to 29200 live, storage still 32768
selector: compacted 32768 decision nodes down to 29559 live, storage still 32768
selector: compacted 32768 decision nodes down to 26713 live, storage still 32768
selector: compacted 32768 decision nodes down to 23224 live, storage still 32768
selector: compacted 32768 decision nodes down to 26016 live, storage still 32768
selector: compacted 32768 decision nodes down to 26051 live, storage still 32768
selector: compacted 32768 decision nodes down to 27105 live, storage still 32768
selector: compacted 32768 decision nodes down to 24618 live, storage still 32768
selector: compacted 32768 decision nodes down to 22178 live, storage still 32768
selector: compacted 32768 decision nodes down to 23043 live, storage still 32768
selector: compacted 32768 decision nodes down to 24962 live, storage still 32768
selector: compacted 32768 decision nodes down to 24999 live, storage still 32768
selector: compacted 32768 decision nodes down to 27486 live, storage still 32768
selector: compacted 32768 decision nodes down to 28330 live, storage still 32768
selector: compacted 32768 decision nodes down to 27349 live, storage still 32768
selector: compacted 32768 decision nodes down to 27900 live, storage still 32768
selector: compacted 32768 decision nodes down to 30037 live, storage still 32768
selector: compacted 32768 decision nodes down to 29031 live, storage still 32768
selector: compacted 32768 decision nodes down to 30456 live, storage still 32768
selector: compacted 32768 decision nodes down to 30000 live, storage still 32768
selector: compacted 32768 decision nodes down to 31823 live, storage still 32768
selector: compacted 32768 decision nodes down to 30707 live, storage still 32768
selector: compacted 32768 decision nodes down to 31823 live, storage still 32768
selector: compacted 32768 decision nodes down to 32206 live, storage still 32768
selector: compacted 32768 decision nodes down to 31386 live, storage still 32768
selector: compacted 32768 decision nodes down to 30640 live, storage still 32768
selector: compacted 32768 decision nodes down to 32397 live, storage still 32768
selector: preserving 32767 decision nodes; growing storage to 65536 nodes
selector: compacted 65536 decision nodes down to 36660 live, storage still 65536
selector: compacted 65536 decision nodes down to 35651 live, storage still 65536
selector: compacted 65536 decision nodes down to 41464 live, storage still 65536
selector: compacted 65536 decision nodes down to 35984 live, storage still 65536
selector: compacted 65536 decision nodes down to 47319 live, storage still 65536
selector: compacted 65536 decision nodes down to 40185 live, storage still 65536
selector: compacted 65536 decision nodes down to 41060 live, storage still 65536
selector: compacted 65536 decision nodes down to 45078 live, storage still 65536
selector: compacted 65536 decision nodes down to 45474 live, storage still 65536
selector: compacted 65536 decision nodes down to 44889 live, storage still 65536
selector: compacted 65536 decision nodes down to 41222 live, storage still 65536
selector: compacted 65536 decision nodes down to 39494 live, storage still 65536
selector: compacted 65536 decision nodes down to 42083 live, storage still 65536
selector: compacted 65536 decision nodes down to 43317 live, storage still 65536
selector: compacted 65536 decision nodes down to 45195 live, storage still 65536
selector: compacted 65536 decision nodes down to 49296 live, storage still 65536
selector: compacted 65536 decision nodes down to 54184 live, storage still 65536
selector: compacted 65536 decision nodes down to 53741 live, storage still 65536
selector: compacted 65536 decision nodes down to 54956 live, storage still 65536
selector: compacted 65536 decision nodes down to 56656 live, storage still 65536
selector: compacted 65536 decision nodes down to 59918 live, storage still 65536
selector: compacted 65536 decision nodes down to 62105 live, storage still 65536
selector: compacted 65536 decision nodes down to 61772 live, storage still 65536
selector: compacted 65536 decision nodes down to 59465 live, storage still 65536
selector: compacted 65536 decision nodes down to 63400 live, storage still 65536
selector: preserving 65535 decision nodes; growing storage to 131072 nodes
selector: compacted 131072 decision nodes down to 63663 live, storage still 131072
selector: compacted 131072 decision nodes down to 69017 live, storage still 131072
selector: compacted 131072 decision nodes down to 62130 live, storage still 131072
selector: compacted 131072 decision nodes down to 68160 live, storage still 131072
selector: compacted 131072 decision nodes down to 84135 live, storage still 131072
selector: compacted 131072 decision nodes down to 67663 live, storage still 131072
selector: compacted 131072 decision nodes down to 63860 live, storage still 131072
selector: compacted 131072 decision nodes down to 73539 live, storage still 131072
selector: compacted 131072 decision nodes down to 83298 live, storage still 131072
selector: compacted 131072 decision nodes down to 96649 live, storage still 131072
selector: compacted 131072 decision nodes down to 102339 live, storage still 131072
selector: compacted 131072 decision nodes down to 106355 live, storage still 131072
selector: compacted 131072 decision nodes down to 104202 live, storage still 131072
selector: compacted 131072 decision nodes down to 113628 live, storage still 131072
selector: compacted 131072 decision nodes down to 113115 live, storage still 131072
selector: compacted 131072 decision nodes down to 112854 live, storage still 131072
selector: compacted 131072 decision nodes down to 126276 live, storage still 131072
selector: preserving 131071 decision nodes; growing storage to 262144 nodes
selector: compacted 262144 decision nodes down to 108768 live, storage still 262144
selector: compacted 262144 decision nodes down to 138376 live, storage still 262144
selector: compacted 262144 decision nodes down to 143240 live, storage still 262144
selector: compacted 262144 decision nodes down to 124908 live, storage still 262144
selector: compacted 262144 decision nodes down to 124020 live, storage still 262144
selector: compacted 262144 decision nodes down to 131953 live, storage still 262144
selector: compacted 262144 decision nodes down to 161242 live, storage still 262144
selector: compacted 262144 decision nodes down to 181988 live, storage still 262144
selector: compacted 262144 decision nodes down to 182912 live, storage still 262144
selector: compacted 262144 decision nodes down to 196251 live, storage still 262144
selector: compacted 262144 decision nodes down to 207043 live, storage still 262144
selector: compacted 262144 decision nodes down to 200531 live, storage still 262144
selector: compacted 262144 decision nodes down to 213825 live, storage still 262144
selector: compacted 262144 decision nodes down to 192540 live, storage still 262144
selector: compacted 262144 decision nodes down to 206896 live, storage still 262144
selector: compacted 262144 decision nodes down to 198943 live, storage still 262144
selector: compacted 262144 decision nodes down to 217235 live, storage still 262144
selector: compacted 262144 decision nodes down to 200930 live, storage still 262144
selector: compacted 262144 decision nodes down to 226878 live, storage still 262144
selector: compacted 262144 decision nodes down to 199586 live, storage still 262144
selector: compacted 262144 decision nodes down to 202796 live, storage still 262144
selector: compacted 262144 decision nodes down to 199303 live, storage still 262144
selector: compacted 262144 decision nodes down to 201317 live, storage still 262144
selector: compacted 262144 decision nodes down to 169755 live, storage still 262144
selector: compacted 262144 decision nodes down to 175628 live, storage still 262144
selector: compacted 262144 decision nodes down to 161747 live, storage still 262144
selector: compacted 262144 decision nodes down to 177972 live, storage still 262144
selector: compacted 262144 decision nodes down to 198687 live, storage still 262144
selector: compacted 262144 decision nodes down to 206087 live, storage still 262144
selector: compacted 262144 decision nodes down to 216118 live, storage still 262144
selector: compacted 262144 decision nodes down to 221963 live, storage still 262144
selector: compacted 262144 decision nodes down to 227712 live, storage still 262144
selector: compacted 262144 decision nodes down to 229887 live, storage still 262144
selector: compacted 262144 decision nodes down to 238126 live, storage still 262144
selector: compacted 262144 decision nodes down to 232982 live, storage still 262144
selector: compacted 262144 decision nodes down to 227621 live, storage still 262144
selector: compacted 262144 decision nodes down to 239640 live, storage still 262144
selector: compacted 262144 decision nodes down to 226193 live, storage still 262144
selector: compacted 262144 decision nodes down to 225609 live, storage still 262144
selector: compacted 262144 decision nodes down to 233354 live, storage still 262144
selector: compacted 262144 decision nodes down to 221672 live, storage still 262144
selector: compacted 262144 decision nodes down to 239448 live, storage still 262144
selector: compacted 262144 decision nodes down to 227575 live, storage still 262144
selector: compacted 262144 decision nodes down to 212329 live, storage still 262144
selector: compacted 262144 decision nodes down to 226545 live, storage still 262144
selector: compacted 262144 decision nodes down to 230040 live, storage still 262144
selector: compacted 262144 decision nodes down to 194388 live, storage still 262144
selector: compacted 262144 decision nodes down to 221291 live, storage still 262144
selector: compacted 262144 decision nodes down to 227931 live, storage still 262144
selector: compacted 262144 decision nodes down to 187860 live, storage still 262144
selector: compacted 262144 decision nodes down to 196044 live, storage still 262144
selector: compacted 262144 decision nodes down to 210359 live, storage still 262144
selector: compacted 262144 decision nodes down to 177987 live, storage still 262144
selector: compacted 262144 decision nodes down to 202285 live, storage still 262144
selector: compacted 262144 decision nodes down to 159456 live, storage still 262144
selector: compacted 262144 decision nodes down to 131459 live, storage still 262144
selector: compacted 262144 decision nodes down to 144113 live, storage still 262144
selector: compacted 262144 decision nodes down to 163228 live, storage still 262144
selector: compacted 262144 decision nodes down to 180662 live, storage still 262144
selector: compacted 262144 decision nodes down to 188816 live, storage still 262144
selector: compacted 262144 decision nodes down to 203499 live, storage still 262144
selector: compacted 262144 decision nodes down to 211827 live, storage still 262144
selector: compacted 262144 decision nodes down to 197740 live, storage still 262144
selector: compacted 262144 decision nodes down to 184354 live, storage still 262144
selector: compacted 262144 decision nodes down to 176806 live, storage still 262144
selector: compacted 262144 decision nodes down to 172935 live, storage still 262144
selector: compacted 262144 decision nodes down to 160460 live, storage still 262144
selector: compacted 262144 decision nodes down to 135531 live, storage still 262144
selector: compacted 262144 decision nodes down to 122300 live, storage still 262144
selector: compacted 262144 decision nodes down to 133469 live, storage still 262144
selector: compacted 262144 decision nodes down to 158676 live, storage still 262144
selector: compacted 262144 decision nodes down to 145008 live, storage still 262144
selector: compacted 262144 decision nodes down to 121394 live, storage still 262144
selector: compacted 262144 decision nodes down to 77958 live, storage still 262144
selector: compacted 262144 decision nodes down to 98934 live, storage still 262144
selector: compacted 262144 decision nodes down to 48907 live, storage still 262144
selector: compacted 262144 decision nodes down to 36941 live, storage still 262144
symbolic product relation in run_nested: N=206156988411 m=19
  process: ⊢⊙∈≻⊤≺⊥⋈⊞∋⊡⊣
  circuit operators=4761; IMASM nesting depth=64; nested mark ticks=4563456; selection ticks=233472
  decision nodes=165884; graph reductions=86898256; 30.530239s
  factor-candidate loop: none; relation solutions=2; witness path nodes=38
  temporal witness limbs=1; limb path nodes=38; limb ticks=233472; continuation=1
  node storage=262144; storage growths=8; compactions=287; device launches=296
  206156988411 = 393217 x 524283 (verified)
⊙> gpu_kernel selector_relation 824630837243 20 1024 64
selector: compacted 1024 decision nodes down to 755 live, storage still 1024
selector: compacted 1024 decision nodes down to 949 live, storage still 1024
selector: compacted 1024 decision nodes down to 1002 live, storage still 1024
selector: compacted 1024 decision nodes down to 1017 live, storage still 1024
selector: compacted 1024 decision nodes down to 1020 live, storage still 1024
selector: compacted 1024 decision nodes down to 1023 live, storage still 1024
selector: preserving 1023 decision nodes; growing storage to 2048 nodes
selector: compacted 2048 decision nodes down to 1177 live, storage still 2048
selector: compacted 2048 decision nodes down to 1235 live, storage still 2048
selector: compacted 2048 decision nodes down to 1259 live, storage still 2048
selector: compacted 2048 decision nodes down to 1383 live, storage still 2048
selector: compacted 2048 decision nodes down to 1512 live, storage still 2048
selector: compacted 2048 decision nodes down to 1501 live, storage still 2048
selector: compacted 2048 decision nodes down to 1364 live, storage still 2048
selector: compacted 2048 decision nodes down to 1499 live, storage still 2048
selector: compacted 2048 decision nodes down to 1564 live, storage still 2048
selector: compacted 2048 decision nodes down to 1675 live, storage still 2048
selector: compacted 2048 decision nodes down to 1688 live, storage still 2048
selector: compacted 2048 decision nodes down to 1671 live, storage still 2048
selector: compacted 2048 decision nodes down to 1882 live, storage still 2048
selector: compacted 2048 decision nodes down to 1837 live, storage still 2048
selector: compacted 2048 decision nodes down to 1729 live, storage still 2048
selector: compacted 2048 decision nodes down to 2046 live, storage still 2048
selector: preserving 2047 decision nodes; growing storage to 4096 nodes
selector: compacted 4096 decision nodes down to 1703 live, storage still 4096
selector: compacted 4096 decision nodes down to 2154 live, storage still 4096
selector: compacted 4096 decision nodes down to 2536 live, storage still 4096
selector: compacted 4096 decision nodes down to 2426 live, storage still 4096
selector: compacted 4096 decision nodes down to 2408 live, storage still 4096
selector: compacted 4096 decision nodes down to 2303 live, storage still 4096
selector: compacted 4096 decision nodes down to 2332 live, storage still 4096
selector: compacted 4096 decision nodes down to 2682 live, storage still 4096
selector: compacted 4096 decision nodes down to 2739 live, storage still 4096
selector: compacted 4096 decision nodes down to 2992 live, storage still 4096
selector: compacted 4096 decision nodes down to 3053 live, storage still 4096
selector: compacted 4096 decision nodes down to 3600 live, storage still 4096
selector: compacted 4096 decision nodes down to 3241 live, storage still 4096
selector: compacted 4096 decision nodes down to 4045 live, storage still 4096
selector: preserving 4095 decision nodes; growing storage to 8192 nodes
selector: compacted 8192 decision nodes down to 3232 live, storage still 8192
selector: compacted 8192 decision nodes down to 2977 live, storage still 8192
selector: compacted 8192 decision nodes down to 3818 live, storage still 8192
selector: compacted 8192 decision nodes down to 4465 live, storage still 8192
selector: compacted 8192 decision nodes down to 5437 live, storage still 8192
selector: compacted 8192 decision nodes down to 4788 live, storage still 8192
selector: compacted 8192 decision nodes down to 5509 live, storage still 8192
selector: compacted 8192 decision nodes down to 5452 live, storage still 8192
selector: compacted 8192 decision nodes down to 6208 live, storage still 8192
selector: compacted 8192 decision nodes down to 4435 live, storage still 8192
selector: compacted 8192 decision nodes down to 5861 live, storage still 8192
selector: compacted 8192 decision nodes down to 4292 live, storage still 8192
selector: compacted 8192 decision nodes down to 5108 live, storage still 8192
selector: compacted 8192 decision nodes down to 5061 live, storage still 8192
selector: compacted 8192 decision nodes down to 5290 live, storage still 8192
selector: compacted 8192 decision nodes down to 6271 live, storage still 8192
selector: compacted 8192 decision nodes down to 6284 live, storage still 8192
selector: compacted 8192 decision nodes down to 6694 live, storage still 8192
selector: compacted 8192 decision nodes down to 7073 live, storage still 8192
selector: compacted 8192 decision nodes down to 7314 live, storage still 8192
selector: compacted 8192 decision nodes down to 7414 live, storage still 8192
selector: compacted 8192 decision nodes down to 7012 live, storage still 8192
selector: compacted 8192 decision nodes down to 7662 live, storage still 8192
selector: compacted 8192 decision nodes down to 7611 live, storage still 8192
selector: compacted 8192 decision nodes down to 7183 live, storage still 8192
selector: compacted 8192 decision nodes down to 7953 live, storage still 8192
selector: preserving 8191 decision nodes; growing storage to 16384 nodes
selector: compacted 16384 decision nodes down to 8381 live, storage still 16384
selector: compacted 16384 decision nodes down to 8773 live, storage still 16384
selector: compacted 16384 decision nodes down to 8282 live, storage still 16384
selector: compacted 16384 decision nodes down to 8874 live, storage still 16384
selector: compacted 16384 decision nodes down to 7467 live, storage still 16384
selector: compacted 16384 decision nodes down to 9287 live, storage still 16384
selector: compacted 16384 decision nodes down to 9959 live, storage still 16384
selector: compacted 16384 decision nodes down to 11357 live, storage still 16384
selector: compacted 16384 decision nodes down to 12328 live, storage still 16384
selector: compacted 16384 decision nodes down to 12092 live, storage still 16384
selector: compacted 16384 decision nodes down to 12475 live, storage still 16384
selector: compacted 16384 decision nodes down to 14079 live, storage still 16384
selector: compacted 16384 decision nodes down to 13073 live, storage still 16384
selector: compacted 16384 decision nodes down to 16001 live, storage still 16384
selector: preserving 16383 decision nodes; growing storage to 32768 nodes
selector: compacted 32768 decision nodes down to 15711 live, storage still 32768
selector: compacted 32768 decision nodes down to 16758 live, storage still 32768
selector: compacted 32768 decision nodes down to 16324 live, storage still 32768
selector: compacted 32768 decision nodes down to 13144 live, storage still 32768
selector: compacted 32768 decision nodes down to 15016 live, storage still 32768
selector: compacted 32768 decision nodes down to 19618 live, storage still 32768
selector: compacted 32768 decision nodes down to 21909 live, storage still 32768
selector: compacted 32768 decision nodes down to 21601 live, storage still 32768
selector: compacted 32768 decision nodes down to 22715 live, storage still 32768
selector: compacted 32768 decision nodes down to 23177 live, storage still 32768
selector: compacted 32768 decision nodes down to 23925 live, storage still 32768
selector: compacted 32768 decision nodes down to 26274 live, storage still 32768
selector: compacted 32768 decision nodes down to 20429 live, storage still 32768
selector: compacted 32768 decision nodes down to 23330 live, storage still 32768
selector: compacted 32768 decision nodes down to 24878 live, storage still 32768
selector: compacted 32768 decision nodes down to 24197 live, storage still 32768
selector: compacted 32768 decision nodes down to 27175 live, storage still 32768
selector: compacted 32768 decision nodes down to 26385 live, storage still 32768
selector: compacted 32768 decision nodes down to 29311 live, storage still 32768
selector: compacted 32768 decision nodes down to 29670 live, storage still 32768
selector: compacted 32768 decision nodes down to 26824 live, storage still 32768
selector: compacted 32768 decision nodes down to 23335 live, storage still 32768
selector: compacted 32768 decision nodes down to 26127 live, storage still 32768
selector: compacted 32768 decision nodes down to 26162 live, storage still 32768
selector: compacted 32768 decision nodes down to 27216 live, storage still 32768
selector: compacted 32768 decision nodes down to 24729 live, storage still 32768
selector: compacted 32768 decision nodes down to 22289 live, storage still 32768
selector: compacted 32768 decision nodes down to 23154 live, storage still 32768
selector: compacted 32768 decision nodes down to 25073 live, storage still 32768
selector: compacted 32768 decision nodes down to 25110 live, storage still 32768
selector: compacted 32768 decision nodes down to 27597 live, storage still 32768
selector: compacted 32768 decision nodes down to 28441 live, storage still 32768
selector: compacted 32768 decision nodes down to 27460 live, storage still 32768
selector: compacted 32768 decision nodes down to 28011 live, storage still 32768
selector: compacted 32768 decision nodes down to 30148 live, storage still 32768
selector: compacted 32768 decision nodes down to 29142 live, storage still 32768
selector: compacted 32768 decision nodes down to 31651 live, storage still 32768
selector: compacted 32768 decision nodes down to 30567 live, storage still 32768
selector: compacted 32768 decision nodes down to 30111 live, storage still 32768
selector: compacted 32768 decision nodes down to 31934 live, storage still 32768
selector: compacted 32768 decision nodes down to 30818 live, storage still 32768
selector: compacted 32768 decision nodes down to 31934 live, storage still 32768
selector: compacted 32768 decision nodes down to 32317 live, storage still 32768
selector: compacted 32768 decision nodes down to 31497 live, storage still 32768
selector: compacted 32768 decision nodes down to 31108 live, storage still 32768
selector: compacted 32768 decision nodes down to 31960 live, storage still 32768
selector: compacted 32768 decision nodes down to 32508 live, storage still 32768
selector: preserving 32767 decision nodes; growing storage to 65536 nodes
selector: compacted 65536 decision nodes down to 36771 live, storage still 65536
selector: compacted 65536 decision nodes down to 35762 live, storage still 65536
selector: compacted 65536 decision nodes down to 41575 live, storage still 65536
selector: compacted 65536 decision nodes down to 36095 live, storage still 65536
selector: compacted 65536 decision nodes down to 47430 live, storage still 65536
selector: compacted 65536 decision nodes down to 40296 live, storage still 65536
selector: compacted 65536 decision nodes down to 41171 live, storage still 65536
selector: compacted 65536 decision nodes down to 45189 live, storage still 65536
selector: compacted 65536 decision nodes down to 45585 live, storage still 65536
selector: compacted 65536 decision nodes down to 45000 live, storage still 65536
selector: compacted 65536 decision nodes down to 41333 live, storage still 65536
selector: compacted 65536 decision nodes down to 39605 live, storage still 65536
selector: compacted 65536 decision nodes down to 42194 live, storage still 65536
selector: compacted 65536 decision nodes down to 43428 live, storage still 65536
selector: compacted 65536 decision nodes down to 45306 live, storage still 65536
selector: compacted 65536 decision nodes down to 50488 live, storage still 65536
selector: compacted 65536 decision nodes down to 53266 live, storage still 65536
selector: compacted 65536 decision nodes down to 53852 live, storage still 65536
selector: compacted 65536 decision nodes down to 55067 live, storage still 65536
selector: compacted 65536 decision nodes down to 56767 live, storage still 65536
selector: compacted 65536 decision nodes down to 60029 live, storage still 65536
selector: compacted 65536 decision nodes down to 62216 live, storage still 65536
selector: compacted 65536 decision nodes down to 61883 live, storage still 65536
selector: compacted 65536 decision nodes down to 59576 live, storage still 65536
selector: compacted 65536 decision nodes down to 63511 live, storage still 65536
selector: preserving 65535 decision nodes; growing storage to 131072 nodes
selector: compacted 131072 decision nodes down to 63774 live, storage still 131072
selector: compacted 131072 decision nodes down to 69128 live, storage still 131072
selector: compacted 131072 decision nodes down to 62241 live, storage still 131072
selector: compacted 131072 decision nodes down to 68271 live, storage still 131072
selector: compacted 131072 decision nodes down to 84246 live, storage still 131072
selector: compacted 131072 decision nodes down to 67774 live, storage still 131072
selector: compacted 131072 decision nodes down to 63971 live, storage still 131072
selector: compacted 131072 decision nodes down to 73650 live, storage still 131072
selector: compacted 131072 decision nodes down to 83409 live, storage still 131072
selector: compacted 131072 decision nodes down to 96760 live, storage still 131072
selector: compacted 131072 decision nodes down to 102450 live, storage still 131072
selector: compacted 131072 decision nodes down to 106466 live, storage still 131072
selector: compacted 131072 decision nodes down to 104313 live, storage still 131072
selector: compacted 131072 decision nodes down to 113739 live, storage still 131072
selector: compacted 131072 decision nodes down to 118361 live, storage still 131072
selector: compacted 131072 decision nodes down to 120985 live, storage still 131072
selector: compacted 131072 decision nodes down to 121890 live, storage still 131072
selector: compacted 131072 decision nodes down to 101394 live, storage still 131072
selector: compacted 131072 decision nodes down to 114302 live, storage still 131072
selector: compacted 131072 decision nodes down to 118476 live, storage still 131072
selector: compacted 131072 decision nodes down to 124152 live, storage still 131072
selector: compacted 131072 decision nodes down to 120484 live, storage still 131072
selector: compacted 131072 decision nodes down to 110813 live, storage still 131072
selector: compacted 131072 decision nodes down to 114305 live, storage still 131072
selector: compacted 131072 decision nodes down to 116745 live, storage still 131072
selector: compacted 131072 decision nodes down to 117939 live, storage still 131072
selector: compacted 131072 decision nodes down to 125894 live, storage still 131072
selector: preserving 131071 decision nodes; growing storage to 262144 nodes
selector: compacted 262144 decision nodes down to 115991 live, storage still 262144
selector: compacted 262144 decision nodes down to 125121 live, storage still 262144
selector: compacted 262144 decision nodes down to 111672 live, storage still 262144
selector: compacted 262144 decision nodes down to 127364 live, storage still 262144
selector: compacted 262144 decision nodes down to 125212 live, storage still 262144
selector: compacted 262144 decision nodes down to 157220 live, storage still 262144
selector: compacted 262144 decision nodes down to 177904 live, storage still 262144
selector: compacted 262144 decision nodes down to 182497 live, storage still 262144
selector: compacted 262144 decision nodes down to 198998 live, storage still 262144
selector: compacted 262144 decision nodes down to 193810 live, storage still 262144
selector: compacted 262144 decision nodes down to 194618 live, storage still 262144
selector: compacted 262144 decision nodes down to 196744 live, storage still 262144
selector: compacted 262144 decision nodes down to 219596 live, storage still 262144
selector: compacted 262144 decision nodes down to 201912 live, storage still 262144
selector: compacted 262144 decision nodes down to 203440 live, storage still 262144
selector: compacted 262144 decision nodes down to 231840 live, storage still 262144
selector: compacted 262144 decision nodes down to 208944 live, storage still 262144
selector: compacted 262144 decision nodes down to 221919 live, storage still 262144
selector: compacted 262144 decision nodes down to 234978 live, storage still 262144
selector: compacted 262144 decision nodes down to 215680 live, storage still 262144
selector: compacted 262144 decision nodes down to 243366 live, storage still 262144
selector: compacted 262144 decision nodes down to 244370 live, storage still 262144
selector: compacted 262144 decision nodes down to 230572 live, storage still 262144
selector: compacted 262144 decision nodes down to 221575 live, storage still 262144
selector: compacted 262144 decision nodes down to 210032 live, storage still 262144
selector: compacted 262144 decision nodes down to 251023 live, storage still 262144
selector: preserving 262143 decision nodes; growing storage to 524288 nodes
selector: compacted 524288 decision nodes down to 251491 live, storage still 524288
selector: compacted 524288 decision nodes down to 236464 live, storage still 524288
selector: compacted 524288 decision nodes down to 240005 live, storage still 524288
selector: compacted 524288 decision nodes down to 307165 live, storage still 524288
selector: compacted 524288 decision nodes down to 326951 live, storage still 524288
selector: compacted 524288 decision nodes down to 333531 live, storage still 524288
selector: compacted 524288 decision nodes down to 318940 live, storage still 524288
selector: compacted 524288 decision nodes down to 349048 live, storage still 524288
selector: compacted 524288 decision nodes down to 372162 live, storage still 524288
selector: compacted 524288 decision nodes down to 327874 live, storage still 524288
selector: compacted 524288 decision nodes down to 362720 live, storage still 524288
selector: compacted 524288 decision nodes down to 297755 live, storage still 524288
selector: compacted 524288 decision nodes down to 347844 live, storage still 524288
selector: compacted 524288 decision nodes down to 313658 live, storage still 524288
selector: compacted 524288 decision nodes down to 302129 live, storage still 524288
selector: compacted 524288 decision nodes down to 352459 live, storage still 524288
selector: compacted 524288 decision nodes down to 386917 live, storage still 524288
selector: compacted 524288 decision nodes down to 405897 live, storage still 524288
selector: compacted 524288 decision nodes down to 431186 live, storage still 524288
selector: compacted 524288 decision nodes down to 423549 live, storage still 524288
selector: compacted 524288 decision nodes down to 411586 live, storage still 524288
selector: compacted 524288 decision nodes down to 401262 live, storage still 524288
selector: compacted 524288 decision nodes down to 387489 live, storage still 524288
selector: compacted 524288 decision nodes down to 421811 live, storage still 524288
selector: compacted 524288 decision nodes down to 398735 live, storage still 524288
selector: compacted 524288 decision nodes down to 411330 live, storage still 524288
selector: compacted 524288 decision nodes down to 396225 live, storage still 524288
selector: compacted 524288 decision nodes down to 415695 live, storage still 524288
selector: compacted 524288 decision nodes down to 336233 live, storage still 524288
selector: compacted 524288 decision nodes down to 376413 live, storage still 524288
selector: compacted 524288 decision nodes down to 321992 live, storage still 524288
selector: compacted 524288 decision nodes down to 297585 live, storage still 524288
selector: compacted 524288 decision nodes down to 271910 live, storage still 524288
selector: compacted 524288 decision nodes down to 305325 live, storage still 524288
selector: compacted 524288 decision nodes down to 351094 live, storage still 524288
selector: compacted 524288 decision nodes down to 378570 live, storage still 524288
selector: compacted 524288 decision nodes down to 397425 live, storage still 524288
selector: compacted 524288 decision nodes down to 354843 live, storage still 524288
selector: compacted 524288 decision nodes down to 384878 live, storage still 524288
selector: compacted 524288 decision nodes down to 371636 live, storage still 524288
selector: compacted 524288 decision nodes down to 362582 live, storage still 524288
selector: compacted 524288 decision nodes down to 317951 live, storage still 524288
selector: compacted 524288 decision nodes down to 287939 live, storage still 524288
selector: compacted 524288 decision nodes down to 236289 live, storage still 524288
selector: compacted 524288 decision nodes down to 257993 live, storage still 524288
selector: compacted 524288 decision nodes down to 296318 live, storage still 524288
selector: compacted 524288 decision nodes down to 255637 live, storage still 524288
selector: compacted 524288 decision nodes down to 221154 live, storage still 524288
selector: compacted 524288 decision nodes down to 162464 live, storage still 524288
selector: compacted 524288 decision nodes down to 157330 live, storage still 524288
selector: compacted 524288 decision nodes down to 112162 live, storage still 524288
selector: compacted 524288 decision nodes down to 40608 live, storage still 524288
symbolic product relation in run_nested: N=824630837243 m=20
  process: ⊢⊙∈≻⊤≺⊥⋈⊞∋⊡⊣
  circuit operators=5291; IMASM nesting depth=64; nested mark ticks=4905984; selection ticks=245760
  decision nodes=178556; graph reductions=153265921; 58.136240s
  factor-candidate loop: none; relation solutions=2; witness path nodes=40
  temporal witness limbs=1; limb path nodes=40; limb ticks=245760; continuation=1
  node storage=524288; storage growths=9; compactions=253; device launches=263
  824630837243 = 786433 x 1048571 (verified)
⊙> quit
Halting. μ∘δ=id.
[SHUTDOWN] μ∘δ=id. Goodbye.
