[2;37m[boot][0m Interrupts: none — the host owns the IDT, no periodic slot
[2;37m[boot][0m Heap: host allocator, 1484 bytes counted, 48MB declared budget
[2;37m[boot][0m IG Catalog: 8682 entries loaded
[2;37m[boot][0m Kernel online — graph execution, token-arity driven
[2;37m[boot][0m Canonical ordinal check...
[2;37m[boot][0m Ordinal faithfulness: [1;32mall 44 values match Lean canonical[0m
[2;37m[boot][0m Clay Millennium status: 2 closed, 1 one-bump-short, 3 unclosed
[2;37m[boot][0m SIC-POVM d=12: Crystal-forced (dual lattice), Shavian count 49=7², WH group |orbit|=144
[2;37m[boot][0m Frobenius identity check...
[2;37m[boot][0m Frobenius identity: hamming=3, weighted=3.1000 — kernel is grammar operationalized
[2;37m[boot][0m Bootstrap: IMSCRIB→AREV→FSPLIT→AFWD→FFUSE→CLINK→IFIX→IMSCRIB (cyclic)
                       F unitary: PASS
  Pentagon form (F^2=I, anti-diag, a^2+b^2=1): PASS
            Braid relation (Y-B): PASS
                 Spin-statistics: PASS
                       S unitary: PASS
        Charge conjugation S^2=I: PASS
                 TQFT identities: PASS
                Verlinde formula: PASS
              Braid Artin B_n<=8: PASS
  Phase lattice = tenths of a winding: PASS
    Constants derivable from PHI: PASS
[2;37m[boot][0m Fibonacci anyon QC: algebra verified = true
[36m[TORUS][0m kernel wound: ⊢⊙∈⊤⋈∋⊡⊞≺⋈⊣  (11 tokens, pinch=0.0000)
[2;37m[boot][0m Crystal FS: 17280000 addresses
[2;37m[boot][0m 29 total programs (I–XXIX): 12 canonical + 4 continuous + 4 novel + 9 shunted


   [1;35m⊙[0m   [1;37mG-mOMonadOS[0m
   [2;37mGPU-native build, mOMonadOS ported to run via CUDA[0m
   [1;33mμ∘δ = id[0m

   [2;37mFrobenius core · Belnap FOUR · crystal FS · graph execution[0m

   [1;34mhelp[0m for commands, [1;34m?[0m for the menu, Tab completes.

   [1;34mask[0m runs a structural dry-run here; the full wet-run is on the host:
   [2;37m./ask --file <path> | ./ask --ask "…" | ./ask -i[0m

⊙> gpu_kernel selector_relation 18446744400127067027 33 1024 64
selector: compacted 1024 decision nodes down to 771 live, storage still 1024
selector: compacted 1024 decision nodes down to 955 live, storage still 1024
selector: compacted 1024 decision nodes down to 1006 live, storage still 1024
selector: compacted 1024 decision nodes down to 1017 live, storage still 1024
selector: compacted 1024 decision nodes down to 1020 live, storage still 1024
selector: compacted 1024 decision nodes down to 1023 live, storage still 1024
selector: preserving 1023 decision nodes; growing storage to 2048 nodes
selector: compacted 2048 decision nodes down to 1777 live, storage still 2048
selector: compacted 2048 decision nodes down to 1976 live, storage still 2048
selector: compacted 2048 decision nodes down to 2030 live, storage still 2048
selector: compacted 2048 decision nodes down to 2042 live, storage still 2048
selector: compacted 2048 decision nodes down to 2045 live, storage still 2048
selector: preserving 2047 decision nodes; growing storage to 4096 nodes
selector: compacted 4096 decision nodes down to 3100 live, storage still 4096
selector: compacted 4096 decision nodes down to 3236 live, storage still 4096
selector: compacted 4096 decision nodes down to 3243 live, storage still 4096
selector: compacted 4096 decision nodes down to 3365 live, storage still 4096
selector: compacted 4096 decision nodes down to 3407 live, storage still 4096
selector: compacted 4096 decision nodes down to 3532 live, storage still 4096
selector: compacted 4096 decision nodes down to 3381 live, storage still 4096
selector: compacted 4096 decision nodes down to 3428 live, storage still 4096
selector: compacted 4096 decision nodes down to 3547 live, storage still 4096
selector: compacted 4096 decision nodes down to 3571 live, storage still 4096
selector: compacted 4096 decision nodes down to 3627 live, storage still 4096
selector: compacted 4096 decision nodes down to 3859 live, storage still 4096
selector: compacted 4096 decision nodes down to 3702 live, storage still 4096
selector: compacted 4096 decision nodes down to 3898 live, storage still 4096
selector: compacted 4096 decision nodes down to 3622 live, storage still 4096
selector: compacted 4096 decision nodes down to 3718 live, storage still 4096
selector: compacted 4096 decision nodes down to 3922 live, storage still 4096
selector: compacted 4096 decision nodes down to 3943 live, storage still 4096
selector: compacted 4096 decision nodes down to 3710 live, storage still 4096
selector: compacted 4096 decision nodes down to 3681 live, storage still 4096
selector: compacted 4096 decision nodes down to 3738 live, storage still 4096
selector: compacted 4096 decision nodes down to 3532 live, storage still 4096
selector: compacted 4096 decision nodes down to 3771 live, storage still 4096
selector: compacted 4096 decision nodes down to 3641 live, storage still 4096
selector: compacted 4096 decision nodes down to 3734 live, storage still 4096
selector: compacted 4096 decision nodes down to 3934 live, storage still 4096
selector: compacted 4096 decision nodes down to 3826 live, storage still 4096
selector: compacted 4096 decision nodes down to 3877 live, storage still 4096
selector: compacted 4096 decision nodes down to 4050 live, storage still 4096
selector: preserving 4095 decision nodes; growing storage to 8192 nodes
selector: compacted 8192 decision nodes down to 4526 live, storage still 8192
selector: compacted 8192 decision nodes down to 4067 live, storage still 8192
selector: compacted 8192 decision nodes down to 4800 live, storage still 8192
selector: compacted 8192 decision nodes down to 5631 live, storage still 8192
selector: compacted 8192 decision nodes down to 6077 live, storage still 8192
selector: compacted 8192 decision nodes down to 5947 live, storage still 8192
selector: compacted 8192 decision nodes down to 5448 live, storage still 8192
selector: compacted 8192 decision nodes down to 5367 live, storage still 8192
selector: compacted 8192 decision nodes down to 5588 live, storage still 8192
selector: compacted 8192 decision nodes down to 5959 live, storage still 8192
selector: compacted 8192 decision nodes down to 6030 live, storage still 8192
selector: compacted 8192 decision nodes down to 6713 live, storage still 8192
selector: compacted 8192 decision nodes down to 6908 live, storage still 8192
selector: compacted 8192 decision nodes down to 6977 live, storage still 8192
selector: compacted 8192 decision nodes down to 7237 live, storage still 8192
selector: compacted 8192 decision nodes down to 6918 live, storage still 8192
selector: compacted 8192 decision nodes down to 7759 live, storage still 8192
selector: compacted 8192 decision nodes down to 7578 live, storage still 8192
selector: compacted 8192 decision nodes down to 7164 live, storage still 8192
selector: compacted 8192 decision nodes down to 7667 live, storage still 8192
selector: compacted 8192 decision nodes down to 7676 live, storage still 8192
selector: compacted 8192 decision nodes down to 7544 live, storage still 8192
selector: compacted 8192 decision nodes down to 8051 live, storage still 8192
selector: preserving 8191 decision nodes; growing storage to 16384 nodes
selector: compacted 16384 decision nodes down to 8456 live, storage still 16384
selector: compacted 16384 decision nodes down to 7302 live, storage still 16384
selector: compacted 16384 decision nodes down to 7898 live, storage still 16384
selector: compacted 16384 decision nodes down to 9110 live, storage still 16384
selector: compacted 16384 decision nodes down to 11167 live, storage still 16384
selector: compacted 16384 decision nodes down to 12297 live, storage still 16384
selector: compacted 16384 decision nodes down to 11688 live, storage still 16384
selector: compacted 16384 decision nodes down to 10849 live, storage still 16384
selector: compacted 16384 decision nodes down to 12685 live, storage still 16384
selector: compacted 16384 decision nodes down to 10755 live, storage still 16384
selector: compacted 16384 decision nodes down to 11741 live, storage still 16384
selector: compacted 16384 decision nodes down to 11428 live, storage still 16384
selector: compacted 16384 decision nodes down to 11890 live, storage still 16384
selector: compacted 16384 decision nodes down to 11630 live, storage still 16384
selector: compacted 16384 decision nodes down to 10346 live, storage still 16384
selector: compacted 16384 decision nodes down to 10738 live, storage still 16384
selector: compacted 16384 decision nodes down to 11962 live, storage still 16384
selector: compacted 16384 decision nodes down to 13473 live, storage still 16384
selector: compacted 16384 decision nodes down to 13793 live, storage still 16384
selector: compacted 16384 decision nodes down to 13694 live, storage still 16384
selector: compacted 16384 decision nodes down to 14363 live, storage still 16384
selector: compacted 16384 decision nodes down to 14805 live, storage still 16384
selector: compacted 16384 decision nodes down to 14336 live, storage still 16384
selector: compacted 16384 decision nodes down to 15421 live, storage still 16384
selector: compacted 16384 decision nodes down to 14808 live, storage still 16384
selector: compacted 16384 decision nodes down to 15365 live, storage still 16384
selector: compacted 16384 decision nodes down to 15925 live, storage still 16384
selector: preserving 16383 decision nodes; growing storage to 32768 nodes
selector: compacted 32768 decision nodes down to 19227 live, storage still 32768
selector: compacted 32768 decision nodes down to 18328 live, storage still 32768
selector: compacted 32768 decision nodes down to 19273 live, storage still 32768
selector: compacted 32768 decision nodes down to 17563 live, storage still 32768
selector: compacted 32768 decision nodes down to 18987 live, storage still 32768
selector: compacted 32768 decision nodes down to 17480 live, storage still 32768
selector: compacted 32768 decision nodes down to 16946 live, storage still 32768
selector: compacted 32768 decision nodes down to 20359 live, storage still 32768
selector: compacted 32768 decision nodes down to 23473 live, storage still 32768
selector: compacted 32768 decision nodes down to 25067 live, storage still 32768
selector: compacted 32768 decision nodes down to 24528 live, storage still 32768
selector: compacted 32768 decision nodes down to 25382 live, storage still 32768
selector: compacted 32768 decision nodes down to 26785 live, storage still 32768
selector: compacted 32768 decision nodes down to 30139 live, storage still 32768
selector: compacted 32768 decision nodes down to 30032 live, storage still 32768
selector: compacted 32768 decision nodes down to 26757 live, storage still 32768
selector: compacted 32768 decision nodes down to 29027 live, storage still 32768
selector: compacted 32768 decision nodes down to 26769 live, storage still 32768
selector: compacted 32768 decision nodes down to 29218 live, storage still 32768
selector: compacted 32768 decision nodes down to 25937 live, storage still 32768
selector: compacted 32768 decision nodes down to 28856 live, storage still 32768
selector: compacted 32768 decision nodes down to 29096 live, storage still 32768
selector: compacted 32768 decision nodes down to 31043 live, storage still 32768
selector: preserving 32767 decision nodes; growing storage to 65536 nodes
selector: compacted 65536 decision nodes down to 30824 live, storage still 65536
selector: compacted 65536 decision nodes down to 30241 live, storage still 65536
selector: compacted 65536 decision nodes down to 26461 live, storage still 65536
selector: compacted 65536 decision nodes down to 33824 live, storage still 65536
selector: compacted 65536 decision nodes down to 37526 live, storage still 65536
selector: compacted 65536 decision nodes down to 45963 live, storage still 65536
selector: compacted 65536 decision nodes down to 47411 live, storage still 65536
selector: compacted 65536 decision nodes down to 45470 live, storage still 65536
selector: compacted 65536 decision nodes down to 43490 live, storage still 65536
selector: compacted 65536 decision nodes down to 51573 live, storage still 65536
selector: compacted 65536 decision nodes down to 45390 live, storage still 65536
selector: compacted 65536 decision nodes down to 53605 live, storage still 65536
selector: compacted 65536 decision nodes down to 56839 live, storage still 65536
selector: compacted 65536 decision nodes down to 50195 live, storage still 65536
selector: compacted 65536 decision nodes down to 48142 live, storage still 65536
selector: compacted 65536 decision nodes down to 54380 live, storage still 65536
selector: compacted 65536 decision nodes down to 52428 live, storage still 65536
selector: compacted 65536 decision nodes down to 58006 live, storage still 65536
selector: compacted 65536 decision nodes down to 59030 live, storage still 65536
selector: compacted 65536 decision nodes down to 52716 live, storage still 65536
selector: compacted 65536 decision nodes down to 47522 live, storage still 65536
selector: compacted 65536 decision nodes down to 52875 live, storage still 65536
selector: compacted 65536 decision nodes down to 53633 live, storage still 65536
selector: compacted 65536 decision nodes down to 56030 live, storage still 65536
selector: compacted 65536 decision nodes down to 56873 live, storage still 65536
selector: compacted 65536 decision nodes down to 48472 live, storage still 65536
selector: compacted 65536 decision nodes down to 49604 live, storage still 65536
selector: compacted 65536 decision nodes down to 50200 live, storage still 65536
selector: compacted 65536 decision nodes down to 45625 live, storage still 65536
selector: compacted 65536 decision nodes down to 49278 live, storage still 65536
selector: compacted 65536 decision nodes down to 50501 live, storage still 65536
selector: compacted 65536 decision nodes down to 50491 live, storage still 65536
selector: compacted 65536 decision nodes down to 52423 live, storage still 65536
selector: compacted 65536 decision nodes down to 55231 live, storage still 65536
selector: compacted 65536 decision nodes down to 57508 live, storage still 65536
selector: compacted 65536 decision nodes down to 57601 live, storage still 65536
selector: compacted 65536 decision nodes down to 58757 live, storage still 65536
selector: compacted 65536 decision nodes down to 59488 live, storage still 65536
selector: compacted 65536 decision nodes down to 63268 live, storage still 65536
selector: compacted 65536 decision nodes down to 63026 live, storage still 65536
selector: compacted 65536 decision nodes down to 60915 live, storage still 65536
selector: compacted 65536 decision nodes down to 60602 live, storage still 65536
selector: compacted 65536 decision nodes down to 64140 live, storage still 65536
selector: preserving 65535 decision nodes; growing storage to 131072 nodes
selector: compacted 131072 decision nodes down to 74587 live, storage still 131072
selector: compacted 131072 decision nodes down to 82626 live, storage still 131072
selector: compacted 131072 decision nodes down to 72266 live, storage still 131072
selector: compacted 131072 decision nodes down to 83466 live, storage still 131072
selector: compacted 131072 decision nodes down to 85944 live, storage still 131072
selector: compacted 131072 decision nodes down to 85776 live, storage still 131072
selector: compacted 131072 decision nodes down to 88248 live, storage still 131072
selector: compacted 131072 decision nodes down to 96011 live, storage still 131072
selector: compacted 131072 decision nodes down to 74852 live, storage still 131072
selector: compacted 131072 decision nodes down to 71420 live, storage still 131072
selector: compacted 131072 decision nodes down to 72321 live, storage still 131072
selector: compacted 131072 decision nodes down to 88191 live, storage still 131072
selector: compacted 131072 decision nodes down to 91846 live, storage still 131072
selector: compacted 131072 decision nodes down to 101121 live, storage still 131072
selector: compacted 131072 decision nodes down to 102311 live, storage still 131072
selector: compacted 131072 decision nodes down to 112333 live, storage still 131072
selector: compacted 131072 decision nodes down to 117108 live, storage still 131072
selector: compacted 131072 decision nodes down to 111028 live, storage still 131072
selector: compacted 131072 decision nodes down to 123465 live, storage still 131072
selector: compacted 131072 decision nodes down to 120424 live, storage still 131072
selector: compacted 131072 decision nodes down to 114178 live, storage still 131072
selector: compacted 131072 decision nodes down to 121509 live, storage still 131072
selector: compacted 131072 decision nodes down to 121268 live, storage still 131072
selector: compacted 131072 decision nodes down to 119490 live, storage still 131072
selector: compacted 131072 decision nodes down to 126575 live, storage still 131072
selector: preserving 131071 decision nodes; growing storage to 262144 nodes
selector: compacted 262144 decision nodes down to 124830 live, storage still 262144
selector: compacted 262144 decision nodes down to 140744 live, storage still 262144
selector: compacted 262144 decision nodes down to 123236 live, storage still 262144
selector: compacted 262144 decision nodes down to 139966 live, storage still 262144
selector: compacted 262144 decision nodes down to 155274 live, storage still 262144
selector: compacted 262144 decision nodes down to 123051 live, storage still 262144
selector: compacted 262144 decision nodes down to 137869 live, storage still 262144
selector: compacted 262144 decision nodes down to 168338 live, storage still 262144
selector: compacted 262144 decision nodes down to 188554 live, storage still 262144
selector: compacted 262144 decision nodes down to 191311 live, storage still 262144
selector: compacted 262144 decision nodes down to 208008 live, storage still 262144
selector: compacted 262144 decision nodes down to 221949 live, storage still 262144
selector: compacted 262144 decision nodes down to 203714 live, storage still 262144
selector: compacted 262144 decision nodes down to 218820 live, storage still 262144
selector: compacted 262144 decision nodes down to 208100 live, storage still 262144
selector: compacted 262144 decision nodes down to 207525 live, storage still 262144
selector: compacted 262144 decision nodes down to 212536 live, storage still 262144
selector: compacted 262144 decision nodes down to 225115 live, storage still 262144
selector: compacted 262144 decision nodes down to 227758 live, storage still 262144
selector: compacted 262144 decision nodes down to 234967 live, storage still 262144
selector: compacted 262144 decision nodes down to 238093 live, storage still 262144
selector: compacted 262144 decision nodes down to 240798 live, storage still 262144
selector: compacted 262144 decision nodes down to 227235 live, storage still 262144
selector: compacted 262144 decision nodes down to 212148 live, storage still 262144
selector: compacted 262144 decision nodes down to 230441 live, storage still 262144
selector: compacted 262144 decision nodes down to 235895 live, storage still 262144
selector: compacted 262144 decision nodes down to 243714 live, storage still 262144
selector: preserving 262143 decision nodes; growing storage to 524288 nodes
selector: compacted 524288 decision nodes down to 256524 live, storage still 524288
selector: compacted 524288 decision nodes down to 238157 live, storage still 524288
selector: compacted 524288 decision nodes down to 229979 live, storage still 524288
selector: compacted 524288 decision nodes down to 255301 live, storage still 524288
selector: compacted 524288 decision nodes down to 297650 live, storage still 524288
selector: compacted 524288 decision nodes down to 359400 live, storage still 524288
selector: compacted 524288 decision nodes down to 375864 live, storage still 524288
selector: compacted 524288 decision nodes down to 371089 live, storage still 524288
selector: compacted 524288 decision nodes down to 387512 live, storage still 524288
selector: compacted 524288 decision nodes down to 380877 live, storage still 524288
selector: compacted 524288 decision nodes down to 351864 live, storage still 524288
selector: compacted 524288 decision nodes down to 419887 live, storage still 524288
selector: compacted 524288 decision nodes down to 447161 live, storage still 524288
selector: compacted 524288 decision nodes down to 401682 live, storage still 524288
selector: compacted 524288 decision nodes down to 420499 live, storage still 524288
selector: compacted 524288 decision nodes down to 444704 live, storage still 524288
selector: compacted 524288 decision nodes down to 419697 live, storage still 524288
selector: compacted 524288 decision nodes down to 469379 live, storage still 524288
selector: compacted 524288 decision nodes down to 488765 live, storage still 524288
selector: preserving 524287 decision nodes; growing storage to 1048576 nodes
selector: compacted 1048576 decision nodes down to 423096 live, storage still 1048576
selector: compacted 1048576 decision nodes down to 381964 live, storage still 1048576
selector: compacted 1048576 decision nodes down to 494975 live, storage still 1048576
selector: compacted 1048576 decision nodes down to 577808 live, storage still 1048576
selector: compacted 1048576 decision nodes down to 633705 live, storage still 1048576
selector: compacted 1048576 decision nodes down to 668062 live, storage still 1048576
selector: compacted 1048576 decision nodes down to 656772 live, storage still 1048576
selector: compacted 1048576 decision nodes down to 678314 live, storage still 1048576
selector: compacted 1048576 decision nodes down to 778258 live, storage still 1048576
selector: compacted 1048576 decision nodes down to 614644 live, storage still 1048576
selector: compacted 1048576 decision nodes down to 798953 live, storage still 1048576
selector: compacted 1048576 decision nodes down to 727766 live, storage still 1048576
selector: compacted 1048576 decision nodes down to 689528 live, storage still 1048576
selector: compacted 1048576 decision nodes down to 753759 live, storage still 1048576
selector: compacted 1048576 decision nodes down to 600520 live, storage still 1048576
selector: compacted 1048576 decision nodes down to 623242 live, storage still 1048576
selector: compacted 1048576 decision nodes down to 659886 live, storage still 1048576
selector: compacted 1048576 decision nodes down to 726987 live, storage still 1048576
selector: compacted 1048576 decision nodes down to 766173 live, storage still 1048576
selector: compacted 1048576 decision nodes down to 839811 live, storage still 1048576
selector: compacted 1048576 decision nodes down to 869216 live, storage still 1048576
selector: compacted 1048576 decision nodes down to 887666 live, storage still 1048576
selector: compacted 1048576 decision nodes down to 933808 live, storage still 1048576
selector: compacted 1048576 decision nodes down to 956211 live, storage still 1048576
selector: compacted 1048576 decision nodes down to 916809 live, storage still 1048576
selector: compacted 1048576 decision nodes down to 995904 live, storage still 1048576
selector: compacted 1048576 decision nodes down to 974879 live, storage still 1048576
selector: compacted 1048576 decision nodes down to 936016 live, storage still 1048576
selector: compacted 1048576 decision nodes down to 982890 live, storage still 1048576
selector: compacted 1048576 decision nodes down to 981150 live, storage still 1048576
selector: compacted 1048576 decision nodes down to 969841 live, storage still 1048576
selector: compacted 1048576 decision nodes down to 1014970 live, storage still 1048576
selector: preserving 1048575 decision nodes; growing storage to 2097152 nodes
selector: compacted 2097152 decision nodes down to 1046169 live, storage still 2097152
selector: compacted 2097152 decision nodes down to 1100469 live, storage still 2097152
selector: compacted 2097152 decision nodes down to 1122646 live, storage still 2097152
selector: compacted 2097152 decision nodes down to 1443000 live, storage still 2097152
selector: compacted 2097152 decision nodes down to 1236458 live, storage still 2097152
selector: compacted 2097152 decision nodes down to 1115279 live, storage still 2097152
selector: compacted 2097152 decision nodes down to 1104536 live, storage still 2097152
selector: compacted 2097152 decision nodes down to 1144231 live, storage still 2097152
selector: compacted 2097152 decision nodes down to 1332795 live, storage still 2097152
selector: compacted 2097152 decision nodes down to 1471207 live, storage still 2097152
selector: compacted 2097152 decision nodes down to 1609768 live, storage still 2097152
selector: compacted 2097152 decision nodes down to 1714413 live, storage still 2097152
selector: compacted 2097152 decision nodes down to 1673962 live, storage still 2097152
selector: compacted 2097152 decision nodes down to 1651309 live, storage still 2097152
selector: compacted 2097152 decision nodes down to 1808117 live, storage still 2097152
selector: compacted 2097152 decision nodes down to 1675954 live, storage still 2097152
selector: compacted 2097152 decision nodes down to 1681382 live, storage still 2097152
selector: compacted 2097152 decision nodes down to 1747336 live, storage still 2097152
selector: compacted 2097152 decision nodes down to 1879105 live, storage still 2097152
selector: compacted 2097152 decision nodes down to 1789399 live, storage still 2097152
selector: compacted 2097152 decision nodes down to 1727649 live, storage still 2097152
selector: compacted 2097152 decision nodes down to 1749235 live, storage still 2097152
selector: compacted 2097152 decision nodes down to 1938572 live, storage still 2097152
selector: compacted 2097152 decision nodes down to 1844670 live, storage still 2097152
selector: compacted 2097152 decision nodes down to 1770904 live, storage still 2097152
selector: compacted 2097152 decision nodes down to 1872382 live, storage still 2097152
selector: compacted 2097152 decision nodes down to 1909640 live, storage still 2097152
selector: compacted 2097152 decision nodes down to 1961050 live, storage still 2097152
selector: compacted 2097152 decision nodes down to 1834080 live, storage still 2097152
selector: compacted 2097152 decision nodes down to 2030187 live, storage still 2097152
selector: preserving 2097151 decision nodes; growing storage to 4194304 nodes
selector: compacted 4194304 decision nodes down to 2261113 live, storage still 4194304
selector: compacted 4194304 decision nodes down to 2029598 live, storage still 4194304
selector: compacted 4194304 decision nodes down to 1902402 live, storage still 4194304
selector: compacted 4194304 decision nodes down to 1949377 live, storage still 4194304
selector: compacted 4194304 decision nodes down to 2224484 live, storage still 4194304
selector: compacted 4194304 decision nodes down to 2655219 live, storage still 4194304
selector: compacted 4194304 decision nodes down to 2841722 live, storage still 4194304
selector: compacted 4194304 decision nodes down to 2891800 live, storage still 4194304
selector: compacted 4194304 decision nodes down to 2879857 live, storage still 4194304
selector: compacted 4194304 decision nodes down to 2905937 live, storage still 4194304
selector: compacted 4194304 decision nodes down to 3084182 live, storage still 4194304
selector: compacted 4194304 decision nodes down to 3182851 live, storage still 4194304
selector: compacted 4194304 decision nodes down to 3451952 live, storage still 4194304
selector: compacted 4194304 decision nodes down to 2926326 live, storage still 4194304
selector: compacted 4194304 decision nodes down to 3160804 live, storage still 4194304
selector: compacted 4194304 decision nodes down to 3721569 live, storage still 4194304
selector: compacted 4194304 decision nodes down to 3917964 live, storage still 4194304
selector: compacted 4194304 decision nodes down to 3419244 live, storage still 4194304
selector: compacted 4194304 decision nodes down to 3301540 live, storage still 4194304
selector: compacted 4194304 decision nodes down to 3535998 live, storage still 4194304
selector: compacted 4194304 decision nodes down to 3589668 live, storage still 4194304
selector: compacted 4194304 decision nodes down to 3778123 live, storage still 4194304
selector: compacted 4194304 decision nodes down to 3328261 live, storage still 4194304
selector: compacted 4194304 decision nodes down to 3943415 live, storage still 4194304
selector: preserving 4194303 decision nodes; growing storage to 8388608 nodes
