[2;37m[boot][0m Interrupts: none — the host owns the IDT, no periodic slot
[2;37m[boot][0m Heap: host allocator, 1484 bytes counted, 48MB declared budget
[2;37m[boot][0m IG Catalog: 8682 entries loaded
[2;37m[boot][0m Kernel online — graph execution, token-arity driven
[2;37m[boot][0m Canonical ordinal check...
[2;37m[boot][0m Ordinal faithfulness: [1;32mall 44 values match Lean canonical[0m
[2;37m[boot][0m Clay Millennium status: 2 closed, 1 one-bump-short, 3 unclosed
[2;37m[boot][0m SIC-POVM d=12: Crystal-forced (dual lattice), Shavian count 49=7², WH group |orbit|=144
[2;37m[boot][0m Frobenius identity check...
[2;37m[boot][0m Frobenius identity: hamming=3, weighted=3.1000 — kernel is grammar operationalized
[2;37m[boot][0m Bootstrap: IMSCRIB→AREV→FSPLIT→AFWD→FFUSE→CLINK→IFIX→IMSCRIB (cyclic)
                       F unitary: PASS
  Pentagon form (F^2=I, anti-diag, a^2+b^2=1): PASS
            Braid relation (Y-B): PASS
                 Spin-statistics: PASS
                       S unitary: PASS
        Charge conjugation S^2=I: PASS
                 TQFT identities: PASS
                Verlinde formula: PASS
              Braid Artin B_n<=8: PASS
  Phase lattice = tenths of a winding: PASS
    Constants derivable from PHI: PASS
[2;37m[boot][0m Fibonacci anyon QC: algebra verified = true
[36m[TORUS][0m kernel wound: ⊢⊙∈⊤⋈∋⊡⊞≺⋈⊣  (11 tokens, pinch=0.0000)
[2;37m[boot][0m Crystal FS: 17280000 addresses
[2;37m[boot][0m 29 total programs (I–XXIX): 12 canonical + 4 continuous + 4 novel + 9 shunted


   [1;35m⊙[0m   [1;37mG-mOMonadOS[0m
   [2;37mGPU-native build, mOMonadOS ported to run via CUDA[0m
   [1;33mμ∘δ = id[0m

   [2;37mFrobenius core · Belnap FOUR · crystal FS · graph execution[0m

   [1;34mhelp[0m for commands, [1;34m?[0m for the menu, Tab completes.

   [1;34mask[0m runs a structural dry-run here; the full wet-run is on the host:
   [2;37m./ask --file <path> | ./ask --ask "…" | ./ask -i[0m

⊙> gpu_kernel selector_relation 3298529116155 21 1024 64
selector: compacted 1024 decision nodes down to 754 live, storage still 1024
selector: compacted 1024 decision nodes down to 949 live, storage still 1024
selector: compacted 1024 decision nodes down to 1002 live, storage still 1024
selector: compacted 1024 decision nodes down to 1017 live, storage still 1024
selector: compacted 1024 decision nodes down to 1020 live, storage still 1024
selector: compacted 1024 decision nodes down to 1023 live, storage still 1024
selector: preserving 1023 decision nodes; growing storage to 2048 nodes
selector: compacted 2048 decision nodes down to 1308 live, storage still 2048
selector: compacted 2048 decision nodes down to 1325 live, storage still 2048
selector: compacted 2048 decision nodes down to 1363 live, storage still 2048
selector: compacted 2048 decision nodes down to 1436 live, storage still 2048
selector: compacted 2048 decision nodes down to 1523 live, storage still 2048
selector: compacted 2048 decision nodes down to 1651 live, storage still 2048
selector: compacted 2048 decision nodes down to 1710 live, storage still 2048
selector: compacted 2048 decision nodes down to 1567 live, storage still 2048
selector: compacted 2048 decision nodes down to 1481 live, storage still 2048
selector: compacted 2048 decision nodes down to 1503 live, storage still 2048
selector: compacted 2048 decision nodes down to 1650 live, storage still 2048
selector: compacted 2048 decision nodes down to 1656 live, storage still 2048
selector: compacted 2048 decision nodes down to 1793 live, storage still 2048
selector: compacted 2048 decision nodes down to 1800 live, storage still 2048
selector: compacted 2048 decision nodes down to 1831 live, storage still 2048
selector: compacted 2048 decision nodes down to 1773 live, storage still 2048
selector: compacted 2048 decision nodes down to 1948 live, storage still 2048
selector: compacted 2048 decision nodes down to 1998 live, storage still 2048
selector: preserving 2047 decision nodes; growing storage to 4096 nodes
selector: compacted 4096 decision nodes down to 1880 live, storage still 4096
selector: compacted 4096 decision nodes down to 2189 live, storage still 4096
selector: compacted 4096 decision nodes down to 2417 live, storage still 4096
selector: compacted 4096 decision nodes down to 2786 live, storage still 4096
selector: compacted 4096 decision nodes down to 2766 live, storage still 4096
selector: compacted 4096 decision nodes down to 2377 live, storage still 4096
selector: compacted 4096 decision nodes down to 2406 live, storage still 4096
selector: compacted 4096 decision nodes down to 2583 live, storage still 4096
selector: compacted 4096 decision nodes down to 2799 live, storage still 4096
selector: compacted 4096 decision nodes down to 2885 live, storage still 4096
selector: compacted 4096 decision nodes down to 3020 live, storage still 4096
selector: compacted 4096 decision nodes down to 3320 live, storage still 4096
selector: compacted 4096 decision nodes down to 3192 live, storage still 4096
selector: compacted 4096 decision nodes down to 3616 live, storage still 4096
selector: compacted 4096 decision nodes down to 3358 live, storage still 4096
selector: compacted 4096 decision nodes down to 3900 live, storage still 4096
selector: preserving 4095 decision nodes; growing storage to 8192 nodes
selector: compacted 8192 decision nodes down to 3349 live, storage still 8192
selector: compacted 8192 decision nodes down to 3094 live, storage still 8192
selector: compacted 8192 decision nodes down to 4154 live, storage still 8192
selector: compacted 8192 decision nodes down to 4627 live, storage still 8192
selector: compacted 8192 decision nodes down to 5715 live, storage still 8192
selector: compacted 8192 decision nodes down to 6092 live, storage still 8192
selector: compacted 8192 decision nodes down to 5774 live, storage still 8192
selector: compacted 8192 decision nodes down to 5307 live, storage still 8192
selector: compacted 8192 decision nodes down to 5181 live, storage still 8192
selector: compacted 8192 decision nodes down to 5822 live, storage still 8192
selector: compacted 8192 decision nodes down to 5523 live, storage still 8192
selector: compacted 8192 decision nodes down to 5978 live, storage still 8192
selector: compacted 8192 decision nodes down to 4409 live, storage still 8192
selector: compacted 8192 decision nodes down to 5225 live, storage still 8192
selector: compacted 8192 decision nodes down to 5178 live, storage still 8192
selector: compacted 8192 decision nodes down to 5407 live, storage still 8192
selector: compacted 8192 decision nodes down to 5871 live, storage still 8192
selector: compacted 8192 decision nodes down to 6560 live, storage still 8192
selector: compacted 8192 decision nodes down to 6861 live, storage still 8192
selector: compacted 8192 decision nodes down to 7127 live, storage still 8192
selector: compacted 8192 decision nodes down to 7198 live, storage still 8192
selector: compacted 8192 decision nodes down to 7531 live, storage still 8192
selector: compacted 8192 decision nodes down to 7048 live, storage still 8192
selector: compacted 8192 decision nodes down to 7431 live, storage still 8192
selector: compacted 8192 decision nodes down to 7779 live, storage still 8192
selector: compacted 8192 decision nodes down to 7728 live, storage still 8192
selector: compacted 8192 decision nodes down to 7300 live, storage still 8192
selector: compacted 8192 decision nodes down to 7939 live, storage still 8192
selector: preserving 8191 decision nodes; growing storage to 16384 nodes
selector: compacted 16384 decision nodes down to 7572 live, storage still 16384
selector: compacted 16384 decision nodes down to 8890 live, storage still 16384
selector: compacted 16384 decision nodes down to 8399 live, storage still 16384
selector: compacted 16384 decision nodes down to 9010 live, storage still 16384
selector: compacted 16384 decision nodes down to 7476 live, storage still 16384
selector: compacted 16384 decision nodes down to 9274 live, storage still 16384
selector: compacted 16384 decision nodes down to 10352 live, storage still 16384
selector: compacted 16384 decision nodes down to 11421 live, storage still 16384
selector: compacted 16384 decision nodes down to 12356 live, storage still 16384
selector: compacted 16384 decision nodes down to 12963 live, storage still 16384
selector: compacted 16384 decision nodes down to 12550 live, storage still 16384
selector: compacted 16384 decision nodes down to 14598 live, storage still 16384
selector: compacted 16384 decision nodes down to 14196 live, storage still 16384
selector: compacted 16384 decision nodes down to 13190 live, storage still 16384
selector: compacted 16384 decision nodes down to 16118 live, storage still 16384
selector: preserving 16383 decision nodes; growing storage to 32768 nodes
selector: compacted 32768 decision nodes down to 15828 live, storage still 32768
selector: compacted 32768 decision nodes down to 16875 live, storage still 32768
selector: compacted 32768 decision nodes down to 16441 live, storage still 32768
selector: compacted 32768 decision nodes down to 13261 live, storage still 32768
selector: compacted 32768 decision nodes down to 15133 live, storage still 32768
selector: compacted 32768 decision nodes down to 19735 live, storage still 32768
selector: compacted 32768 decision nodes down to 22026 live, storage still 32768
selector: compacted 32768 decision nodes down to 21718 live, storage still 32768
selector: compacted 32768 decision nodes down to 22832 live, storage still 32768
selector: compacted 32768 decision nodes down to 23294 live, storage still 32768
selector: compacted 32768 decision nodes down to 24042 live, storage still 32768
selector: compacted 32768 decision nodes down to 26391 live, storage still 32768
selector: compacted 32768 decision nodes down to 20546 live, storage still 32768
selector: compacted 32768 decision nodes down to 26032 live, storage still 32768
selector: compacted 32768 decision nodes down to 26909 live, storage still 32768
selector: compacted 32768 decision nodes down to 24995 live, storage still 32768
selector: compacted 32768 decision nodes down to 21930 live, storage still 32768
selector: compacted 32768 decision nodes down to 27292 live, storage still 32768
selector: compacted 32768 decision nodes down to 26502 live, storage still 32768
selector: compacted 32768 decision nodes down to 29428 live, storage still 32768
selector: compacted 32768 decision nodes down to 29787 live, storage still 32768
selector: compacted 32768 decision nodes down to 26941 live, storage still 32768
selector: compacted 32768 decision nodes down to 23452 live, storage still 32768
selector: compacted 32768 decision nodes down to 26244 live, storage still 32768
selector: compacted 32768 decision nodes down to 26279 live, storage still 32768
selector: compacted 32768 decision nodes down to 27333 live, storage still 32768
selector: compacted 32768 decision nodes down to 24846 live, storage still 32768
selector: compacted 32768 decision nodes down to 22406 live, storage still 32768
selector: compacted 32768 decision nodes down to 23271 live, storage still 32768
selector: compacted 32768 decision nodes down to 25190 live, storage still 32768
selector: compacted 32768 decision nodes down to 26567 live, storage still 32768
selector: compacted 32768 decision nodes down to 26273 live, storage still 32768
selector: compacted 32768 decision nodes down to 27732 live, storage still 32768
selector: compacted 32768 decision nodes down to 29180 live, storage still 32768
selector: compacted 32768 decision nodes down to 28043 live, storage still 32768
selector: compacted 32768 decision nodes down to 30015 live, storage still 32768
selector: compacted 32768 decision nodes down to 30265 live, storage still 32768
selector: compacted 32768 decision nodes down to 29259 live, storage still 32768
selector: compacted 32768 decision nodes down to 31768 live, storage still 32768
selector: compacted 32768 decision nodes down to 30684 live, storage still 32768
selector: compacted 32768 decision nodes down to 30225 live, storage still 32768
selector: compacted 32768 decision nodes down to 29805 live, storage still 32768
selector: compacted 32768 decision nodes down to 32051 live, storage still 32768
selector: compacted 32768 decision nodes down to 30935 live, storage still 32768
selector: compacted 32768 decision nodes down to 30552 live, storage still 32768
selector: compacted 32768 decision nodes down to 32434 live, storage still 32768
selector: preserving 32767 decision nodes; growing storage to 65536 nodes
selector: compacted 65536 decision nodes down to 38668 live, storage still 65536
selector: compacted 65536 decision nodes down to 43812 live, storage still 65536
selector: compacted 65536 decision nodes down to 44436 live, storage still 65536
selector: compacted 65536 decision nodes down to 45314 live, storage still 65536
selector: compacted 65536 decision nodes down to 41652 live, storage still 65536
selector: compacted 65536 decision nodes down to 47547 live, storage still 65536
selector: compacted 65536 decision nodes down to 40413 live, storage still 65536
selector: compacted 65536 decision nodes down to 41288 live, storage still 65536
selector: compacted 65536 decision nodes down to 45306 live, storage still 65536
selector: compacted 65536 decision nodes down to 45702 live, storage still 65536
selector: compacted 65536 decision nodes down to 45117 live, storage still 65536
selector: compacted 65536 decision nodes down to 41450 live, storage still 65536
selector: compacted 65536 decision nodes down to 39722 live, storage still 65536
selector: compacted 65536 decision nodes down to 42311 live, storage still 65536
selector: compacted 65536 decision nodes down to 43545 live, storage still 65536
selector: compacted 65536 decision nodes down to 45423 live, storage still 65536
selector: compacted 65536 decision nodes down to 50605 live, storage still 65536
selector: compacted 65536 decision nodes down to 53383 live, storage still 65536
selector: compacted 65536 decision nodes down to 53969 live, storage still 65536
selector: compacted 65536 decision nodes down to 57795 live, storage still 65536
selector: compacted 65536 decision nodes down to 59748 live, storage still 65536
selector: compacted 65536 decision nodes down to 56884 live, storage still 65536
selector: compacted 65536 decision nodes down to 60146 live, storage still 65536
selector: compacted 65536 decision nodes down to 62333 live, storage still 65536
selector: compacted 65536 decision nodes down to 62000 live, storage still 65536
selector: compacted 65536 decision nodes down to 59693 live, storage still 65536
selector: compacted 65536 decision nodes down to 63628 live, storage still 65536
selector: preserving 65535 decision nodes; growing storage to 131072 nodes
selector: compacted 131072 decision nodes down to 63891 live, storage still 131072
selector: compacted 131072 decision nodes down to 69245 live, storage still 131072
selector: compacted 131072 decision nodes down to 62358 live, storage still 131072
selector: compacted 131072 decision nodes down to 68388 live, storage still 131072
selector: compacted 131072 decision nodes down to 84363 live, storage still 131072
selector: compacted 131072 decision nodes down to 67891 live, storage still 131072
selector: compacted 131072 decision nodes down to 64088 live, storage still 131072
selector: compacted 131072 decision nodes down to 73767 live, storage still 131072
selector: compacted 131072 decision nodes down to 83526 live, storage still 131072
selector: compacted 131072 decision nodes down to 96877 live, storage still 131072
selector: compacted 131072 decision nodes down to 102567 live, storage still 131072
selector: compacted 131072 decision nodes down to 106583 live, storage still 131072
selector: compacted 131072 decision nodes down to 104430 live, storage still 131072
selector: compacted 131072 decision nodes down to 113856 live, storage still 131072
selector: compacted 131072 decision nodes down to 118478 live, storage still 131072
selector: compacted 131072 decision nodes down to 121102 live, storage still 131072
selector: compacted 131072 decision nodes down to 122007 live, storage still 131072
selector: compacted 131072 decision nodes down to 108436 live, storage still 131072
selector: compacted 131072 decision nodes down to 116492 live, storage still 131072
selector: compacted 131072 decision nodes down to 114419 live, storage still 131072
selector: compacted 131072 decision nodes down to 118593 live, storage still 131072
selector: compacted 131072 decision nodes down to 124269 live, storage still 131072
selector: compacted 131072 decision nodes down to 120601 live, storage still 131072
selector: compacted 131072 decision nodes down to 110930 live, storage still 131072
selector: compacted 131072 decision nodes down to 114422 live, storage still 131072
selector: compacted 131072 decision nodes down to 116862 live, storage still 131072
selector: compacted 131072 decision nodes down to 118056 live, storage still 131072
selector: compacted 131072 decision nodes down to 126011 live, storage still 131072
selector: preserving 131071 decision nodes; growing storage to 262144 nodes
selector: compacted 262144 decision nodes down to 116108 live, storage still 262144
selector: compacted 262144 decision nodes down to 125238 live, storage still 262144
selector: compacted 262144 decision nodes down to 111789 live, storage still 262144
selector: compacted 262144 decision nodes down to 127481 live, storage still 262144
selector: compacted 262144 decision nodes down to 125329 live, storage still 262144
selector: compacted 262144 decision nodes down to 157337 live, storage still 262144
selector: compacted 262144 decision nodes down to 178021 live, storage still 262144
selector: compacted 262144 decision nodes down to 182614 live, storage still 262144
selector: compacted 262144 decision nodes down to 208774 live, storage still 262144
selector: compacted 262144 decision nodes down to 197757 live, storage still 262144
selector: compacted 262144 decision nodes down to 198231 live, storage still 262144
selector: compacted 262144 decision nodes down to 192312 live, storage still 262144
selector: compacted 262144 decision nodes down to 185305 live, storage still 262144
selector: compacted 262144 decision nodes down to 208839 live, storage still 262144
selector: compacted 262144 decision nodes down to 225708 live, storage still 262144
selector: compacted 262144 decision nodes down to 202653 live, storage still 262144
selector: compacted 262144 decision nodes down to 215411 live, storage still 262144
selector: compacted 262144 decision nodes down to 228416 live, storage still 262144
selector: compacted 262144 decision nodes down to 221180 live, storage still 262144
selector: compacted 262144 decision nodes down to 236710 live, storage still 262144
selector: compacted 262144 decision nodes down to 237755 live, storage still 262144
selector: compacted 262144 decision nodes down to 224030 live, storage still 262144
selector: compacted 262144 decision nodes down to 211093 live, storage still 262144
selector: compacted 262144 decision nodes down to 219782 live, storage still 262144
selector: compacted 262144 decision nodes down to 244382 live, storage still 262144
selector: preserving 262143 decision nodes; growing storage to 524288 nodes
selector: compacted 524288 decision nodes down to 244962 live, storage still 524288
selector: compacted 524288 decision nodes down to 230888 live, storage still 524288
selector: compacted 524288 decision nodes down to 236264 live, storage still 524288
selector: compacted 524288 decision nodes down to 295949 live, storage still 524288
selector: compacted 524288 decision nodes down to 330141 live, storage still 524288
selector: compacted 524288 decision nodes down to 333054 live, storage still 524288
selector: compacted 524288 decision nodes down to 341512 live, storage still 524288
selector: compacted 524288 decision nodes down to 371416 live, storage still 524288
selector: compacted 524288 decision nodes down to 373003 live, storage still 524288
selector: compacted 524288 decision nodes down to 386676 live, storage still 524288
selector: compacted 524288 decision nodes down to 430076 live, storage still 524288
selector: compacted 524288 decision nodes down to 372262 live, storage still 524288
selector: compacted 524288 decision nodes down to 418861 live, storage still 524288
selector: compacted 524288 decision nodes down to 445726 live, storage still 524288
selector: compacted 524288 decision nodes down to 453085 live, storage still 524288
selector: compacted 524288 decision nodes down to 471738 live, storage still 524288
selector: compacted 524288 decision nodes down to 416243 live, storage still 524288
selector: compacted 524288 decision nodes down to 389286 live, storage still 524288
selector: compacted 524288 decision nodes down to 433795 live, storage still 524288
selector: compacted 524288 decision nodes down to 446209 live, storage still 524288
selector: compacted 524288 decision nodes down to 419304 live, storage still 524288
selector: compacted 524288 decision nodes down to 462316 live, storage still 524288
selector: compacted 524288 decision nodes down to 475083 live, storage still 524288
selector: compacted 524288 decision nodes down to 427452 live, storage still 524288
selector: compacted 524288 decision nodes down to 376072 live, storage still 524288
selector: compacted 524288 decision nodes down to 402175 live, storage still 524288
selector: compacted 524288 decision nodes down to 418175 live, storage still 524288
selector: compacted 524288 decision nodes down to 371688 live, storage still 524288
selector: compacted 524288 decision nodes down to 377626 live, storage still 524288
selector: compacted 524288 decision nodes down to 376164 live, storage still 524288
selector: compacted 524288 decision nodes down to 409655 live, storage still 524288
selector: compacted 524288 decision nodes down to 413663 live, storage still 524288
selector: compacted 524288 decision nodes down to 436717 live, storage still 524288
selector: compacted 524288 decision nodes down to 447882 live, storage still 524288
selector: compacted 524288 decision nodes down to 478492 live, storage still 524288
selector: compacted 524288 decision nodes down to 486482 live, storage still 524288
selector: compacted 524288 decision nodes down to 475681 live, storage still 524288
selector: compacted 524288 decision nodes down to 503943 live, storage still 524288
selector: compacted 524288 decision nodes down to 504445 live, storage still 524288
selector: compacted 524288 decision nodes down to 484791 live, storage still 524288
selector: compacted 524288 decision nodes down to 490962 live, storage still 524288
selector: compacted 524288 decision nodes down to 514631 live, storage still 524288
selector: preserving 524287 decision nodes; growing storage to 1048576 nodes
selector: compacted 1048576 decision nodes down to 553955 live, storage still 1048576
selector: compacted 1048576 decision nodes down to 592839 live, storage still 1048576
selector: compacted 1048576 decision nodes down to 601387 live, storage still 1048576
selector: compacted 1048576 decision nodes down to 641883 live, storage still 1048576
selector: compacted 1048576 decision nodes down to 583710 live, storage still 1048576
selector: compacted 1048576 decision nodes down to 631603 live, storage still 1048576
selector: compacted 1048576 decision nodes down to 571286 live, storage still 1048576
selector: compacted 1048576 decision nodes down to 540234 live, storage still 1048576
selector: compacted 1048576 decision nodes down to 628307 live, storage still 1048576
selector: compacted 1048576 decision nodes down to 697117 live, storage still 1048576
selector: compacted 1048576 decision nodes down to 705824 live, storage still 1048576
selector: compacted 1048576 decision nodes down to 745917 live, storage still 1048576
selector: compacted 1048576 decision nodes down to 747766 live, storage still 1048576
selector: compacted 1048576 decision nodes down to 718998 live, storage still 1048576
selector: compacted 1048576 decision nodes down to 703001 live, storage still 1048576
selector: compacted 1048576 decision nodes down to 597571 live, storage still 1048576
selector: compacted 1048576 decision nodes down to 602087 live, storage still 1048576
selector: compacted 1048576 decision nodes down to 608023 live, storage still 1048576
selector: compacted 1048576 decision nodes down to 443306 live, storage still 1048576
selector: compacted 1048576 decision nodes down to 537795 live, storage still 1048576
selector: compacted 1048576 decision nodes down to 641354 live, storage still 1048576
selector: compacted 1048576 decision nodes down to 716362 live, storage still 1048576
selector: compacted 1048576 decision nodes down to 728702 live, storage still 1048576
selector: compacted 1048576 decision nodes down to 656644 live, storage still 1048576
selector: compacted 1048576 decision nodes down to 584609 live, storage still 1048576
selector: compacted 1048576 decision nodes down to 610526 live, storage still 1048576
selector: compacted 1048576 decision nodes down to 493233 live, storage still 1048576
selector: compacted 1048576 decision nodes down to 432690 live, storage still 1048576
selector: compacted 1048576 decision nodes down to 527384 live, storage still 1048576
selector: compacted 1048576 decision nodes down to 579628 live, storage still 1048576
selector: compacted 1048576 decision nodes down to 485746 live, storage still 1048576
selector: compacted 1048576 decision nodes down to 327819 live, storage still 1048576
selector: compacted 1048576 decision nodes down to 347113 live, storage still 1048576
selector: compacted 1048576 decision nodes down to 201657 live, storage still 1048576
selector: compacted 1048576 decision nodes down to 133759 live, storage still 1048576
symbolic product relation in run_nested: N=3298529116155 m=21
  process: ⊢⊙∈≻⊤≺⊥⋈⊞∋⊡⊣
  circuit operators=5849; IMASM nesting depth=64; nested mark ticks=5424384; selection ticks=258048
  decision nodes=891729; graph reductions=275491092; 103.495245s
  factor-candidate loop: none; relation solutions=4; witness path nodes=42
  temporal witness limbs=1; limb path nodes=42; limb ticks=258048; continuation=1
  node storage=1048576; storage growths=10; compactions=286; device launches=297
  3298529116155 = 1572865 x 2097147 (verified)
⊙> quit
Halting. μ∘δ=id.
[SHUTDOWN] μ∘δ=id. Goodbye.
