gpu_gnfs: bits=862 B=10000 word=⊢⊙≻∈⊤⊥⊞⊡≺⋈≻∋⊤⊣ d≈7 — ⊢ opening
gpu_gnfs ⊙: d=7 m_bits=124 coeff_score=732 f(m)=N — g(x)=x - 11200435033649908259828598718744796845
gpu_gnfs ⊢/alfs: B=10000 |rat|=1229 |alg|=1254 ncols=2484
gpu_gnfs ≻ GPU classical log-line |A|=20000 Bmax=20000 fudge=16.579 mark=log|norm| on device 0
gpu_gnfs ≻ tile 1/41: relations=0/2623 cells=19960499 hits_cum=2662
gpu_gnfs ≻ tile 2/41: relations=0/2623 cells=39920998 hits_cum=5324
gpu_gnfs ≻ tile 3/41: relations=0/2623 cells=59881497 hits_cum=7986
gpu_gnfs ≻ tile 4/41: relations=0/2623 cells=79841996 hits_cum=10648
gpu_gnfs ≻ tile 5/41: relations=0/2623 cells=99802495 hits_cum=13310
gpu_gnfs ≻ tile 6/41: relations=0/2623 cells=119762994 hits_cum=15972
gpu_gnfs ≻ tile 7/41: relations=0/2623 cells=139723493 hits_cum=18634
gpu_gnfs ≻ tile 8/41: relations=0/2623 cells=159683992 hits_cum=21296
gpu_gnfs ≻ tile 9/41: relations=0/2623 cells=179644491 hits_cum=23958
gpu_gnfs ≻ tile 10/41: relations=0/2623 cells=199604990 hits_cum=26620
gpu_gnfs ≻ tile 11/41: relations=0/2623 cells=219565489 hits_cum=29282
gpu_gnfs ≻ tile 12/41: relations=0/2623 cells=239525988 hits_cum=31944
gpu_gnfs ≻ tile 13/41: relations=0/2623 cells=259486487 hits_cum=34606
gpu_gnfs ≻ tile 14/41: relations=0/2623 cells=279446986 hits_cum=37268
gpu_gnfs ≻ tile 15/41: relations=0/2623 cells=299407485 hits_cum=39930
gpu_gnfs ≻ tile 16/41: relations=0/2623 cells=319367984 hits_cum=42592
gpu_gnfs ≻ tile 17/41: relations=0/2623 cells=339328483 hits_cum=45254
gpu_gnfs ≻ tile 18/41: relations=0/2623 cells=359288982 hits_cum=47916
gpu_gnfs ≻ tile 19/41: relations=0/2623 cells=379249481 hits_cum=50578
gpu_gnfs ≻ tile 20/41: relations=0/2623 cells=399209980 hits_cum=53240
gpu_gnfs ≻ tile 21/41: relations=0/2623 cells=419170479 hits_cum=55902
gpu_gnfs ≻ tile 22/41: relations=0/2623 cells=439130978 hits_cum=58564
gpu_gnfs ≻ tile 23/41: relations=0/2623 cells=459091477 hits_cum=61226
gpu_gnfs ≻ tile 24/41: relations=0/2623 cells=479051976 hits_cum=63888
gpu_gnfs ≻ tile 25/41: relations=0/2623 cells=499012475 hits_cum=66550
gpu_gnfs ≻ tile 26/41: relations=0/2623 cells=518972974 hits_cum=69212
gpu_gnfs ≻ tile 27/41: relations=0/2623 cells=538933473 hits_cum=71874
gpu_gnfs ≻ tile 28/41: relations=0/2623 cells=558893972 hits_cum=74536
gpu_gnfs ≻ tile 29/41: relations=0/2623 cells=578854471 hits_cum=77198
gpu_gnfs ≻ tile 30/41: relations=0/2623 cells=598814970 hits_cum=79860
gpu_gnfs ≻ tile 31/41: relations=0/2623 cells=618775469 hits_cum=82522
gpu_gnfs ≻ tile 32/41: relations=0/2623 cells=638735968 hits_cum=85184
gpu_gnfs ≻ tile 33/41: relations=0/2623 cells=658696467 hits_cum=87846
gpu_gnfs ≻ tile 34/41: relations=0/2623 cells=678656966 hits_cum=90508
gpu_gnfs ≻ tile 35/41: relations=0/2623 cells=698617465 hits_cum=93170
gpu_gnfs ≻ tile 36/41: relations=0/2623 cells=718577964 hits_cum=95832
gpu_gnfs ≻ tile 37/41: relations=0/2623 cells=738538463 hits_cum=98494
gpu_gnfs ≻ tile 38/41: relations=0/2623 cells=758498962 hits_cum=101156
gpu_gnfs ≻ tile 39/41: relations=0/2623 cells=778459461 hits_cum=103818
gpu_gnfs ≻ tile 40/41: relations=0/2623 cells=798419960 hits_cum=106480
gpu_gnfs ≻ tile 41/41: relations=0/2623 cells=800020000 hits_cum=109142
gpu_gnfs ≻ GPU log-line done: cells=800020000 hit-launches=109142 3056 ms relations=0/2623
gpu_gnfs ≻ sieve: pairs=800020000 relations=0/2623 |A|=20000 Bmax=20000 ncols=2484 gpu=true
gpu_gnfs: B=10000 failed — gpu_gnfs ≺: only 0 relations for 2484 columns — widen B or bounds
