[2;37m[boot][0m Interrupts: none — the host owns the IDT, no periodic slot
[2;37m[boot][0m Heap: host allocator, 1484 bytes counted, 48MB declared budget
[2;37m[boot][0m IG Catalog: 8682 entries loaded
[2;37m[boot][0m Kernel online — graph execution, token-arity driven
[2;37m[boot][0m Canonical ordinal check...
[2;37m[boot][0m Ordinal faithfulness: [1;32mall 44 values match Lean canonical[0m
[2;37m[boot][0m Clay Millennium status: 2 closed, 1 one-bump-short, 3 unclosed
[2;37m[boot][0m SIC-POVM d=12: Crystal-forced (dual lattice), Shavian count 49=7², WH group |orbit|=144
[2;37m[boot][0m Frobenius identity check...
[2;37m[boot][0m Frobenius identity: hamming=3, weighted=3.1000 — kernel is grammar operationalized
[2;37m[boot][0m Bootstrap: IMSCRIB→AREV→FSPLIT→AFWD→FFUSE→CLINK→IFIX→IMSCRIB (cyclic)
                       F unitary: PASS
  Pentagon form (F^2=I, anti-diag, a^2+b^2=1): PASS
            Braid relation (Y-B): PASS
                 Spin-statistics: PASS
                       S unitary: PASS
        Charge conjugation S^2=I: PASS
                 TQFT identities: PASS
                Verlinde formula: PASS
              Braid Artin B_n<=8: PASS
  Phase lattice = tenths of a winding: PASS
    Constants derivable from PHI: PASS
[2;37m[boot][0m Fibonacci anyon QC: algebra verified = true
[36m[TORUS][0m kernel wound: ⊢⊙∈⊤⋈∋⊡⊞≺⋈⊣  (11 tokens, pinch=0.0000)
[2;37m[boot][0m Crystal FS: 17280000 addresses
[2;37m[boot][0m 29 total programs (I–XXIX): 12 canonical + 4 continuous + 4 novel + 9 shunted


   [1;35m⊙[0m   [1;37mG-mOMonadOS[0m
   [2;37mGPU-native build, mOMonadOS ported to run via CUDA[0m
   [1;33mμ∘δ = id[0m

   [2;37mFrobenius core · Belnap FOUR · crystal FS · graph execution[0m

   [1;34mhelp[0m for commands, [1;34m?[0m for the menu, Tab completes.

   [1;34mask[0m runs a structural dry-run here; the full wet-run is on the host:
   [2;37m./ask --file <path> | ./ask --ask "…" | ./ask -i[0m

⊙> gpu_kernel flow 2 0 ⊢∈≻∋⊣
gpu_kernel flow: arity=2 enclosure_depth=0
  word: ⊢∈≻∋⊣
  check: T Closed(1)
  pair 1->3: transforms
  seed=N settled=true CPU_match=true 1->3:N=>N:recovered
  seed=T settled=true CPU_match=true 1->3:T=>T:recovered
  seed=F settled=true CPU_match=true 1->3:F=>F:recovered
  seed=TF settled=true CPU_match=true 1->3:TF=>TF:recovered
  seed=t settled=true CPU_match=true 1->3:t=>t:recovered
  seed=Tt settled=true CPU_match=true 1->3:Tt=>Tt:recovered
  seed=Ft settled=true CPU_match=true 1->3:Ft=>Ft:recovered
  seed=TFt settled=true CPU_match=true 1->3:TFt=>TFt:recovered
  seed=f settled=true CPU_match=true 1->3:f=>f:recovered
  seed=Tf settled=true CPU_match=true 1->3:Tf=>Tf:recovered
  seed=Ff settled=true CPU_match=true 1->3:Ff=>Ff:recovered
  seed=TFf settled=true CPU_match=true 1->3:TFf=>TFf:recovered
  seed=tf settled=true CPU_match=true 1->3:tf=>tf:recovered
  seed=Ttf settled=true CPU_match=true 1->3:Ttf=>Ttf:recovered
  seed=Ftf settled=true CPU_match=true 1->3:Ftf=>Ftf:recovered
  seed=A settled=true CPU_match=true 1->3:A=>A:recovered
  CUDA/core parity: 0 mismatches across all 16 seeds

⊙> gpu_kernel flow 3 0 ⊢∈≻∋⊣
gpu_kernel flow: arity=3 enclosure_depth=0
  word: ⊢∈≻∋⊣
  check: T Closed(1)
  pair 1->3: transforms
  seed=N settled=true CPU_match=true 1->3:N=>N:recovered
  seed=T settled=true CPU_match=true 1->3:T=>T:recovered
  seed=F settled=true CPU_match=true 1->3:F=>F:recovered
  seed=TF settled=true CPU_match=true 1->3:TF=>TF:recovered
  seed=t settled=true CPU_match=true 1->3:t=>t:recovered
  seed=Tt settled=true CPU_match=true 1->3:Tt=>Tt:recovered
  seed=Ft settled=true CPU_match=true 1->3:Ft=>Ft:recovered
  seed=TFt settled=true CPU_match=true 1->3:TFt=>TFt:recovered
  seed=f settled=true CPU_match=true 1->3:f=>f:recovered
  seed=Tf settled=true CPU_match=true 1->3:Tf=>Tf:recovered
  seed=Ff settled=true CPU_match=true 1->3:Ff=>Ff:recovered
  seed=TFf settled=true CPU_match=true 1->3:TFf=>TFf:recovered
  seed=tf settled=true CPU_match=true 1->3:tf=>tf:recovered
  seed=Ttf settled=true CPU_match=true 1->3:Ttf=>Ttf:recovered
  seed=Ftf settled=true CPU_match=true 1->3:Ftf=>Ftf:recovered
  seed=A settled=true CPU_match=true 1->3:A=>A:recovered
  CUDA/core parity: 0 mismatches across all 16 seeds

⊙> gpu_kernel flow 3 4 ⊢∈≻∋⊣
gpu_kernel flow: arity=3 enclosure_depth=4
  word: ⊢∈∈∈∈∈≻∋∋∋∋∋⊣
  check: T Closed(5)
  pair 5->7: transforms
  pair 4->8: transforms
  pair 3->9: transforms
  pair 2->10: transforms
  pair 1->11: transforms
  seed=N settled=true CPU_match=true 5->7:N=>N:recovered 4->8:N=>N:recovered 3->9:N=>N:recovered 2->10:N=>N:recovered 1->11:N=>N:recovered
  seed=T settled=true CPU_match=true 5->7:T=>T:recovered 4->8:T=>T:recovered 3->9:T=>T:recovered 2->10:T=>T:recovered 1->11:T=>T:recovered
  seed=F settled=true CPU_match=true 5->7:N=>N:recovered 4->8:N=>N:recovered 3->9:N=>N:recovered 2->10:N=>N:recovered 1->11:F=>F:recovered
  seed=TF settled=true CPU_match=true 5->7:T=>T:recovered 4->8:T=>T:recovered 3->9:T=>T:recovered 2->10:T=>T:recovered 1->11:TF=>TF:recovered
  seed=t settled=true CPU_match=true 5->7:N=>N:recovered 4->8:N=>N:recovered 3->9:N=>N:recovered 2->10:N=>N:recovered 1->11:t=>t:recovered
  seed=Tt settled=true CPU_match=true 5->7:T=>T:recovered 4->8:T=>T:recovered 3->9:T=>T:recovered 2->10:T=>T:recovered 1->11:Tt=>Tt:recovered
  seed=Ft settled=true CPU_match=true 5->7:N=>N:recovered 4->8:N=>N:recovered 3->9:N=>N:recovered 2->10:N=>N:recovered 1->11:Ft=>Ft:recovered
  seed=TFt settled=true CPU_match=true 5->7:T=>T:recovered 4->8:T=>T:recovered 3->9:T=>T:recovered 2->10:T=>T:recovered 1->11:TFt=>TFt:recovered
  seed=f settled=true CPU_match=true 5->7:N=>N:recovered 4->8:N=>N:recovered 3->9:N=>N:recovered 2->10:N=>N:recovered 1->11:f=>f:recovered
  seed=Tf settled=true CPU_match=true 5->7:T=>T:recovered 4->8:T=>T:recovered 3->9:T=>T:recovered 2->10:T=>T:recovered 1->11:Tf=>Tf:recovered
  seed=Ff settled=true CPU_match=true 5->7:N=>N:recovered 4->8:N=>N:recovered 3->9:N=>N:recovered 2->10:N=>N:recovered 1->11:Ff=>Ff:recovered
  seed=TFf settled=true CPU_match=true 5->7:T=>T:recovered 4->8:T=>T:recovered 3->9:T=>T:recovered 2->10:T=>T:recovered 1->11:TFf=>TFf:recovered
  seed=tf settled=true CPU_match=true 5->7:N=>N:recovered 4->8:N=>N:recovered 3->9:N=>N:recovered 2->10:N=>N:recovered 1->11:tf=>tf:recovered
  seed=Ttf settled=true CPU_match=true 5->7:T=>T:recovered 4->8:T=>T:recovered 3->9:T=>T:recovered 2->10:T=>T:recovered 1->11:Ttf=>Ttf:recovered
  seed=Ftf settled=true CPU_match=true 5->7:N=>N:recovered 4->8:N=>N:recovered 3->9:N=>N:recovered 2->10:N=>N:recovered 1->11:Ftf=>Ftf:recovered
  seed=A settled=true CPU_match=true 5->7:T=>T:recovered 4->8:T=>T:recovered 3->9:T=>T:recovered 2->10:T=>T:recovered 1->11:A=>A:recovered
  CUDA/core parity: 0 mismatches across all 16 seeds

⊙> gpu_kernel flow 3 0 ⊢∈⊙∋⊣
gpu_kernel flow: arity=3 enclosure_depth=0
  word: ⊢∈⊙∋⊣
  check: N Identity
  pair 1->3: identity
  seed=N settled=true CPU_match=true 1->3:N=>N:recovered
  seed=T settled=true CPU_match=true 1->3:T=>T:recovered
  seed=F settled=true CPU_match=true 1->3:F=>F:recovered
  seed=TF settled=true CPU_match=true 1->3:TF=>TF:recovered
  seed=t settled=true CPU_match=true 1->3:t=>t:recovered
  seed=Tt settled=true CPU_match=true 1->3:Tt=>Tt:recovered
  seed=Ft settled=true CPU_match=true 1->3:Ft=>Ft:recovered
  seed=TFt settled=true CPU_match=true 1->3:TFt=>TFt:recovered
  seed=f settled=true CPU_match=true 1->3:f=>f:recovered
  seed=Tf settled=true CPU_match=true 1->3:Tf=>Tf:recovered
  seed=Ff settled=true CPU_match=true 1->3:Ff=>Ff:recovered
  seed=TFf settled=true CPU_match=true 1->3:TFf=>TFf:recovered
  seed=tf settled=true CPU_match=true 1->3:tf=>tf:recovered
  seed=Ttf settled=true CPU_match=true 1->3:Ttf=>Ttf:recovered
  seed=Ftf settled=true CPU_match=true 1->3:Ftf=>Ftf:recovered
  seed=A settled=true CPU_match=true 1->3:A=>A:recovered
  CUDA/core parity: 0 mismatches across all 16 seeds

⊙> gpu_kernel flow 3 0 ⊢∈≺∋⊣
gpu_kernel flow: arity=3 enclosure_depth=0
  word: ⊢∈≺∋⊣
  check: T Closed(1)
  pair 1->3: transforms
  seed=N settled=true CPU_match=true 1->3:N=>N:recovered
  seed=T settled=true CPU_match=true 1->3:T=>F:changed
  seed=F settled=true CPU_match=true 1->3:F=>F:recovered
  seed=TF settled=true CPU_match=true 1->3:TF=>F:changed
  seed=t settled=true CPU_match=true 1->3:t=>t:recovered
  seed=Tt settled=true CPU_match=true 1->3:Tt=>Ft:changed
  seed=Ft settled=true CPU_match=true 1->3:Ft=>Ft:recovered
  seed=TFt settled=true CPU_match=true 1->3:TFt=>Ft:changed
  seed=f settled=true CPU_match=true 1->3:f=>f:recovered
  seed=Tf settled=true CPU_match=true 1->3:Tf=>Ff:changed
  seed=Ff settled=true CPU_match=true 1->3:Ff=>Ff:recovered
  seed=TFf settled=true CPU_match=true 1->3:TFf=>Ff:changed
  seed=tf settled=true CPU_match=true 1->3:tf=>tf:recovered
  seed=Ttf settled=true CPU_match=true 1->3:Ttf=>Ftf:changed
  seed=Ftf settled=true CPU_match=true 1->3:Ftf=>Ftf:recovered
  seed=A settled=true CPU_match=true 1->3:A=>Ftf:changed
  CUDA/core parity: 0 mismatches across all 16 seeds

⊙> quit
Halting. μ∘δ=id.
[SHUTDOWN] μ∘δ=id. Goodbye.
