[2;37m[boot][0m Interrupts: none — the host owns the IDT, no periodic slot
[2;37m[boot][0m Heap: host allocator, 1133 bytes counted, 48MB declared budget
[2;37m[boot][0m IG Catalog: 8682 entries loaded
[2;37m[boot][0m Kernel online — graph execution, token-arity driven
[2;37m[boot][0m Canonical ordinal check...
[2;37m[boot][0m Ordinal faithfulness: [1;32mall 44 values match Lean canonical[0m
[2;37m[boot][0m Clay Millennium status: 2 closed, 1 one-bump-short, 3 unclosed
[2;37m[boot][0m SIC-POVM d=12: Crystal-forced (dual lattice), Shavian count 49=7², WH group |orbit|=144
[2;37m[boot][0m Frobenius identity check...
[2;37m[boot][0m Frobenius identity: hamming=3, weighted=3.1000 — kernel is grammar operationalized
[2;37m[boot][0m Bootstrap: IMSCRIB→AREV→FSPLIT→AFWD→FFUSE→CLINK→IFIX→IMSCRIB (cyclic)
                       F unitary: PASS
  Pentagon form (F^2=I, anti-diag, a^2+b^2=1): PASS
            Braid relation (Y-B): PASS
                 Spin-statistics: PASS
                       S unitary: PASS
        Charge conjugation S^2=I: PASS
                 TQFT identities: PASS
                Verlinde formula: PASS
              Braid Artin B_n<=8: PASS
  Phase lattice = tenths of a winding: PASS
    Constants derivable from PHI: PASS
[2;37m[boot][0m Fibonacci anyon QC: algebra verified = true
[36m[TORUS][0m kernel wound: ⊢⊙∈⊤⋈∋⊡⊞≺⋈⊣  (11 tokens, pinch=0.0000)
[2;37m[boot][0m Crystal FS: 17280000 addresses
[2;37m[boot][0m 29 total programs (I–XXIX): 12 canonical + 4 continuous + 4 novel + 9 shunted


   [1;35m⊙[0m   [1;37mG-mOMonadOS[0m
   [2;37mGPU-native build, mOMonadOS ported to run via CUDA[0m
   [1;33mμ∘δ = id[0m

   [2;37mFrobenius core · Belnap FOUR · crystal FS · graph execution[0m

   [1;34mhelp[0m for commands, [1;34m?[0m for the menu, Tab completes.

   [1;34mask[0m runs a structural dry-run here; the full wet-run is on the host:
   [2;37m./ask --file <path> | ./ask --ask "…" | ./ask -i[0m

⊙> gpu_kernel apply /home/mrnob0dy666/imsgct/ob3ect/digital/imasm_word_that_constructs_and_selects_the_compa_9eeb5656/imasm_word_that_constructs_and_selects_the_compa_9eeb5656_ob3ect.json 17
ob3ect: IMASM word that constructs and selects the compatible factor relation through closure and returns its factors without candidate search
  source: /home/mrnob0dy666/imsgct/ob3ect/digital/imasm_word_that_constructs_and_selects_the_compa_9eeb5656/imasm_word_that_constructs_and_selects_the_compa_9eeb5656_ob3ect.json
  word: ⊢⊙∈≻⊤≺⊥⋈⊞∋⊡⊣
  live tri verdict: Some('T'); banked: true
  contained process: ⊢≻⋈∈⊥∋≻⋈∈⊤∋≻⋈∈⊤∋≻⋈∈⊤∋≻⋈∈⊥∋⊙⊡⊣
  composed word: ⊢⊙∈≻⊤≺⊥⋈⊞≻⋈∈⊥∋≻⋈∈⊤∋≻⋈∈⊤∋≻⋈∈⊤∋≻⋈∈⊥∋⊙∋⊡⊣
  composed tri verdict: Some('T'); banked: true
  dyad 11->13: transforms=true
  dyad 16->18: transforms=true
  dyad 21->23: transforms=true
  dyad 26->28: transforms=true
  dyad 31->33: transforms=true
  dyad 2->35: transforms=true
gpu_kernel run_nested on device: 38 marks
  halted: true   ticks: 38
  stack (bottom..top): [N N B B B B]  depth 6
  registers: [T N N N N F T T]  engagr true
  memory[0..4]: [N B N N]
  matches CPU kernel: true
  banked tri face: landing=A; weights=[3, 3, 1, 1]; state=holds
  live clears=1; deposits=8; inert=1; exposed clears=0; exposed weight=0
  cleared weight=1; restored weight=0; seeds=1; open frames=0
  banked face matches CPU combo2 semantics: true
⊙> gpu_kernel apply /home/mrnob0dy666/imsgct/ob3ect/digital/imasm_word_that_constructs_and_selects_the_compa_9eeb5656/imasm_word_that_constructs_and_selects_the_compa_9eeb5656_ob3ect.json 1000000016000000063
ob3ect: IMASM word that constructs and selects the compatible factor relation through closure and returns its factors without candidate search
  source: /home/mrnob0dy666/imsgct/ob3ect/digital/imasm_word_that_constructs_and_selects_the_compa_9eeb5656/imasm_word_that_constructs_and_selects_the_compa_9eeb5656_ob3ect.json
  word: ⊢⊙∈≻⊤≺⊥⋈⊞∋⊡⊣
  live tri verdict: Some('T'); banked: true
  contained process: ⊢≻⋈∈⊥∋≻⋈∈⊥∋≻⋈∈⊥∋≻⋈∈⊥∋≻⋈∈⊥∋≻⋈∈⊥∋≻⋈∈⊤∋≻⋈∈⊤∋≻⋈∈⊤∋≻⋈∈⊤∋≻⋈∈⊤∋≻⋈∈⊤∋≻⋈∈⊤∋≻⋈∈⊥∋≻⋈∈⊤∋≻⋈∈⊥∋≻⋈∈⊤∋≻⋈∈⊤∋≻⋈∈⊤∋≻⋈∈⊤∋≻⋈∈⊥∋≻⋈∈⊤∋≻⋈∈⊤∋≻⋈∈⊤∋≻⋈∈⊥∋≻⋈∈⊤∋≻⋈∈⊤∋≻⋈∈⊤∋≻⋈∈⊤∋≻⋈∈⊥∋≻⋈∈⊥∋≻⋈∈⊤∋≻⋈∈⊥∋≻⋈∈⊥∋≻⋈∈⊥∋≻⋈∈⊤∋≻⋈∈⊥∋≻⋈∈⊥∋≻⋈∈⊤∋≻⋈∈⊥∋≻⋈∈⊤∋≻⋈∈⊥∋≻⋈∈⊥∋≻⋈∈⊤∋≻⋈∈⊥∋≻⋈∈⊥∋≻⋈∈⊤∋≻⋈∈⊥∋≻⋈∈⊤∋≻⋈∈⊤∋≻⋈∈⊤∋≻⋈∈⊤∋≻⋈∈⊤∋≻⋈∈⊥∋≻⋈∈⊥∋≻⋈∈⊥∋≻⋈∈⊥∋≻⋈∈⊤∋≻⋈∈⊥∋≻⋈∈⊥∋⊙⊡⊣
  composed word: ⊢⊙∈≻⊤≺⊥⋈⊞≻⋈∈⊥∋≻⋈∈⊥∋≻⋈∈⊥∋≻⋈∈⊥∋≻⋈∈⊥∋≻⋈∈⊥∋≻⋈∈⊤∋≻⋈∈⊤∋≻⋈∈⊤∋≻⋈∈⊤∋≻⋈∈⊤∋≻⋈∈⊤∋≻⋈∈⊤∋≻⋈∈⊥∋≻⋈∈⊤∋≻⋈∈⊥∋≻⋈∈⊤∋≻⋈∈⊤∋≻⋈∈⊤∋≻⋈∈⊤∋≻⋈∈⊥∋≻⋈∈⊤∋≻⋈∈⊤∋≻⋈∈⊤∋≻⋈∈⊥∋≻⋈∈⊤∋≻⋈∈⊤∋≻⋈∈⊤∋≻⋈∈⊤∋≻⋈∈⊥∋≻⋈∈⊥∋≻⋈∈⊤∋≻⋈∈⊥∋≻⋈∈⊥∋≻⋈∈⊥∋≻⋈∈⊤∋≻⋈∈⊥∋≻⋈∈⊥∋≻⋈∈⊤∋≻⋈∈⊥∋≻⋈∈⊤∋≻⋈∈⊥∋≻⋈∈⊥∋≻⋈∈⊤∋≻⋈∈⊥∋≻⋈∈⊥∋≻⋈∈⊤∋≻⋈∈⊥∋≻⋈∈⊤∋≻⋈∈⊤∋≻⋈∈⊤∋≻⋈∈⊤∋≻⋈∈⊤∋≻⋈∈⊥∋≻⋈∈⊥∋≻⋈∈⊥∋≻⋈∈⊥∋≻⋈∈⊤∋≻⋈∈⊥∋≻⋈∈⊥∋⊙∋⊡⊣
  composed tri verdict: Some('T'); banked: true
  dyad 11->13: transforms=true
  dyad 16->18: transforms=true
  dyad 21->23: transforms=true
  dyad 26->28: transforms=true
  dyad 31->33: transforms=true
  dyad 36->38: transforms=true
  dyad 41->43: transforms=true
  dyad 46->48: transforms=true
  dyad 51->53: transforms=true
  dyad 56->58: transforms=true
  dyad 61->63: transforms=true
  dyad 66->68: transforms=true
  dyad 71->73: transforms=true
  dyad 76->78: transforms=true
  dyad 81->83: transforms=true
  dyad 86->88: transforms=true
  dyad 91->93: transforms=true
  dyad 96->98: transforms=true
  dyad 101->103: transforms=true
  dyad 106->108: transforms=true
  dyad 111->113: transforms=true
  dyad 116->118: transforms=true
  dyad 121->123: transforms=true
  dyad 126->128: transforms=true
  dyad 131->133: transforms=true
  dyad 136->138: transforms=true
  dyad 141->143: transforms=true
  dyad 146->148: transforms=true
  dyad 151->153: transforms=true
  dyad 156->158: transforms=true
  dyad 161->163: transforms=true
  dyad 166->168: transforms=true
  dyad 171->173: transforms=true
  dyad 176->178: transforms=true
  dyad 181->183: transforms=true
  dyad 186->188: transforms=true
  dyad 191->193: transforms=true
  dyad 196->198: transforms=true
  dyad 201->203: transforms=true
  dyad 206->208: transforms=true
  dyad 211->213: transforms=true
  dyad 216->218: transforms=true
  dyad 221->223: transforms=true
  dyad 226->228: transforms=true
  dyad 231->233: transforms=true
  dyad 236->238: transforms=true
  dyad 241->243: transforms=true
  dyad 246->248: transforms=true
  dyad 251->253: transforms=true
  dyad 256->258: transforms=true
  dyad 261->263: transforms=true
  dyad 266->268: transforms=true
  dyad 271->273: transforms=true
  dyad 276->278: transforms=true
  dyad 281->283: transforms=true
  dyad 286->288: transforms=true
  dyad 291->293: transforms=true
  dyad 296->298: transforms=true
  dyad 301->303: transforms=true
  dyad 306->308: transforms=true
  dyad 2->310: transforms=true
gpu_kernel run_nested on device: 313 marks
  halted: true   ticks: 313
  stack (bottom..top): [N N B B B B B B B B B B B B B B B B B B B B B B B B B B B B B B B B B B B B B B B B B B B B B B B B B B B B B B B B B B B]  depth 61
  registers: [N N N N N F T T]  engagr true
  memory[0..4]: [B N N N]
  matches CPU kernel: true
  banked tri face: landing=A; weights=[31, 30, 1, 1]; state=holds
  live clears=1; deposits=63; inert=1; exposed clears=0; exposed weight=0
  cleared weight=1; restored weight=0; seeds=1; open frames=0
  banked face matches CPU combo2 semantics: true
⊙> gpu_kernel apply /home/mrnob0dy666/imsgct/ob3ect/digital/imasm_word_that_constructs_and_selects_the_compa_9eeb5656/imasm_word_that_constructs_and_selects_the_compa_9eeb5656_ob3ect.json ⊢⊡∈⊤∋⊣
gpu_kernel ob3ect: payload fixes before its terminal interface; the enclosing fuse would be inert
⊙> quit
Halting. μ∘δ=id.
[SHUTDOWN] μ∘δ=id. Goodbye.
nested hosted executable: process ⊢∈≻⋈⊙⊤≻⋈⊥≺⋈⊞∋⊡⋈⊙⊣
  IMASM entry nesting depth=64; executable mark ticks=17
nested hosted kernel reached its terminal anchor
