[2;37m[boot][0m Interrupts: none — the host owns the IDT, no periodic slot
[2;37m[boot][0m Heap: host allocator, 1133 bytes counted, 48MB declared budget
[2;37m[boot][0m IG Catalog: 8682 entries loaded
[2;37m[boot][0m Kernel online — graph execution, token-arity driven
[2;37m[boot][0m Canonical ordinal check...
[2;37m[boot][0m Ordinal faithfulness: [1;32mall 44 values match Lean canonical[0m
[2;37m[boot][0m Clay Millennium status: 2 closed, 1 one-bump-short, 3 unclosed
[2;37m[boot][0m SIC-POVM d=12: Crystal-forced (dual lattice), Shavian count 49=7², WH group |orbit|=144
[2;37m[boot][0m Frobenius identity check...
[2;37m[boot][0m Frobenius identity: hamming=3, weighted=3.1000 — kernel is grammar operationalized
[2;37m[boot][0m Bootstrap: IMSCRIB→AREV→FSPLIT→AFWD→FFUSE→CLINK→IFIX→IMSCRIB (cyclic)
                       F unitary: PASS
  Pentagon form (F^2=I, anti-diag, a^2+b^2=1): PASS
            Braid relation (Y-B): PASS
                 Spin-statistics: PASS
                       S unitary: PASS
        Charge conjugation S^2=I: PASS
                 TQFT identities: PASS
                Verlinde formula: PASS
              Braid Artin B_n<=8: PASS
  Phase lattice = tenths of a winding: PASS
    Constants derivable from PHI: PASS
[2;37m[boot][0m Fibonacci anyon QC: algebra verified = true
[36m[TORUS][0m kernel wound: ⊢⊙∈⊤⋈∋⊡⊞≺⋈⊣  (11 tokens, pinch=0.0000)
[2;37m[boot][0m Crystal FS: 17280000 addresses
[2;37m[boot][0m 29 total programs (I–XXIX): 12 canonical + 4 continuous + 4 novel + 9 shunted


   [1;35m⊙[0m   [1;37mG-mOMonadOS[0m
   [2;37mGPU-native build, mOMonadOS ported to run via CUDA[0m
   [1;33mμ∘δ = id[0m

   [2;37mFrobenius core · Belnap FOUR · crystal FS · graph execution[0m

   [1;34mhelp[0m for commands, [1;34m?[0m for the menu, Tab completes.

   [1;34mask[0m runs a structural dry-run here; the full wet-run is on the host:
   [2;37m./ask --file <path> | ./ask --ask "…" | ./ask -i[0m

⊙> gpu_kernel run_nested ⊢⊙∈≻⊤≺⊥⋈⊞∋⊡⊣
gpu_kernel run_nested on device: 12 marks
  halted: true   ticks: 12
  stack (bottom..top): [N]  depth 1
  registers: [N N N N N F T T]  engagr true
  memory[0..4]: [N N N N]
  matches CPU kernel: true
  banked tri face: landing=A; weights=[1, 1, 1, 1]; state=holds
  live clears=1; deposits=3; inert=1; exposed clears=0; exposed weight=0
  cleared weight=1; restored weight=1; seeds=1; open frames=0
  banked face matches CPU combo2 semantics: true
⊙> gpu_kernel run_nested ⊙∈≻⊤≺⊥⋈⊞∋⊡⊣⊢
gpu_kernel run_nested on device: 12 marks
  halted: true   ticks: 11
  stack (bottom..top): []  depth 0
  registers: [N N N N N F T T]  engagr true
  memory[0..4]: [N N N N]
  matches CPU kernel: true
  banked tri face: landing=A; weights=[1, 1, 1, 1]; state=holds
  live clears=1; deposits=3; inert=2; exposed clears=0; exposed weight=0
  cleared weight=1; restored weight=1; seeds=1; open frames=0
  banked face matches CPU combo2 semantics: true
⊙> gpu_kernel run_nested ∈≻⊤≺⊥⋈⊞∋⊡⊣⊢⊙
gpu_kernel run_nested on device: 12 marks
  halted: true   ticks: 10
  stack (bottom..top): []  depth 0
  registers: [N N N N N N N N]  engagr true
  memory[0..4]: [N N N N]
  matches CPU kernel: true
  banked tri face: landing=A; weights=[1, 1, 1, 1]; state=holds
  live clears=1; deposits=3; inert=2; exposed clears=0; exposed weight=0
  cleared weight=1; restored weight=1; seeds=1; open frames=0
  banked face matches CPU combo2 semantics: true
⊙> gpu_kernel run_nested ≻⊤≺⊥⋈⊞∋⊡⊣⊢⊙∈
gpu_kernel run_nested on device: 12 marks
  halted: true   ticks: 9
  stack (bottom..top): []  depth 0
  registers: [N N N N N N N N]  engagr true
  memory[0..4]: [N N N N]
  matches CPU kernel: true
  banked tri face: landing=Ftf; weights=[0, 1, 1, 1]; state=exposed
  live clears=1; deposits=3; inert=3; exposed clears=1; exposed weight=1
  cleared weight=1; restored weight=0; seeds=1; open frames=0
  banked face matches CPU combo2 semantics: true
⊙> gpu_kernel run_nested ⊤≺⊥⋈⊞∋⊡⊣⊢⊙∈≻
gpu_kernel run_nested on device: 12 marks
  halted: true   ticks: 8
  stack (bottom..top): []  depth 0
  registers: [B N N N N N N N]  engagr true
  memory[0..4]: [N N N N]
  matches CPU kernel: true
  banked tri face: landing=Ftf; weights=[0, 1, 1, 1]; state=exposed
  live clears=1; deposits=3; inert=4; exposed clears=1; exposed weight=1
  cleared weight=1; restored weight=0; seeds=0; open frames=0
  banked face matches CPU combo2 semantics: true
⊙> gpu_kernel run_nested ≺⊥⋈⊞∋⊡⊣⊢⊙∈≻⊤
gpu_kernel run_nested on device: 12 marks
  halted: true   ticks: 7
  stack (bottom..top): []  depth 0
  registers: [B N N N N N N N]  engagr true
  memory[0..4]: [N N N N]
  matches CPU kernel: true
  banked tri face: landing=Ftf; weights=[0, 1, 1, 1]; state=vacuous
  live clears=0; deposits=2; inert=5; exposed clears=0; exposed weight=0
  cleared weight=0; restored weight=0; seeds=0; open frames=0
  banked face matches CPU combo2 semantics: true
⊙> gpu_kernel run_nested ⊥⋈⊞∋⊡⊣⊢⊙∈≻⊤≺
gpu_kernel run_nested on device: 12 marks
  halted: true   ticks: 6
  stack (bottom..top): []  depth 0
  registers: [N N N N N N N N]  engagr true
  memory[0..4]: [N N N N]
  matches CPU kernel: true
  banked tri face: landing=Ftf; weights=[0, 1, 1, 1]; state=vacuous
  live clears=0; deposits=2; inert=6; exposed clears=0; exposed weight=0
  cleared weight=0; restored weight=0; seeds=0; open frames=0
  banked face matches CPU combo2 semantics: true
⊙> gpu_kernel run_nested ⋈⊞∋⊡⊣⊢⊙∈≻⊤≺⊥
gpu_kernel run_nested on device: 12 marks
  halted: true   ticks: 5
  stack (bottom..top): []  depth 0
  registers: [N N N N N N N N]  engagr true
  memory[0..4]: [N N N N]
  matches CPU kernel: true
  banked tri face: landing=tf; weights=[0, 0, 1, 1]; state=vacuous
  live clears=0; deposits=1; inert=7; exposed clears=0; exposed weight=0
  cleared weight=0; restored weight=0; seeds=0; open frames=0
  banked face matches CPU combo2 semantics: true
⊙> gpu_kernel run_nested ⊞∋⊡⊣⊢⊙∈≻⊤≺⊥⋈
gpu_kernel run_nested on device: 12 marks
  halted: true   ticks: 4
  stack (bottom..top): []  depth 0
  registers: [N N N N N N N N]  engagr true
  memory[0..4]: [N N N N]
  matches CPU kernel: true
  banked tri face: landing=tf; weights=[0, 0, 1, 1]; state=vacuous
  live clears=0; deposits=1; inert=8; exposed clears=0; exposed weight=0
  cleared weight=0; restored weight=0; seeds=0; open frames=0
  banked face matches CPU combo2 semantics: true
⊙> gpu_kernel run_nested ∋⊡⊣⊢⊙∈≻⊤≺⊥⋈⊞
gpu_kernel run_nested on device: 12 marks
  halted: true   ticks: 3
  stack (bottom..top): []  depth 0
  registers: [N N N N N N N N]  engagr false
  memory[0..4]: [N N N N]
  matches CPU kernel: true
  banked tri face: landing=T; weights=[0, 0, 0, 0]; state=vacuous
  live clears=0; deposits=0; inert=9; exposed clears=0; exposed weight=0
  cleared weight=0; restored weight=0; seeds=1; open frames=0
  banked face matches CPU combo2 semantics: true
⊙> gpu_kernel run_nested ⊡⊣⊢⊙∈≻⊤≺⊥⋈⊞∋
gpu_kernel run_nested on device: 12 marks
  halted: true   ticks: 2
  stack (bottom..top): []  depth 0
  registers: [N N N N N N N N]  engagr false
  memory[0..4]: [N N N N]
  matches CPU kernel: true
  banked tri face: landing=T; weights=[0, 0, 0, 0]; state=vacuous
  live clears=0; deposits=0; inert=10; exposed clears=0; exposed weight=0
  cleared weight=0; restored weight=0; seeds=1; open frames=0
  banked face matches CPU combo2 semantics: true
⊙> gpu_kernel run_nested ⊣⊢⊙∈≻⊤≺⊥⋈⊞∋⊡
gpu_kernel run_nested on device: 12 marks
  halted: true   ticks: 1
  stack (bottom..top): []  depth 0
  registers: [N N N N N N N N]  engagr false
  memory[0..4]: [N N N N]
  matches CPU kernel: true
  banked tri face: landing=A; weights=[1, 1, 1, 1]; state=holds
  live clears=1; deposits=3; inert=0; exposed clears=0; exposed weight=0
  cleared weight=1; restored weight=1; seeds=1; open frames=0
  banked face matches CPU combo2 semantics: true
⊙> gpu_kernel run_nested ⊢∈∈⊤∋≺∋⊡⊣
gpu_kernel run_nested on device: 9 marks
  halted: true   ticks: 9
  stack (bottom..top): [N]  depth 1
  registers: [B N N N N N N N]  engagr false
  memory[0..4]: [N N N N]
  matches CPU kernel: true
  banked tri face: landing=T; weights=[1, 0, 0, 0]; state=holds
  live clears=1; deposits=1; inert=1; exposed clears=0; exposed weight=0
  cleared weight=1; restored weight=1; seeds=0; open frames=0
  banked face matches CPU combo2 semantics: true
⊙> gpu_kernel run_nested ⊢∈⊤∋≺⊡⊣
gpu_kernel run_nested on device: 7 marks
  halted: true   ticks: 7
  stack (bottom..top): []  depth 0
  registers: [B N N N N N N N]  engagr false
  memory[0..4]: [N N N N]
  matches CPU kernel: true
  banked tri face: landing=N; weights=[0, 0, 0, 0]; state=exposed
  live clears=1; deposits=1; inert=1; exposed clears=1; exposed weight=1
  cleared weight=1; restored weight=0; seeds=0; open frames=0
  banked face matches CPU combo2 semantics: true
⊙> gpu_kernel run_nested ⊢∈⊤⊤≺∋⊡⊣
gpu_kernel run_nested on device: 8 marks
  halted: true   ticks: 8
  stack (bottom..top): []  depth 0
  registers: [B N N N N N N N]  engagr false
  memory[0..4]: [N N N N]
  matches CPU kernel: true
  banked tri face: landing=T; weights=[2, 0, 0, 0]; state=holds
  live clears=1; deposits=2; inert=1; exposed clears=0; exposed weight=0
  cleared weight=2; restored weight=2; seeds=0; open frames=0
  banked face matches CPU combo2 semantics: true
⊙> gpu_kernel run_nested ⊢∈⊤∋∈⊥∋⊡⊣
gpu_kernel run_nested on device: 9 marks
  halted: true   ticks: 9
  stack (bottom..top): [N]  depth 1
  registers: [N N N N N N N N]  engagr false
  memory[0..4]: [N N N N]
  matches CPU kernel: true
  banked tri face: landing=TF; weights=[1, 1, 0, 0]; state=vacuous
  live clears=0; deposits=2; inert=1; exposed clears=0; exposed weight=0
  cleared weight=0; restored weight=0; seeds=0; open frames=0
  banked face matches CPU combo2 semantics: true
⊙> gpu_kernel run_nested ⊢∈⊙∋⊡⊣
gpu_kernel run_nested on device: 6 marks
  halted: true   ticks: 6
  stack (bottom..top): []  depth 0
  registers: [N N N N F F T F]  engagr false
  memory[0..4]: [N N N N]
  matches CPU kernel: true
  banked tri face: landing=T; weights=[0, 0, 0, 0]; state=vacuous
  live clears=0; deposits=0; inert=1; exposed clears=0; exposed weight=0
  cleared weight=0; restored weight=0; seeds=1; open frames=0
  banked face matches CPU combo2 semantics: true
⊙> gpu_kernel run_nested ⊢⊡⊤⊙≺∋⊣
gpu_kernel run_nested on device: 7 marks
  halted: true   ticks: 7
  stack (bottom..top): []  depth 0
  registers: [B N N N B F T F]  engagr false
  memory[0..4]: [N N N N]
  matches CPU kernel: true
  banked tri face: landing=T; weights=[0, 0, 0, 0]; state=vacuous
  live clears=0; deposits=0; inert=4; exposed clears=0; exposed weight=0
  cleared weight=0; restored weight=0; seeds=1; open frames=0
  banked face matches CPU combo2 semantics: true
⊙> gpu_kernel run_nested ⊢∈∈∈∈∈∈∈∈∈∈∈∈∈∈∈∈∈∈∈∈∈∈∈∈∈∈∈∈∈∈∈∈∈∈∈∈∈∈∈∈∈∈∈∈∈∈∈∈∈∈∈∈∈∈∈∈∈∈∈∈∈∈∈∈∈∈∈∈∈∈∈∈∈∈∈∈∈∈∈∈⊤∋∋∋∋∋∋∋∋∋∋∋∋∋∋∋∋∋∋∋∋∋∋∋∋∋∋∋∋∋∋∋∋∋∋∋∋∋∋∋∋∋∋∋∋∋∋∋∋∋∋∋∋∋∋∋∋∋∋∋∋∋∋∋∋∋∋∋∋∋∋∋∋∋∋∋∋∋∋∋∋⊡⊣
gpu_kernel run_nested on device: 164 marks
  halted: true   ticks: 148
  stack (bottom..top): [N N N N N N N N N N N N N N N N N N N N N N N N N N N N N N N N N N N N N N N N N N N N N N N N N N N N N N N N N N N N N N N N N N N N N N N N N N N N N N N]  depth 79
  registers: [N N N N N N N N]  engagr false
  memory[0..4]: [N N N N]
  matches CPU kernel: true
  banked tri face: landing=T; weights=[1, 0, 0, 0]; state=vacuous
  live clears=0; deposits=1; inert=1; exposed clears=0; exposed weight=0
  cleared weight=0; restored weight=0; seeds=0; open frames=0
  banked face matches CPU combo2 semantics: true
⊙> gpu_kernel run_nested ⊙∈∋⊙
gpu_kernel run_nested on device: 4 marks
  halted: false   ticks: 65536
  stack (bottom..top): [N N N N N N N N N N N N N N N N N N N N N N N N N N N N N N N N N N N N N N N N N N N N N N N N N N N N N N N N N N N N N N N N N N N N N N N N N N N N N N N N N N N N N N N N N N N N N N N N N N N N N N N N N N N N N N N N N N N N N N N N N N N N N N N N N N N N N N N N N N N N N N N N N N N N N N N N N N N N N N N N N N N N N N N N N N N N N N N N N N N N N N N N N N N N N N N N N N N N N N N N N N N N N N N N N N N N N N N N N N N N N N N N N N N N N N N N N N N N N N N N N N N N N N N N N N N N N N N N]  depth 256
  registers: [N N N N B T T F]  engagr false
  memory[0..4]: [N N N N]
  matches CPU kernel: true
  banked tri face: landing=T; weights=[0, 0, 0, 0]; state=vacuous
  live clears=0; deposits=0; inert=0; exposed clears=0; exposed weight=0
  cleared weight=0; restored weight=0; seeds=2; open frames=0
  banked face matches CPU combo2 semantics: true
⊙> gpu_kernel verify_nested 4096 20260910
gpu_kernel verify: 4096 programs, GPU == CPU on every one (stack, registers, engagr, memory, halt, tick, banked SIXTEEN_3 landing and weights)
⊙> gpu_kernel verify 512 20260910
gpu_kernel verify: 512 programs, GPU == CPU on every one (stack, registers, engagr, memory, halt, tick)
⊙> quit
Halting. μ∘δ=id.
[SHUTDOWN] μ∘δ=id. Goodbye.
nested hosted executable: process ⊢∈≻⋈⊙⊤≻⋈⊥≺⋈⊞∋⊡⋈⊙⊣
  IMASM entry nesting depth=64; executable mark ticks=17
nested hosted kernel reached its terminal anchor
