bash: cannot set terminal process group (1012513): Inappropriate ioctl for device
bash: no job control in this shell
gpu_gnfs: bits=14 B=2000 word=⊢⊙≻∈⊤⊥⊞⊡≺⋈≻∋⊤⊣ d≈3 — ⊢ opening
gpu_gnfs ⊙: d=3 m_bits=5 coeff_score=7 f(m)=N — g(x)=x - 20
gpu_gnfs ≻ device: building factor bases (GPU)…
gpu_gnfs ⊢/alfs GPU: cached PTX → target/gnfs_fb_f447316f418f2d5b.ptx
gpu_gnfs ⊢/alfs device: B=2000 |rat|=303 |alg|=296 on device 0 (gpu=true)
gpu_gnfs ⊢/alfs: B=2000 |rat|=303 |alg|=296 ncols=600 (220 ms, gpu=true)
gpu_gnfs ≻ device: classical log-line sieve (GPU)…
gpu_gnfs ≻ GPU: cached PTX → target/gnfs_smooth_169dd4adeb9c5361.ptx
gpu_gnfs ≻ GPU classical log-line |A|=16000 Bmax=4000 fudge=13.682 mark=exact+log on device 0 (RTX 4070)
gpu_gnfs ≻ hit tables: rat=378 alg=352 prep=0ms (once, not per tile)
gpu_gnfs ≻ tile 1/7: relations=0/633 cells=19968624 gpu_ms=570 host_verify_ms_cum=0 survivors_queued=137900 (rat≈378 alg≈352)
gpu_gnfs ≻ tile 2/7: relations=633/633 cells=39937248 gpu_ms=540 host_verify_ms_cum=3 survivors_queued=91194 (rat≈378 alg≈352)
gpu_gnfs ≻ host drain: survivors=0 relations=633 verify_ms=0
gpu_gnfs ≻ GPU log-line done: cells=39937248 hit-launches=4 gpu_ms=1110 host_verify_ms=3 wall_ms=1132 relations=633/633
gpu_gnfs ≻ sieve: pairs=30477 relations=633/633 |A|=16000 Bmax=4000 ncols=600 gpu=true device=0 gpu_ms=1110 cells=39937248
gpu_gnfs ⋈≻ GPU: cached PTX → target/gnfs_linalg_91eeace4653e24ed.ptx
gpu_gnfs ⋈≻ device: GF(2) GE 633×600 on device 0…
gpu_gnfs ⋈≻ device: 64 dependencies from nullspace
gpu_gnfs ⋈≻: 633 relations → 64 dependencies (138 ms, gpu=true)
gpu_gnfs ⋈≻ GPU: cached PTX → target/gnfs_linalg_91eeace4653e24ed.ptx
gpu_gnfs ∋ device: φ-congruence 64 deps on device 0 (N=10403)…
gpu_gnfs ∋⊤: factor 103 via dep [59,66,84,92,100,105,109,118,131,159,160,161,163,172,174,179,191,213,222,232,234,236,242,243,244,250,256,261,264,268,271,277,283,287,294,318,320,323,326,328,347,350,354,355,357,375,377,378,381,403,420,424,432,435,444,450,453,456,459,461,477,500,502,505,512,515,523,527,536,541,558,571,572,574,578,579,586,590,607] (x=309 y=0) (161 ms, gpu=true)

real	0m1.854s
user	0m1.239s
sys	0m0.312s
