bash: cannot set terminal process group (1008867): Inappropriate ioctl for device
bash: no job control in this shell
gpu_gnfs: bits=81 B=5000 word=⊢⊙≻∈⊤⊥⊞⊡≺⋈≻∋⊤⊣ d≈3 — ⊢ opening
gpu_gnfs ⊙: d=3 m_bits=27 coeff_score=43 f(m)=N — g(x)=x - 106528669
gpu_gnfs ≻ device: building factor bases (GPU)…
gpu_gnfs ⊢/alfs GPU: cached PTX → target/gnfs_fb_f447316f418f2d5b.ptx
gpu_gnfs ⊢/alfs device: B=5000 |rat|=669 |alg|=603 on device 0 (gpu=true)
gpu_gnfs ⊢/alfs: B=5000 |rat|=669 |alg|=603 ncols=1273 (221 ms, gpu=true)
gpu_gnfs ≻ device: classical log-line sieve (GPU)…
gpu_gnfs ≻ GPU: cached PTX → target/gnfs_smooth_169dd4adeb9c5361.ptx
gpu_gnfs ≻ GPU classical log-line |A|=15000 Bmax=10000 fudge=15.331 mark=exact+log on device 0 (RTX 4070)
gpu_gnfs ≻ hit tables: rat=744 alg=644 prep=0ms (once, not per tile)
gpu_gnfs ≻ tile 1/16: relations=0/1315 cells=19980666 gpu_ms=776 host_verify_ms_cum=0 survivors_queued=1276 (rat≈744 alg≈644)
gpu_gnfs ≻ tile 2/16: relations=1276/1315 cells=39961332 gpu_ms=760 host_verify_ms_cum=23 survivors_queued=200 (rat≈744 alg≈644)
gpu_gnfs ≻ tile 3/16: relations=1315/1315 cells=59941998 gpu_ms=742 host_verify_ms_cum=25 survivors_queued=116 (rat≈744 alg≈644)
gpu_gnfs ≻ host drain: survivors=0 relations=1315 verify_ms=0
gpu_gnfs ≻ GPU log-line done: cells=59941998 hit-launches=6 gpu_ms=2278 host_verify_ms=25 wall_ms=2304 relations=1315/1315
gpu_gnfs ≻ sieve: pairs=23884203 relations=1315/1315 |A|=15000 Bmax=10000 ncols=1273 gpu=true device=0 gpu_ms=2278 cells=59941998
gpu_gnfs ⋈≻ GPU: cached PTX → target/gnfs_linalg_bce47118b1cc5aba.ptx
gpu_gnfs ⋈≻ GPU GE failed — host fallback: nrows=1315 > 1024 one-block GE limit
gpu_gnfs ⋈≻: 1315 relations → 64 dependencies (857 ms, gpu=false)
gpu_gnfs ∋ GPU: NVRTC compiling multi-limb congruence (L=3)…
gpu_gnfs ∋ GPU: NVRTC 403 ms — cached target/gnfs_cong_ml_L3_78f267b8213ac985.ptx
gpu_gnfs ∋ device: multi-limb φ-congruence 64 deps limbs=3 bits=81 on device 0…
gpu_gnfs ∋ multi-limb congruence failed — host fallback: gpu_gnfs ∋: multi-limb device found no factor across 64 deps (L=3)
gpu_gnfs: B=5000 failed — gpu_gnfs ∋: gcd trivial dep [1,3,7,10,13,14,15,19,24,27,30,32,33,34,37,38,39,45,47,48,51,52,54,60,61,62,64,65,68,69,72,76,77,78,79,80,84,86,90,91,92,98,100,101,102,103,104,106,108,109,113,114,115,116,117,123,125,126,127,128,129,131,132,135,138,142,143,144,151,152,155,157,158,163,164,166,168,170,171,172,173,178,179,184,187,188,189,191,193,194,195,196,198,201,202,207,212,215,217,219,220,224,225,226,230,234,241,243,244,247,250,252,253,254,255,256,260,262,264,265,269,271,272,274,275,276,277,281,282,285,289,290,293,294,295,297,298,299,301,302,304,306,309,312,314,315,321,325,328,331,332,333,334,335,336,337,338,343,345,347,349,350,353,354,358,363,364,368,370,372,373,374,375,378,381,382,385,388,389,390,394,398,399,400,403,405,406,409,413,415,416,417,421,426,427,430,434,437,438,440,441,442,443,444,449,453,454,458,460,462,465,466,467,471,472,474,475,479,486,488,489,492,495,497,499,500,502,507,508,512,516,518,519,521,524,527,531,533,536,537,538,539,544,546,547,548,551,554,555,557,558,560,561,562,563,568,569,570,572,573,574,579,582,584,585,588,591,594,595,599,602,603,604,607,612,615,618,619,623,625,626,636,639,641,642,645,649,650,653,655,656,657,662,668,669,672,673,676,678,680,683,684,686,687,689,691,692,693,694,702,705,707,709,712,713,717,718,719,720,722,723,728,731,732,735,737,738,741,742,743,746,752,753,756,757,759,762,763,766,767,768,770,774,775,781,782,785,787,788,792,798,799,800,801,803,804,805,806,809,810,812,815,820,822,824,828,829,830,831,833,836,837,843,859,865,866,868,870,872,873,878,880,882,883,884,887,889,891,892,893,896,898,902,909,912,913,916,918,922,924,929,932,934,937,939,941,943,945,946,947,949,950,958,960,961,967,970,971,972,973,977,979,981,984,986,987,988,989,991,992,994,996,997,999,1000,1001,1002,1005,1006,1010,1013,1016,1019,1023,1028,1029,1030,1032,1036,1038,1039,1040,1043,1044,1045,1048,1050,1051,1054,1059,1061,1063,1064,1069,1070,1073,1074,1075,1082,1083,1085,1087,1088,1090,1095,1100,1102,1104,1123,1126,1127,1128,1129,1130,1132,1133,1135,1136,1142,1144,1146,1148,1152,1155,1157,1160,1163,1165,1168,1171,1172,1176,1177,1181,1187,1192,1193,1194,1197,1198,1201,1204,1205,1271] x=995276613355602210387338 y=282042433039562497271498

real	1m37.705s
user	1m36.712s
sys	0m0.336s
