bash: cannot set terminal process group (1000762): Inappropriate ioctl for device
bash: no job control in this shell
gpu_gnfs: bits=14 B=2000 word=⊢⊙≻∈⊤⊥⊞⊡≺⋈≻∋⊤⊣ d≈3 — ⊢ opening
gpu_gnfs ⊙: d=3 m_bits=5 coeff_score=7 f(m)=N — g(x)=x - 20
gpu_gnfs ≻ host: building factor bases (CPU)…
gpu_gnfs ⊢/alfs: B=2000 |rat|=303 |alg|=296 ncols=600 (16 ms CPU)
gpu_gnfs ≻ device: classical log-line sieve (GPU)…
gpu_gnfs ≻ GPU: cached PTX → target/gnfs_smooth_169dd4adeb9c5361.ptx
gpu_gnfs ≻ GPU classical log-line |A|=16000 Bmax=4000 fudge=13.682 mark=exact+log on device 0 (RTX 4070)
gpu_gnfs ≻ hit tables: rat=378 alg=352 prep=0ms (once, not per tile)
gpu_gnfs ≻ tile 1/7: relations=0/633 cells=19968624 gpu_ms=553 host_verify_ms_cum=0 survivors_queued=137900 (rat≈378 alg≈352)
gpu_gnfs ≻ tile 2/7: relations=633/633 cells=39937248 gpu_ms=529 host_verify_ms_cum=3 survivors_queued=91194 (rat≈378 alg≈352)
gpu_gnfs ≻ host drain: survivors=0 relations=633 verify_ms=0
gpu_gnfs ≻ GPU log-line done: cells=39937248 hit-launches=4 gpu_ms=1082 host_verify_ms=3 wall_ms=1106 relations=633/633
gpu_gnfs ≻ sieve: pairs=30477 relations=633/633 |A|=16000 Bmax=4000 ncols=600 gpu=true device=0 gpu_ms=1082 cells=39937248
gpu_gnfs ⋈≻ GPU: NVRTC compiling GF(2)/congruence kernels…
gpu_gnfs ⋈≻ GPU GE failed — host fallback: NVRTC: CompileError { nvrtc: NvrtcError(NVRTC_ERROR_COMPILATION), options: ["--device-int128"], log: "default_program(77): error: explicit type is missing (\"int\" assumed)\n\ndefault_program(77): error: expected an expression\n\ndefault_program(80): warning #12-D: parsing restarts here after previous syntax error\n\ndefault_program(83): error: expression preceding parentheses of apparent call must have (pointer-to-) function type\n\ndefault_program(99): error: expression preceding parentheses of apparent call must have (pointer-to-) function type\n\ndefault_program(164): error: explicit type is missing (\"int\" assumed)\n\ndefault_program(164): error: expected an expression\n\ndefault_program(169): warning #12-D: parsing restarts here after previous syntax error\n\ndefault_program(170): error: expression preceding parentheses of apparent call must have (pointer-to-) function type\n\ndefault_program(183): error: expression preceding parentheses of apparent call must have (pointer-to-) function type\n\ndefault_program(192): error: expression preceding parentheses of apparent call must have (pointer-to-) function type\n\n9 errors detected in the compilation of \"default_program\".\n" }
gpu_gnfs ⋈≻: 633 relations → 64 dependencies (384 ms, gpu=false)
gpu_gnfs ⋈≻ GPU: NVRTC compiling GF(2)/congruence kernels…
gpu_gnfs ∋ GPU congruence failed — host fallback: NVRTC: CompileError { nvrtc: NvrtcError(NVRTC_ERROR_COMPILATION), options: ["--device-int128"], log: "default_program(77): error: explicit type is missing (\"int\" assumed)\n\ndefault_program(77): error: expected an expression\n\ndefault_program(80): warning #12-D: parsing restarts here after previous syntax error\n\ndefault_program(83): error: expression preceding parentheses of apparent call must have (pointer-to-) function type\n\ndefault_program(99): error: expression preceding parentheses of apparent call must have (pointer-to-) function type\n\ndefault_program(164): error: explicit type is missing (\"int\" assumed)\n\ndefault_program(164): error: expected an expression\n\ndefault_program(169): warning #12-D: parsing restarts here after previous syntax error\n\ndefault_program(170): error: expression preceding parentheses of apparent call must have (pointer-to-) function type\n\ndefault_program(183): error: expression preceding parentheses of apparent call must have (pointer-to-) function type\n\ndefault_program(192): error: expression preceding parentheses of apparent call must have (pointer-to-) function type\n\n9 errors detected in the compilation of \"default_program\".\n" }
gpu_gnfs ∋⊤: factor 101 via dep [6,36,64,76,80,97,130,133,161,163,170,172,188,190,198,206,207,213,215,217,223,236,244,264,265,268,271,274,299,300,301,302,307,308,314,317,319,322,324,327,329,342,347,350,364,367,370,374,378,379,380,391,394,407,421,427] (x=8484 y=0) (1230 ms, gpu=false)

real	0m3.069s
user	0m2.491s
sys	0m0.307s
bash: cannot set terminal process group (1000762): Inappropriate ioctl for device
bash: no job control in this shell
gpu_gnfs: bits=8 B=40 word=⊢⊙≻∈⊤⊥⊞⊡≺⋈≻∋⊤⊣ d≈3 — ⊢ opening
gpu_gnfs ⊙: d=3 m_bits=3 coeff_score=6 f(m)=N — g(x)=x - 5
gpu_gnfs ≻ host: building factor bases (CPU)…
gpu_gnfs ⊢/alfs: B=40 |rat|=12 |alg|=13 ncols=26 (0 ms CPU)
gpu_gnfs ≻ device: classical log-line sieve (GPU)…
gpu_gnfs ≻ GPU: cached PTX → target/gnfs_smooth_169dd4adeb9c5361.ptx
gpu_gnfs ≻ GPU classical log-line |A|=320 Bmax=80 fudge=6.640 mark=exact+log on device 0 (RTX 4070)
gpu_gnfs ≻ hit tables: rat=34 alg=22 prep=0ms (once, not per tile)
gpu_gnfs ≻ tile 1/1: relations=0/59 cells=51280 gpu_ms=1 host_verify_ms_cum=0 survivors_queued=140 (rat≈34 alg≈22)
gpu_gnfs ≻ host drain: survivors=59 relations=59 verify_ms=0
gpu_gnfs ≻ GPU log-line done: cells=51280 hit-launches=2 gpu_ms=1 host_verify_ms=0 wall_ms=1 relations=59/59
gpu_gnfs ≻ sieve: pairs=4189 relations=59/59 |A|=320 Bmax=80 ncols=26 gpu=true device=0 gpu_ms=1 cells=51280
gpu_gnfs ⋈≻ GPU: NVRTC compiling GF(2)/congruence kernels…
gpu_gnfs ⋈≻ GPU GE failed — host fallback: NVRTC: CompileError { nvrtc: NvrtcError(NVRTC_ERROR_COMPILATION), options: ["--device-int128"], log: "default_program(77): error: explicit type is missing (\"int\" assumed)\n\ndefault_program(77): error: expected an expression\n\ndefault_program(80): warning #12-D: parsing restarts here after previous syntax error\n\ndefault_program(83): error: expression preceding parentheses of apparent call must have (pointer-to-) function type\n\ndefault_program(99): error: expression preceding parentheses of apparent call must have (pointer-to-) function type\n\ndefault_program(164): error: explicit type is missing (\"int\" assumed)\n\ndefault_program(164): error: expected an expression\n\ndefault_program(169): warning #12-D: parsing restarts here after previous syntax error\n\ndefault_program(170): error: expression preceding parentheses of apparent call must have (pointer-to-) function type\n\ndefault_program(183): error: expression preceding parentheses of apparent call must have (pointer-to-) function type\n\ndefault_program(192): error: expression preceding parentheses of apparent call must have (pointer-to-) function type\n\n9 errors detected in the compilation of \"default_program\".\n" }
gpu_gnfs ⋈≻: 59 relations → 36 dependencies (224 ms, gpu=false)
gpu_gnfs ⋈≻ GPU: NVRTC compiling GF(2)/congruence kernels…
gpu_gnfs ∋ GPU congruence failed — host fallback: NVRTC: CompileError { nvrtc: NvrtcError(NVRTC_ERROR_COMPILATION), options: ["--device-int128"], log: "default_program(77): error: explicit type is missing (\"int\" assumed)\n\ndefault_program(77): error: expected an expression\n\ndefault_program(80): warning #12-D: parsing restarts here after previous syntax error\n\ndefault_program(83): error: expression preceding parentheses of apparent call must have (pointer-to-) function type\n\ndefault_program(99): error: expression preceding parentheses of apparent call must have (pointer-to-) function type\n\ndefault_program(164): error: explicit type is missing (\"int\" assumed)\n\ndefault_program(164): error: expected an expression\n\ndefault_program(169): warning #12-D: parsing restarts here after previous syntax error\n\ndefault_program(170): error: expression preceding parentheses of apparent call must have (pointer-to-) function type\n\ndefault_program(183): error: expression preceding parentheses of apparent call must have (pointer-to-) function type\n\ndefault_program(192): error: expression preceding parentheses of apparent call must have (pointer-to-) function type\n\n9 errors detected in the compilation of \"default_program\".\n" }
gpu_gnfs ∋⊤: factor 11 via dep [4,8,23] (x=22 y=66) (2424 ms, gpu=false)

real	0m2.974s
user	0m2.525s
sys	0m0.253s
bash: cannot set terminal process group (1000762): Inappropriate ioctl for device
bash: no job control in this shell
gpu_gnfs: bits=11 B=40 word=⊢⊙≻∈⊤⊥⊞⊡≺⋈≻∋⊤⊣ d≈3 — ⊢ opening
gpu_gnfs ⊙: d=3 m_bits=3 coeff_score=8 f(m)=N — g(x)=x - 6
gpu_gnfs ≻ host: building factor bases (CPU)…
gpu_gnfs ⊢/alfs: B=40 |rat|=12 |alg|=20 ncols=33 (0 ms CPU)
gpu_gnfs ≻ device: classical log-line sieve (GPU)…
gpu_gnfs ≻ GPU: cached PTX → target/gnfs_smooth_169dd4adeb9c5361.ptx
gpu_gnfs ≻ GPU classical log-line |A|=320 Bmax=80 fudge=6.640 mark=exact+log on device 0 (RTX 4070)
gpu_gnfs ≻ hit tables: rat=34 alg=39 prep=0ms (once, not per tile)
gpu_gnfs ≻ tile 1/1: relations=0/66 cells=51280 gpu_ms=1 host_verify_ms_cum=0 survivors_queued=294 (rat≈34 alg≈39)
gpu_gnfs ≻ host drain: survivors=81 relations=66 verify_ms=0
gpu_gnfs ≻ GPU log-line done: cells=51280 hit-launches=2 gpu_ms=1 host_verify_ms=0 wall_ms=1 relations=66/66
gpu_gnfs ≻ sieve: pairs=4135 relations=66/66 |A|=320 Bmax=80 ncols=33 gpu=true device=0 gpu_ms=1 cells=51280
gpu_gnfs ⋈≻ GPU: NVRTC compiling GF(2)/congruence kernels…
gpu_gnfs ⋈≻ GPU GE failed — host fallback: NVRTC: CompileError { nvrtc: NvrtcError(NVRTC_ERROR_COMPILATION), options: ["--device-int128"], log: "default_program(77): error: explicit type is missing (\"int\" assumed)\n\ndefault_program(77): error: expected an expression\n\ndefault_program(80): warning #12-D: parsing restarts here after previous syntax error\n\ndefault_program(83): error: expression preceding parentheses of apparent call must have (pointer-to-) function type\n\ndefault_program(99): error: expression preceding parentheses of apparent call must have (pointer-to-) function type\n\ndefault_program(164): error: explicit type is missing (\"int\" assumed)\n\ndefault_program(164): error: expected an expression\n\ndefault_program(169): warning #12-D: parsing restarts here after previous syntax error\n\ndefault_program(170): error: expression preceding parentheses of apparent call must have (pointer-to-) function type\n\ndefault_program(183): error: expression preceding parentheses of apparent call must have (pointer-to-) function type\n\ndefault_program(192): error: expression preceding parentheses of apparent call must have (pointer-to-) function type\n\n9 errors detected in the compilation of \"default_program\".\n" }
gpu_gnfs ⋈≻: 66 relations → 35 dependencies (212 ms, gpu=false)
gpu_gnfs ⋈≻ GPU: NVRTC compiling GF(2)/congruence kernels…
gpu_gnfs ∋ GPU congruence failed — host fallback: NVRTC: CompileError { nvrtc: NvrtcError(NVRTC_ERROR_COMPILATION), options: ["--device-int128"], log: "default_program(77): error: explicit type is missing (\"int\" assumed)\n\ndefault_program(77): error: expected an expression\n\ndefault_program(80): warning #12-D: parsing restarts here after previous syntax error\n\ndefault_program(83): error: expression preceding parentheses of apparent call must have (pointer-to-) function type\n\ndefault_program(99): error: expression preceding parentheses of apparent call must have (pointer-to-) function type\n\ndefault_program(164): error: explicit type is missing (\"int\" assumed)\n\ndefault_program(164): error: expected an expression\n\ndefault_program(169): warning #12-D: parsing restarts here after previous syntax error\n\ndefault_program(170): error: expression preceding parentheses of apparent call must have (pointer-to-) function type\n\ndefault_program(183): error: expression preceding parentheses of apparent call must have (pointer-to-) function type\n\ndefault_program(192): error: expression preceding parentheses of apparent call must have (pointer-to-) function type\n\n9 errors detected in the compilation of \"default_program\".\n" }
gpu_gnfs ∋⊤: factor 37 via dep [1,2,9,11,17,19,20,30] (x=185 y=925) (508 ms, gpu=false)

real	0m1.033s
user	0m0.557s
sys	0m0.217s
