bash: cannot set terminal process group (1012513): Inappropriate ioctl for device
bash: no job control in this shell
gpu_gnfs: bits=14 B=2000 word=⊢⊙≻∈⊤⊥⊞⊡≺⋈≻∋⊤⊣ d≈3 — ⊢ opening
gpu_gnfs ⊙: d=3 m_bits=5 coeff_score=7 f(m)=N — g(x)=x - 20
gpu_gnfs ≻ device: building factor bases (GPU)…
gpu_gnfs ⊢/alfs GPU: cached PTX → target/gnfs_fb_f447316f418f2d5b.ptx
gpu_gnfs ⊢/alfs device: B=2000 |rat|=303 |alg|=296 on device 0 (gpu=true)
gpu_gnfs ⊢/alfs: B=2000 |rat|=303 |alg|=296 ncols=600 (201 ms, gpu=true)
gpu_gnfs ≻ device: classical log-line sieve (GPU)…
gpu_gnfs ≻ GPU: cached PTX → target/gnfs_smooth_169dd4adeb9c5361.ptx
gpu_gnfs ≻ GPU classical log-line |A|=16000 Bmax=4000 fudge=13.682 mark=exact+log on device 0 (RTX 4070)
gpu_gnfs ≻ hit tables: rat=378 alg=352 prep=0ms (once, not per tile)
gpu_gnfs ≻ tile 1/7: relations=0/633 cells=19968624 gpu_ms=519 host_verify_ms_cum=0 survivors_queued=137900 (rat≈378 alg≈352)
gpu_gnfs ≻ tile 2/7: relations=633/633 cells=39937248 gpu_ms=559 host_verify_ms_cum=4 survivors_queued=91194 (rat≈378 alg≈352)
gpu_gnfs ≻ host drain: survivors=0 relations=633 verify_ms=0
gpu_gnfs ≻ GPU log-line done: cells=39937248 hit-launches=4 gpu_ms=1078 host_verify_ms=4 wall_ms=1100 relations=633/633
gpu_gnfs ≻ sieve: pairs=30477 relations=633/633 |A|=16000 Bmax=4000 ncols=600 gpu=true device=0 gpu_ms=1078 cells=39937248
gpu_gnfs ⋈≻ GPU: cached PTX → target/gnfs_linalg_91eeace4653e24ed.ptx
gpu_gnfs ⋈≻ device: GF(2) GE 633×600 on device 0…
gpu_gnfs ⋈≻ device: 64 dependencies from nullspace
gpu_gnfs ⋈≻: 633 relations → 64 dependencies (141 ms, gpu=true)
gpu_gnfs ∋ GPU: cached multi-limb PTX → target/gnfs_cong_ml_L2_fe28f83826af923c.ptx
gpu_gnfs ∋ device: multi-limb φ-congruence 64 deps limbs=2 bits=14 on device 0…
gpu_gnfs ∋ multi-limb failed — host fallback: gpu_gnfs ∋: multi-limb device found no factor across 64 deps (L=2)
gpu_gnfs: B=2000 failed — gpu_gnfs ∋: gcd trivial dep [8,9,13,15,23,24,28,30,45,46,53,54,71,83,97,101,106,107,118,123,129,130,134,139,142,145,154,158,159,166,171,173,174,189,190,193,203,220,221,231,250,254,256,259,260,261,273,283,288,293,297,300,302,309,313,322,331,332,336,341,344,353,355,357,361,366,381,386,396,397,400,410,419,421,429,443,450,456,459,476,481,492,493,500,508,509,511,516,519,520,523,541,545,550,563,567,569,572,580,581,584,586,588,592,596,600,602,603,606,607,615,621,624] x=0 y=0

real	0m14.583s
user	0m12.911s
sys	0m0.306s
