bash: cannot set terminal process group (1010041): Inappropriate ioctl for device
bash: no job control in this shell
gpu_gnfs: bits=81 B=5000 word=⊢⊙≻∈⊤⊥⊞⊡≺⋈≻∋⊤⊣ d≈3 — ⊢ opening
gpu_gnfs ⊙: d=3 m_bits=27 coeff_score=43 f(m)=N — g(x)=x - 106528669
gpu_gnfs ≻ device: building factor bases (GPU)…
gpu_gnfs ⊢/alfs GPU: cached PTX → target/gnfs_fb_f447316f418f2d5b.ptx
gpu_gnfs ⊢/alfs device: B=5000 |rat|=669 |alg|=603 on device 0 (gpu=true)
gpu_gnfs ⊢/alfs: B=5000 |rat|=669 |alg|=603 ncols=1273 (286 ms, gpu=true)
gpu_gnfs ≻ device: classical log-line sieve (GPU)…
gpu_gnfs ≻ GPU: cached PTX → target/gnfs_smooth_169dd4adeb9c5361.ptx
gpu_gnfs ≻ GPU classical log-line |A|=15000 Bmax=10000 fudge=15.331 mark=exact+log on device 0 (RTX 4070)
gpu_gnfs ≻ hit tables: rat=744 alg=644 prep=0ms (once, not per tile)
gpu_gnfs ≻ tile 1/16: relations=0/1315 cells=19980666 gpu_ms=766 host_verify_ms_cum=0 survivors_queued=1276 (rat≈744 alg≈644)
gpu_gnfs ≻ tile 2/16: relations=1276/1315 cells=39961332 gpu_ms=766 host_verify_ms_cum=24 survivors_queued=200 (rat≈744 alg≈644)
gpu_gnfs ≻ tile 3/16: relations=1315/1315 cells=59941998 gpu_ms=807 host_verify_ms_cum=27 survivors_queued=116 (rat≈744 alg≈644)
gpu_gnfs ≻ host drain: survivors=0 relations=1315 verify_ms=0
gpu_gnfs ≻ GPU log-line done: cells=59941998 hit-launches=6 gpu_ms=2339 host_verify_ms=27 wall_ms=2360 relations=1315/1315
gpu_gnfs ≻ sieve: pairs=23884203 relations=1315/1315 |A|=15000 Bmax=10000 ncols=1273 gpu=true device=0 gpu_ms=2339 cells=59941998
gpu_gnfs ⋈≻ GPU: cached PTX → target/gnfs_linalg_91eeace4653e24ed.ptx
gpu_gnfs ⋈≻ device: GF(2) GE 1315×1273 on device 0…
gpu_gnfs ⋈≻ device: 64 dependencies from nullspace
gpu_gnfs ⋈≻: 1315 relations → 64 dependencies (184 ms, gpu=true)
gpu_gnfs ∋ GPU: cached multi-limb PTX → target/gnfs_cong_ml_L3_78f267b8213ac985.ptx
gpu_gnfs ∋ device: multi-limb φ-congruence 64 deps limbs=3 bits=81 on device 0…
gpu_gnfs ∋ multi-limb congruence failed — host fallback: gpu_gnfs ∋: multi-limb device found no factor across 64 deps (L=3)
gpu_gnfs: B=5000 failed — gpu_gnfs ∋: gcd trivial dep [2,4,9,12,13,14,16,22,24,28,30,32,34,35,36,39,52,55,59,61,62,64,66,72,73,76,78,80,81,82,83,85,86,87,90,92,93,100,104,105,106,107,110,115,117,123,125,131,132,143,147,153,154,155,159,165,166,168,169,172,173,176,177,179,184,185,187,196,198,199,200,202,203,204,205,209,210,215,216,217,221,223,224,227,229,230,236,237,244,248,252,253,256,258,259,261,264,266,273,274,276,282,283,284,285,290,292,296,299,301,302,304,306,313,315,316,320,324,325,326,328,333,337,339,342,343,345,347,352,354,355,356,357,361,362,365,369,370,375,377,379,381,383,384,385,391,392,394,395,397,400,401,402,403,405,406,408,410,411,412,414,415,418,419,420,422,425,427,430,435,436,440,444,448,451,453,454,460,463,466,467,469,470,471,474,476,477,479,483,487,488,490,502,504,507,512,513,516,518,521,523,524,527,529,530,531,534,538,540,545,548,549,550,551,552,554,557,566,567,569,571,572,578,580,585,586,588,591,595,596,597,599,603,604,605,607,610,614,615,622,623,627,636,637,638,639,641,643,644,646,649,654,655,657,659,662,663,667,669,671,672,673,679,680,684,685,691,693,695,699,700,701,702,706,707,709,710,713,714,715,716,721,722,723,728,729,736,737,739,746,747,748,751,752,755,756,757,761,762,763,765,766,767,772,774,779,781,782,784,790,792,795,798,799,800,803,805,808,809,811,812,813,817,820,821,822,823,824,829,831,832,837,841,844,845,847,848,849,850,852,855,859,861,864,865,868,869,870,871,873,874,875,881,882,883,884,885,886,892,893,901,903,904,907,908,911,912,913,917,920,921,926,927,928,929,931,932,933,937,938,939,944,951,953,963,964,965,966,967,970,971,973,975,981,987,990,991,992,993,994,1001,1003,1004,1006,1007,1010,1013,1017,1019,1021,1022,1028,1031,1032,1034,1039,1041,1043,1045,1046,1048,1050,1051,1052,1053,1056,1059,1061,1063,1064,1067,1068,1071,1074,1075,1077,1081,1082,1086,1088,1089,1091,1093,1095,1096,1098,1102,1103,1106,1109,1111,1114,1115,1116,1117,1118,1120,1125,1126,1128,1129,1130,1132,1133,1135,1136,1137,1138,1140,1141,1147,1148,1150,1152,1154,1155,1156,1160,1163,1165,1168,1171,1173,1175,1176,1179,1181,1187,1191,1193,1194,1195,1196,1197,1198,1199,1202,1205,1207,1211,1212,1213,1216,1219,1220,1221,1223,1224,1226,1232,1233,1234,1237,1239,1242,1245,1247,1248,1249,1251,1252,1253,1255,1258,1259,1260,1261,1268,1269,1270,1273,1275,1276,1277,1278,1292,1293,1294,1297,1298,1303,1305,1309,1310,1312,1313] x=989762423726763861784116 y=642677545302421158268344
gpu_gnfs: bits=81 B=10000 word=⊢⊙≻∈⊤⊥⊞⊡≺⋈≻∋⊤⊣ d≈3 — ⊢ opening
gpu_gnfs ⊙: d=3 m_bits=27 coeff_score=43 f(m)=N — g(x)=x - 106528669
gpu_gnfs ≻ device: building factor bases (GPU)…
gpu_gnfs ⊢/alfs GPU: cached PTX → target/gnfs_fb_f447316f418f2d5b.ptx
gpu_gnfs ⊢/alfs device: B=10000 |rat|=1229 |alg|=1179 on device 0 (gpu=true)
gpu_gnfs ⊢/alfs: B=10000 |rat|=1229 |alg|=1179 ncols=2409 (172 ms, gpu=true)
gpu_gnfs ≻ device: classical log-line sieve (GPU)…
gpu_gnfs ≻ GPU: cached PTX → target/gnfs_smooth_169dd4adeb9c5361.ptx
gpu_gnfs ≻ GPU classical log-line |A|=30000 Bmax=20000 fudge=16.579 mark=exact+log on device 0 (RTX 4070)
gpu_gnfs ≻ hit tables: rat=1320 alg=1233 prep=0ms (once, not per tile)
gpu_gnfs ≻ tile 1/61: relations=0/2451 cells=19980333 gpu_ms=1444 host_verify_ms_cum=0 survivors_queued=5886 (rat≈1320 alg≈1233)
gpu_gnfs ≻ tile 2/61: relations=2451/2451 cells=39960666 gpu_ms=1445 host_verify_ms_cum=51 survivors_queued=1502 (rat≈1320 alg≈1233)
gpu_gnfs ≻ host drain: survivors=0 relations=2451 verify_ms=0
gpu_gnfs ≻ GPU log-line done: cells=39960666 hit-launches=4 gpu_ms=2889 host_verify_ms=51 wall_ms=2903 relations=2451/2451
gpu_gnfs ≻ sieve: pairs=1999213 relations=2451/2451 |A|=30000 Bmax=20000 ncols=2409 gpu=true device=0 gpu_ms=2889 cells=39960666
gpu_gnfs ⋈≻ GPU: cached PTX → target/gnfs_linalg_91eeace4653e24ed.ptx
gpu_gnfs ⋈≻ device: GF(2) GE 2451×2409 on device 0…
gpu_gnfs ⋈≻ device: 64 dependencies from nullspace
gpu_gnfs ⋈≻: 2451 relations → 64 dependencies (287 ms, gpu=true)
gpu_gnfs ∋ GPU: cached multi-limb PTX → target/gnfs_cong_ml_L3_78f267b8213ac985.ptx
gpu_gnfs ∋ device: multi-limb φ-congruence 64 deps limbs=3 bits=81 on device 0…
gpu_gnfs ∋ multi-limb congruence failed — host fallback: gpu_gnfs ∋: multi-limb device found no factor across 64 deps (L=3)
gpu_gnfs: B=10000 failed — gpu_gnfs ∋: gcd trivial dep [3,7,14,18,20,22,26,27,29,32,33,34,35,36,38,43,44,47,55,57,59,66,78,82,89,91,93,94,97,99,105,107,111,112,114,116,118,120,123,125,129,133,135,139,140,141,142,151,153,155,158,164,165,167,173,177,179,182,183,184,186,191,194,196,197,200,204,205,208,210,212,223,224,225,226,227,229,238,239,246,250,254,256,257,258,259,268,272,283,284,286,287,289,290,294,297,302,303,309,318,322,326,327,334,340,341,350,358,361,363,368,382,386,390,391,394,396,397,399,402,404,406,412,418,420,424,430,440,442,444,449,450,451,455,457,458,459,461,462,466,468,473,476,477,482,483,491,493,494,504,513,514,516,517,522,523,526,527,528,530,531,532,535,538,541,550,553,557,567,569,578,581,582,585,586,587,589,592,600,604,605,606,607,609,611,612,618,619,626,627,629,633,634,636,638,640,643,644,647,651,654,657,661,662,663,672,677,681,687,689,698,700,703,705,706,709,711,712,714,717,718,720,721,722,723,724,727,734,740,742,747,752,759,760,762,763,767,774,775,779,781,785,792,793,795,797,802,803,807,810,812,815,816,818,819,820,821,822,823,824,826,834,836,838,840,842,845,846,847,850,852,853,856,861,862,864,869,874,878,881,882,884,893,898,902,905,909,911,912,913,914,915,917,922,923,924,926,927,930,931,932,933,934,935,940,941,942,943,955,957,960,962,963,964,969,971,975,977,979,983,984,988,991,992,994,995,996,997,1000,1001,1007,1010,1014,1017,1019,1020,1029,1031,1034,1040,1044,1049,1051,1053,1054,1060,1063,1065,1067,1069,1070,1079,1081,1084,1089,1091,1093,1095,1101,1102,1104,1106,1107,1117,1119,1120,1121,1123,1124,1128,1137,1141,1144,1146,1147,1148,1149,1151,1162,1169,1173,1174,1177,1179,1181,1184,1185,1186,1187,1188,1190,1192,1195,1198,1201,1202,1203,1207,1208,1209,1212,1213,1215,1218,1221,1223,1224,1226,1228,1231,1245,1250,1260,1263,1269,1270,1272,1274,1275,1276,1277,1280,1286,1290,1292,1294,1297,1302,1306,1307,1311,1312,1313,1315,1316,1318,1320,1321,1322,1327,1328,1336,1337,1340,1341,1346,1348,1359,1363,1366,1368,1370,1384,1390,1393,1394,1402,1405,1413,1414,1416,1417,1422,1423,1424,1439,1445,1451,1454,1457,1458,1461,1465,1469,1471,1472,1473,1479,1480,1482,1485,1487,1496,1500,1501,1509,1511,1514,1515,1517,1519,1520,1521,1523,1524,1525,1533,1536,1537,1539,1540,1542,1549,1550,1551,1554,1555,1556,1560,1562,1563,1565,1567,1571,1573,1574,1575,1578,1580,1582,1583,1586,1590,1592,1595,1597,1598,1599,1603,1604,1605,1610,1615,1620,1621,1623,1624,1626,1634,1636,1640,1642,1651,1653,1656,1658,1659,1661,1663,1666,1668,1670,1674,1681,1685,1687,1688,1689,1704,1706,1707,1710,1711,1712,1714,1717,1727,1730,1731,1732,1734,1742,1743,1747,1749,1750,1753,1754,1757,1759,1763,1768,1775,1790,1793,1795,1802,1809,1813,1815,1819,1821,1823,1828,1829,1830,1831,1832,1834,1838,1839,1840,1841,1843,1845,1847,1848,1856,1861,1864,1869,1873,1880,1895,1896,1901,1910,1918,1920,1923,1924,1926,1929,1930,1932,1935,1937,1945,1947,1949,1953,1955,1959,1965,1975,1982,1994,1997,2000,2003,2006,2007,2009,2018,2019,2020,2021,2023,2031,2035,2036,2037,2039,2041,2043,2051,2054,2055,2065,2068,2071,2072,2075,2076,2077,2080,2083,2084,2085,2088,2091,2093,2099,2107,2109,2110,2113,2117,2123,2124,2126,2130,2139,2140,2143,2151,2155,2156,2160,2165,2166,2167,2171,2175,2177,2184,2189,2190,2194,2198,2199,2201,2207,2211,2213,2215,2221,2227,2233,2234,2239,2247,2248,2249,2252,2253,2257,2258,2261,2264,2266,2267,2274,2280,2282,2293,2295,2296,2300,2301,2302,2303,2304,2305,2307,2309,2311,2314,2323,2324,2325,2331,2334,2341,2342,2350,2351,2356,2359,2361,2362,2363,2371,2377,2380,2381,2382,2386,2389,2390,2392,2400,2404,2408,2409,2411,2414,2415,2416,2417,2418,2419,2424,2442,2444,2445,2446,2447,2448,2449] x=361002707647287700177170 y=996998438177554940961342
gpu_gnfs: bits=81 B=20000 word=⊢⊙≻∈⊤⊥⊞⊡≺⋈≻∋⊤⊣ d≈3 — ⊢ opening
gpu_gnfs ⊙: d=3 m_bits=27 coeff_score=43 f(m)=N — g(x)=x - 106528669
gpu_gnfs ≻ device: building factor bases (GPU)…
gpu_gnfs ⊢/alfs GPU: cached PTX → target/gnfs_fb_f447316f418f2d5b.ptx
gpu_gnfs ⊢/alfs device: B=20000 |rat|=2262 |alg|=2241 on device 0 (gpu=true)
gpu_gnfs ⊢/alfs: B=20000 |rat|=2262 |alg|=2241 ncols=4504 (165 ms, gpu=true)
gpu_gnfs ≻ device: classical log-line sieve (GPU)…
gpu_gnfs ≻ GPU: cached PTX → target/gnfs_smooth_169dd4adeb9c5361.ptx
gpu_gnfs ≻ GPU classical log-line |A|=60000 Bmax=40000 fudge=17.826 mark=exact+log on device 0 (RTX 4070)
gpu_gnfs ≻ hit tables: rat=2375 alg=2312 prep=0ms (once, not per tile)
gpu_gnfs ≻ tile 1/241: relations=0/4546 cells=19920166 gpu_ms=2499 host_verify_ms_cum=0 survivors_queued=19651 (rat≈2375 alg≈2312)
gpu_gnfs ≻ tile 2/241: relations=4546/4546 cells=39840332 gpu_ms=2581 host_verify_ms_cum=169 survivors_queued=6895 (rat≈2375 alg≈2312)
gpu_gnfs ≻ host drain: survivors=0 relations=4546 verify_ms=0
gpu_gnfs ≻ GPU log-line done: cells=39840332 hit-launches=4 gpu_ms=5080 host_verify_ms=169 wall_ms=5094 relations=4546/4546
gpu_gnfs ≻ sieve: pairs=1375411 relations=4546/4546 |A|=60000 Bmax=40000 ncols=4504 gpu=true device=0 gpu_ms=5080 cells=39840332
gpu_gnfs ⋈≻ GPU: cached PTX → target/gnfs_linalg_91eeace4653e24ed.ptx
gpu_gnfs ⋈≻ device: GF(2) GE 4546×4504 on device 0…
gpu_gnfs ⋈≻ device: 64 dependencies from nullspace
gpu_gnfs ⋈≻: 4546 relations → 64 dependencies (674 ms, gpu=true)
gpu_gnfs ∋ GPU: cached multi-limb PTX → target/gnfs_cong_ml_L3_78f267b8213ac985.ptx
gpu_gnfs ∋ device: multi-limb φ-congruence 64 deps limbs=3 bits=81 on device 0…
bash: [1010351: 3 (255)] tcsetattr: Inappropriate ioctl for device

real	6m2.641s
user	0m0.011s
sys	0m0.000s
gpu_gnfs ∋ multi-limb congruence failed — host fallback: gpu_gnfs ∋: multi-limb device found no factor across 64 deps (L=3)
gpu_gnfs: B=20000 failed — gpu_gnfs ∋: gcd trivial dep [0,1,3,4,9,12,20,21,25,30,33,36,38,45,47,50,58,62,68,71,73,80,84,85,90,91,95,96,109,110,116,119,124,128,136,139,145,147,148,154,162,163,166,168,170,177,186,187,190,191,193,195,201,215,222,224,225,240,244,245,246,251,255,268,271,277,280,282,283,288,299,300,301,302,307,308,310,314,318,320,323,324,327,330,332,333,336,338,339,342,343,348,351,353,360,362,366,369,374,378,396,402,411,412,413,414,415,424,425,432,435,436,437,438,442,443,455,466,469,473,474,484,489,490,499,500,511,513,517,519,523,524,533,534,536,538,551,553,554,555,563,572,573,574,575,576,578,580,582,586,588,591,601,610,613,617,619,626,627,631,633,635,644,651,653,654,655,658,660,662,665,666,667,669,672,677,684,693,699,700,702,703,704,707,711,714,716,717,720,723,724,734,736,738,744,745,755,757,758,760,762,770,771,774,775,784,787,793,794,802,804,810,811,819,821,826,828,829,840,842,850,859,866,871,873,889,890,895,897,900,901,905,908,910,911,915,916,920,925,927,929,930,931,935,950,951,952,953,956,958,959,966,969,976,983,986,992,996,998,1001,1005,1011,1017,1025,1026,1027,1035,1041,1045,1048,1049,1053,1054,1057,1063,1065,1072,1076,1077,1078,1079,1080,1095,1097,1113,1115,1116,1118,1120,1121,1124,1126,1134,1143,1149,1150,1152,1163,1171,1173,1177,1178,1180,1188,1191,1192,1194,1200,1202,1203,1204,1205,1219,1221,1225,1229,1240,1247,1248,1256,1262,1264,1265,1269,1280,1284,1285,1286,1287,1291,1292,1298,1302,1305,1312,1313,1314,1326,1332,1333,1342,1343,1347,1350,1352,1370,1377,1385,1386,1388,1392,1393,1394,1395,1408,1414,1417,1421,1423,1425,1426,1429,1432,1436,1438,1444,1448,1457,1460,1463,1466,1469,1482,1483,1484,1485,1489,1491,1493,1497,1499,1500,1502,1503,1504,1517,1519,1526,1529,1532,1535,1536,1538,1540,1542,1550,1554,1557,1568,1576,1577,1578,1581,1589,1594,1610,1612,1614,1615,1620,1622,1625,1637,1638,1645,1656,1659,1660,1665,1666,1670,1671,1674,1677,1678,1684,1686,1690,1692,1695,1704,1705,1709,1711,1712,1713,1714,1721,1723,1727,1729,1732,1734,1740,1741,1745,1748,1749,1750,1752,1757,1761,1766,1769,1770,1771,1776,1778,1788,1790,1795,1799,1803,1806,1809,1813,1814,1817,1829,1832,1839,1841,1842,1844,1847,1848,1850,1854,1857,1858,1860,1868,1869,1870,1874,1876,1879,1883,1884,1890,1891,1898,1899,1904,1911,1922,1923,1943,1953,1957,1959,1965,1970,1973,1975,1978,1981,1986,1992,1993,1995,1998,2002,2007,2011,2014,2018,2026,2027,2028,2038,2041,2052,2057,2060,2065,2068,2076,2077,2086,2087,2089,2090,2092,2105,2115,2116,2117,2119,2122,2123,2124,2132,2139,2140,2142,2157,2158,2159,2172,2174,2182,2187,2189,2193,2196,2198,2205,2208,2214,2215,2221,2227,2230,2240,2241,2243,2254,2259,2270,2272,2277,2278,2282,2284,2285,2293,2294,2297,2299,2305,2311,2318,2319,2322,2327,2328,2340,2343,2344,2345,2347,2349,2351,2362,2364,2379,2384,2387,2397,2407,2408,2411,2417,2420,2422,2423,2425,2438,2442,2448,2449,2453,2458,2464,2471,2472,2477,2480,2485,2489,2490,2492,2494,2495,2499,2510,2512,2516,2517,2518,2519,2525,2529,2530,2535,2549,2550,2555,2563,2565,2566,2568,2570,2580,2581,2582,2586,2589,2593,2595,2597,2610,2611,2617,2621,2630,2632,2636,2637,2644,2648,2650,2652,2656,2658,2659,2662,2673,2679,2688,2690,2699,2709,2718,2720,2729,2740,2743,2745,2747,2748,2749,2750,2751,2755,2762,2764,2767,2774,2783,2786,2792,2794,2795,2799,2801,2802,2803,2814,2820,2825,2829,2831,2832,2834,2838,2842,2845,2848,2850,2851,2858,2860,2864,2871,2878,2880,2881,2885,2889,2901,2903,2904,2909,2913,2915,2917,2919,2921,2923,2925,2926,2927,2928,2929,2930,2933,2934,2935,2936,2937,2938,2941,2946,2948,2951,2953,2955,2968,2972,2975,2977,2981,2996,2998,2999,3021,3029,3033,3035,3036,3038,3039,3040,3041,3046,3048,3058,3066,3068,3072,3076,3079,3084,3085,3086,3093,3094,3102,3103,3108,3113,3115,3120,3129,3131,3137,3144,3147,3149,3151,3160,3163,3165,3166,3170,3171,3173,3184,3185,3188,3189,3190,3191,3199,3205,3206,3214,3221,3224,3227,3233,3236,3237,3242,3244,3245,3253,3257,3260,3269,3270,3285,3288,3296,3299,3301,3304,3308,3310,3312,3313,3316,3317,3319,3322,3327,3332,3337,3340,3345,3352,3354,3362,3366,3372,3375,3376,3383,3388,3390,3396,3397,3405,3407,3410,3421,3422,3436,3438,3439,3440,3442,3443,3444,3446,3447,3452,3458,3461,3464,3465,3467,3469,3474,3478,3484,3489,3495,3496,3497,3506,3510,3516,3522,3523,3529,3533,3535,3536,3543,3551,3552,3555,3558,3563,3565,3568,3572,3582,3584,3589,3596,3604,3608,3611,3615,3618,3622,3625,3629,3631,3636,3638,3643,3645,3646,3648,3652,3656,3658,3659,3662,3667,3669,3670,3677,3682,3694,3701,3705,3711,3712,3715,3717,3719,3739,3749,3752,3753,3755,3760,3761,3766,3776,3778,3784,3794,3797,3802,3810,3811,3817,3840,3842,3843,3863,3866,3869,3870,3874,3877,3892,3898,3899,3901,3902,3903,3909,3912,3913,3915,3920,3923,3927,3932,3933,3945,3948,3964,3973,3977,3982,3988,4001,4004,4005,4007,4008,4028,4032,4036,4040,4046,4050,4051,4059,4061,4067,4069,4078,4079,4082,4085,4103,4106,4108,4111,4113,4117,4120,4126,4131,4136,4137,4139,4145,4148,4149,4154,4162,4165,4182,4184,4194,4196,4199,4200,4203,4206,4214,4226,4227,4232,4233,4241,4245,4254,4263,4265,4266,4267,4269,4271,4274,4279,4282,4284,4287,4288,4292,4297,4298,4306,4310,4319,4320,4324,4332,4334,4344,4345,4347,4354,4355,4360,4361,4364,4368,4369,4370,4380,4384,4388,4391,4394,4395,4396,4398,4402,4403,4404,4407,4409,4412,4422,4427,4430,4432,4438,4439,4440,4443,4445,4446,4448,4451,4454,4457,4460,4462,4467,4469,4471,4474,4476,4487,4488,4491,4495,4501,4510,4511,4515,4523,4537,4540] x=82434505977694711627982 y=1031100585229372992184334
