[2;37m[boot][0m Interrupts: none — the host owns the IDT, no periodic slot
[2;37m[boot][0m Heap: host allocator, 1484 bytes counted, 48MB declared budget
[2;37m[boot][0m IG Catalog: 8682 entries loaded
[2;37m[boot][0m Kernel online — graph execution, token-arity driven
[2;37m[boot][0m Canonical ordinal check...
[2;37m[boot][0m Ordinal faithfulness: [1;32mall 44 values match Lean canonical[0m
[2;37m[boot][0m Clay Millennium status: 2 closed, 1 one-bump-short, 3 unclosed
[2;37m[boot][0m SIC-POVM d=12: Crystal-forced (dual lattice), Shavian count 49=7², WH group |orbit|=144
[2;37m[boot][0m Frobenius identity check...
[2;37m[boot][0m Frobenius identity: hamming=3, weighted=3.1000 — kernel is grammar operationalized
[2;37m[boot][0m Bootstrap: IMSCRIB→AREV→FSPLIT→AFWD→FFUSE→CLINK→IFIX→IMSCRIB (cyclic)
                       F unitary: PASS
  Pentagon form (F^2=I, anti-diag, a^2+b^2=1): PASS
            Braid relation (Y-B): PASS
                 Spin-statistics: PASS
                       S unitary: PASS
        Charge conjugation S^2=I: PASS
                 TQFT identities: PASS
                Verlinde formula: PASS
              Braid Artin B_n<=8: PASS
  Phase lattice = tenths of a winding: PASS
    Constants derivable from PHI: PASS
[2;37m[boot][0m Fibonacci anyon QC: algebra verified = true
[36m[TORUS][0m kernel wound: ⊢⊙∈⊤⋈∋⊡⊞≺⋈⊣  (11 tokens, pinch=0.0000)
[2;37m[boot][0m Crystal FS: 17280000 addresses
[2;37m[boot][0m 29 total programs (I–XXIX): 12 canonical + 4 continuous + 4 novel + 9 shunted


   [1;35m⊙[0m   [1;37mG-mOMonadOS[0m
   [2;37mGPU-native build, mOMonadOS ported to run via CUDA[0m
   [1;33mμ∘δ = id[0m

   [2;37mFrobenius core · Belnap FOUR · crystal FS · graph execution[0m

   [1;34mhelp[0m for commands, [1;34m?[0m for the menu, Tab completes.

   [1;34mask[0m runs a structural dry-run here; the full wet-run is on the host:
   [2;37m./ask --file <path> | ./ask --ask "…" | ./ask -i[0m

⊙> gpu_kernel apply ../ob3ect/digital/imasm_word_that_constructs_and_selects_the_compa_9eeb5656/imasm_word_that_constructs_and_selects_the_compa_9eeb5656_ob3ect.json 15
ob3ect: IMASM word that constructs and selects the compatible factor relation through closure and returns its factors without candidate search
  source: ../ob3ect/digital/imasm_word_that_constructs_and_selects_the_compa_9eeb5656/imasm_word_that_constructs_and_selects_the_compa_9eeb5656_ob3ect.json
  word: ⊢⊙∈≻⊤≺⊥⋈⊞∋⊡⊣
  live tri verdict: Some('T'); banked: true
  contained process: ⊢≻⋈∈⊥∋≻⋈∈⊥∋≻⋈∈⊥∋≻⋈∈⊥∋⊙⊡⊣
  composed word: ⊢⊙∈≻⊤≺⊥⋈⊞≻⋈∈⊥∋≻⋈∈⊥∋≻⋈∈⊥∋≻⋈∈⊥∋⊙⊡∋⊡⊣
  composed tri verdict: Some('T'); banked: true
  dyad 11->13: transforms=true
  dyad 16->18: transforms=true
  dyad 21->23: transforms=true
  dyad 26->28: transforms=true
  dyad 2->31: transforms=true
gpu_kernel run_nested on device: 34 marks
  halted: true   ticks: 34
  stack (bottom..top): [N N B B]  depth 4
  registers: [N N N N N F T T]  engagr true
  memory[0..4]: [B N N N]
  matches CPU kernel: true
⊙> gpu_kernel apply ../ob3ect/digital/imasm_word_that_constructs_and_selects_the_compa_9eeb5656/imasm_word_that_constructs_and_selects_the_compa_9eeb5656_ob3ect.json 21
ob3ect: IMASM word that constructs and selects the compatible factor relation through closure and returns its factors without candidate search
  source: ../ob3ect/digital/imasm_word_that_constructs_and_selects_the_compa_9eeb5656/imasm_word_that_constructs_and_selects_the_compa_9eeb5656_ob3ect.json
  word: ⊢⊙∈≻⊤≺⊥⋈⊞∋⊡⊣
  live tri verdict: Some('T'); banked: true
  contained process: ⊢≻⋈∈⊥∋≻⋈∈⊤∋≻⋈∈⊥∋≻⋈∈⊤∋≻⋈∈⊥∋⊙⊡⊣
  composed word: ⊢⊙∈≻⊤≺⊥⋈⊞≻⋈∈⊥∋≻⋈∈⊤∋≻⋈∈⊥∋≻⋈∈⊤∋≻⋈∈⊥∋⊙⊡∋⊡⊣
  composed tri verdict: Some('T'); banked: true
  dyad 11->13: transforms=true
  dyad 16->18: transforms=true
  dyad 21->23: transforms=true
  dyad 26->28: transforms=true
  dyad 31->33: transforms=true
  dyad 2->36: transforms=true
gpu_kernel run_nested on device: 39 marks
  halted: true   ticks: 39
  stack (bottom..top): [N N B B B]  depth 5
  registers: [T N N N N F T T]  engagr true
  memory[0..4]: [N B N N]
  matches CPU kernel: true
⊙> quit
Halting. μ∘δ=id.
[SHUTDOWN] μ∘δ=id. Goodbye.
