[2;37m[boot][0m Interrupts: none — the host owns the IDT, no periodic slot
[2;37m[boot][0m Heap: host allocator, 1484 bytes counted, 48MB declared budget
[2;37m[boot][0m IG Catalog: 8682 entries loaded
[2;37m[boot][0m Kernel online — graph execution, token-arity driven
[2;37m[boot][0m Canonical ordinal check...
[2;37m[boot][0m Ordinal faithfulness: [1;32mall 44 values match Lean canonical[0m
[2;37m[boot][0m Clay Millennium status: 2 closed, 1 one-bump-short, 3 unclosed
[2;37m[boot][0m SIC-POVM d=12: Crystal-forced (dual lattice), Shavian count 49=7², WH group |orbit|=144
[2;37m[boot][0m Frobenius identity check...
[2;37m[boot][0m Frobenius identity: hamming=3, weighted=3.1000 — kernel is grammar operationalized
[2;37m[boot][0m Bootstrap: IMSCRIB→AREV→FSPLIT→AFWD→FFUSE→CLINK→IFIX→IMSCRIB (cyclic)
                       F unitary: PASS
  Pentagon form (F^2=I, anti-diag, a^2+b^2=1): PASS
            Braid relation (Y-B): PASS
                 Spin-statistics: PASS
                       S unitary: PASS
        Charge conjugation S^2=I: PASS
                 TQFT identities: PASS
                Verlinde formula: PASS
              Braid Artin B_n<=8: PASS
  Phase lattice = tenths of a winding: PASS
    Constants derivable from PHI: PASS
[2;37m[boot][0m Fibonacci anyon QC: algebra verified = true
[36m[TORUS][0m kernel wound: ⊢⊙∈⊤⋈∋⊡⊞≺⋈⊣  (11 tokens, pinch=0.0000)
[2;37m[boot][0m Crystal FS: 17280000 addresses
[2;37m[boot][0m 29 total programs (I–XXIX): 12 canonical + 4 continuous + 4 novel + 9 shunted


   [1;35m⊙[0m   [1;37mG-mOMonadOS[0m
   [2;37mGPU-native build, mOMonadOS ported to run via CUDA[0m
   [1;33mμ∘δ = id[0m

   [2;37mFrobenius core · Belnap FOUR · crystal FS · graph execution[0m

   [1;34mhelp[0m for commands, [1;34m?[0m for the menu, Tab completes.

   [1;34mask[0m runs a structural dry-run here; the full wet-run is on the host:
   [2;37m./ask --file <path> | ./ask --ask "…" | ./ask -i[0m

⊙> gpu_kernel selector 35 3
selector process: ⊢⊙∈≻⊤≺⊥⋈⊞∋⊡⊣
phase walk: N=35 m=3  4 positions, 4 threads x 256 band, 0.0000s
  executed phase visits: 4; full-product checks: 2
  35 = 5 x 7  (verified)  [0.00 Gphase/s, division-free]
⊙> gpu_kernel selector 49 3
selector process: ⊢⊙∈≻⊤≺⊥⋈⊞∋⊡⊣
phase walk: N=49 m=3  4 positions, 4 threads x 256 band, 0.0001s
  executed phase visits: 4; full-product checks: 2
  49 = 7 x 7  (verified)  [0.00 Gphase/s, division-free]
⊙> gpu_kernel selector 143 4
selector process: ⊢⊙∈≻⊤≺⊥⋈⊞∋⊡⊣
phase walk: N=143 m=4  8 positions, 4 threads x 256 band, 0.0002s
  executed phase visits: 8; full-product checks: 2
  143 = 11 x 13  (verified)  [0.00 Gphase/s, division-free]
⊙> gpu_kernel selector 127 4
selector process: ⊢⊙∈≻⊤≺⊥⋈⊞∋⊡⊣
phase walk: N=127 m=4  8 positions, 4 threads x 256 band, 0.0002s
  executed phase visits: 8; full-product checks: 2
  no factor found in the canonical space (raise m or check it is composite)
⊙> gpu_kernel selector 1000000016000000063 30
selector process: ⊢⊙∈≻⊤≺⊥⋈⊞∋⊡⊣
phase walk: N=1000000016000000063 m=30  536870912 positions, 2097152 threads x 256 band, 0.0118s
  executed phase visits: 536870912; full-product checks: 134241814
  1000000016000000063 = 1000000007 x 1000000009  (verified)  [45.64 Gphase/s, division-free]
⊙> gpu_kernel phase 1000000016000000063 30
phase walk: N=1000000016000000063 m=30  536870912 positions, 2097152 threads x 256 band, 0.0017s
  1000000016000000063 = 1000000007 x 1000000009  (verified)  [315.45 Gphase/s, division-free]
⊙> quit
Halting. μ∘δ=id.
[SHUTDOWN] μ∘δ=id. Goodbye.
