[2;37m[boot][0m Interrupts: none — the host owns the IDT, no periodic slot
[2;37m[boot][0m Heap: host allocator, 1484 bytes counted, 48MB declared budget
[2;37m[boot][0m IG Catalog: 8682 entries loaded
[2;37m[boot][0m Kernel online — graph execution, token-arity driven
[2;37m[boot][0m Canonical ordinal check...
[2;37m[boot][0m Ordinal faithfulness: [1;32mall 44 values match Lean canonical[0m
[2;37m[boot][0m Clay Millennium status: 2 closed, 1 one-bump-short, 3 unclosed
[2;37m[boot][0m SIC-POVM d=12: Crystal-forced (dual lattice), Shavian count 49=7², WH group |orbit|=144
[2;37m[boot][0m Frobenius identity check...
[2;37m[boot][0m Frobenius identity: hamming=3, weighted=3.1000 — kernel is grammar operationalized
[2;37m[boot][0m Bootstrap: IMSCRIB→AREV→FSPLIT→AFWD→FFUSE→CLINK→IFIX→IMSCRIB (cyclic)
                       F unitary: PASS
  Pentagon form (F^2=I, anti-diag, a^2+b^2=1): PASS
            Braid relation (Y-B): PASS
                 Spin-statistics: PASS
                       S unitary: PASS
        Charge conjugation S^2=I: PASS
                 TQFT identities: PASS
                Verlinde formula: PASS
              Braid Artin B_n<=8: PASS
  Phase lattice = tenths of a winding: PASS
    Constants derivable from PHI: PASS
[2;37m[boot][0m Fibonacci anyon QC: algebra verified = true
[36m[TORUS][0m kernel wound: ⊢⊙∈⊤⋈∋⊡⊞≺⋈⊣  (11 tokens, pinch=0.0000)
[2;37m[boot][0m Crystal FS: 17280000 addresses
[2;37m[boot][0m 29 total programs (I–XXIX): 12 canonical + 4 continuous + 4 novel + 9 shunted


   [1;35m⊙[0m   [1;37mG-mOMonadOS[0m
   [2;37mGPU-native build, mOMonadOS ported to run via CUDA[0m
   [1;33mμ∘δ = id[0m

   [2;37mFrobenius core · Belnap FOUR · crystal FS · graph execution[0m

   [1;34mhelp[0m for commands, [1;34m?[0m for the menu, Tab completes.

   [1;34mask[0m runs a structural dry-run here; the full wet-run is on the host:
   [2;37m./ask --file <path> | ./ask --ask "…" | ./ask -i[0m

⊙> gpu_kernel selector_joint 35 3
selector process: ⊢⊙∈≻⊤≺⊥⋈⊞∋⊡⊣
joint relation: N=35 m=3, 4 initial prefixes, 0.0001s
  executed relation prefixes: 4; full-product checks: 1
  full-product envelopes: 0; prefix subdivisions: 0
  35 = 5 x 7  (verified)  [joint contraction; prefix search counted above]
⊙> gpu_kernel selector_joint 25 3
selector process: ⊢⊙∈≻⊤≺⊥⋈⊞∋⊡⊣
joint relation: N=25 m=3, 4 initial prefixes, 0.0001s
  executed relation prefixes: 4; full-product checks: 1
  full-product envelopes: 0; prefix subdivisions: 0
  25 = 5 x 5  (verified)  [joint contraction; prefix search counted above]
⊙> gpu_kernel selector_joint 47 3
selector process: ⊢⊙∈≻⊤≺⊥⋈⊞∋⊡⊣
joint relation: N=47 m=3, 4 initial prefixes, 0.0001s
  executed relation prefixes: 4; full-product checks: 0
  full-product envelopes: 0; prefix subdivisions: 0
  no factor found in the canonical space (raise m or check it is composite)
⊙> gpu_kernel selector_joint 49 3
selector process: ⊢⊙∈≻⊤≺⊥⋈⊞∋⊡⊣
joint relation: N=49 m=3, 4 initial prefixes, 0.0001s
  executed relation prefixes: 4; full-product checks: 1
  full-product envelopes: 0; prefix subdivisions: 0
  49 = 7 x 7  (verified)  [joint contraction; prefix search counted above]
⊙> gpu_kernel selector_joint 169 4
selector process: ⊢⊙∈≻⊤≺⊥⋈⊞∋⊡⊣
joint relation: N=169 m=4, 8 initial prefixes, 0.0001s
  executed relation prefixes: 8; full-product checks: 1
  full-product envelopes: 0; prefix subdivisions: 0
  169 = 13 x 13  (verified)  [joint contraction; prefix search counted above]
⊙> gpu_kernel selector_joint 117 4
selector process: ⊢⊙∈≻⊤≺⊥⋈⊞∋⊡⊣
joint relation: N=117 m=4, 8 initial prefixes, 0.0001s
  executed relation prefixes: 8; full-product checks: 1
  full-product envelopes: 0; prefix subdivisions: 0
  117 = 9 x 13  (verified)  [joint contraction; prefix search counted above]
⊙> gpu_kernel selector_joint 223 4
selector process: ⊢⊙∈≻⊤≺⊥⋈⊞∋⊡⊣
joint relation: N=223 m=4, 8 initial prefixes, 0.0000s
  executed relation prefixes: 8; full-product checks: 0
  full-product envelopes: 0; prefix subdivisions: 0
  no factor found in the canonical space (raise m or check it is composite)
⊙> gpu_kernel selector_joint 225 4
selector process: ⊢⊙∈≻⊤≺⊥⋈⊞∋⊡⊣
joint relation: N=225 m=4, 8 initial prefixes, 0.0001s
  executed relation prefixes: 8; full-product checks: 1
  full-product envelopes: 0; prefix subdivisions: 0
  225 = 15 x 15  (verified)  [joint contraction; prefix search counted above]
⊙> gpu_kernel selector_joint 399 5
selector process: ⊢⊙∈≻⊤≺⊥⋈⊞∋⊡⊣
joint relation: N=399 m=5, 16 initial prefixes, 0.0001s
  executed relation prefixes: 16; full-product checks: 1
  full-product envelopes: 0; prefix subdivisions: 0
  399 = 19 x 21  (verified)  [joint contraction; prefix search counted above]
⊙> gpu_kernel selector_joint 441 5
selector process: ⊢⊙∈≻⊤≺⊥⋈⊞∋⊡⊣
joint relation: N=441 m=5, 16 initial prefixes, 0.0001s
  executed relation prefixes: 16; full-product checks: 1
  full-product envelopes: 0; prefix subdivisions: 0
  441 = 21 x 21  (verified)  [joint contraction; prefix search counted above]
⊙> gpu_kernel selector_joint 959 5
selector process: ⊢⊙∈≻⊤≺⊥⋈⊞∋⊡⊣
joint relation: N=959 m=5, 16 initial prefixes, 0.0001s
  executed relation prefixes: 16; full-product checks: 0
  full-product envelopes: 0; prefix subdivisions: 0
  no factor found in the canonical space (raise m or check it is composite)
⊙> gpu_kernel selector_joint 961 5
selector process: ⊢⊙∈≻⊤≺⊥⋈⊞∋⊡⊣
joint relation: N=961 m=5, 16 initial prefixes, 0.0001s
  executed relation prefixes: 16; full-product checks: 1
  full-product envelopes: 0; prefix subdivisions: 0
  961 = 31 x 31  (verified)  [joint contraction; prefix search counted above]
⊙> gpu_kernel selector_joint 3135 6
selector process: ⊢⊙∈≻⊤≺⊥⋈⊞∋⊡⊣
joint relation: N=3135 m=6, 32 initial prefixes, 0.0001s
  executed relation prefixes: 32; full-product checks: 1
  full-product envelopes: 0; prefix subdivisions: 0
  3135 = 55 x 57  (verified)  [joint contraction; prefix search counted above]
⊙> gpu_kernel selector_joint 2331 6
selector process: ⊢⊙∈≻⊤≺⊥⋈⊞∋⊡⊣
joint relation: N=2331 m=6, 32 initial prefixes, 0.0001s
  executed relation prefixes: 32; full-product checks: 1
  full-product envelopes: 0; prefix subdivisions: 0
  2331 = 37 x 63  (verified)  [joint contraction; prefix search counted above]
⊙> gpu_kernel selector_joint 3967 6
selector process: ⊢⊙∈≻⊤≺⊥⋈⊞∋⊡⊣
joint relation: N=3967 m=6, 32 initial prefixes, 0.0001s
  executed relation prefixes: 32; full-product checks: 0
  full-product envelopes: 0; prefix subdivisions: 0
  no factor found in the canonical space (raise m or check it is composite)
⊙> gpu_kernel selector_joint 3969 6
selector process: ⊢⊙∈≻⊤≺⊥⋈⊞∋⊡⊣
joint relation: N=3969 m=6, 32 initial prefixes, 0.0001s
  executed relation prefixes: 32; full-product checks: 1
  full-product envelopes: 0; prefix subdivisions: 0
  3969 = 63 x 63  (verified)  [joint contraction; prefix search counted above]
⊙> gpu_kernel selector_joint 8051 7
selector process: ⊢⊙∈≻⊤≺⊥⋈⊞∋⊡⊣
joint relation: N=8051 m=7, 64 initial prefixes, 0.0001s
  executed relation prefixes: 64; full-product checks: 1
  full-product envelopes: 0; prefix subdivisions: 0
  8051 = 83 x 97  (verified)  [joint contraction; prefix search counted above]
⊙> gpu_kernel selector_joint 7821 7
selector process: ⊢⊙∈≻⊤≺⊥⋈⊞∋⊡⊣
joint relation: N=7821 m=7, 64 initial prefixes, 0.0001s
  executed relation prefixes: 64; full-product checks: 1
  full-product envelopes: 0; prefix subdivisions: 0
  7821 = 79 x 99  (verified)  [joint contraction; prefix search counted above]
⊙> gpu_kernel selector_joint 16127 7
selector process: ⊢⊙∈≻⊤≺⊥⋈⊞∋⊡⊣
joint relation: N=16127 m=7, 64 initial prefixes, 0.0001s
  executed relation prefixes: 64; full-product checks: 0
  full-product envelopes: 0; prefix subdivisions: 0
  no factor found in the canonical space (raise m or check it is composite)
⊙> gpu_kernel selector_joint 16129 7
selector process: ⊢⊙∈≻⊤≺⊥⋈⊞∋⊡⊣
joint relation: N=16129 m=7, 64 initial prefixes, 0.0001s
  executed relation prefixes: 64; full-product checks: 1
  full-product envelopes: 0; prefix subdivisions: 0
  16129 = 127 x 127  (verified)  [joint contraction; prefix search counted above]
⊙> gpu_kernel selector_joint 40515 8
selector process: ⊢⊙∈≻⊤≺⊥⋈⊞∋⊡⊣
joint relation: N=40515 m=8, 128 initial prefixes, 0.0001s
  executed relation prefixes: 128; full-product checks: 1
  full-product envelopes: 0; prefix subdivisions: 0
  40515 = 185 x 219  (verified)  [joint contraction; prefix search counted above]
⊙> gpu_kernel selector_joint 43737 8
selector process: ⊢⊙∈≻⊤≺⊥⋈⊞∋⊡⊣
joint relation: N=43737 m=8, 128 initial prefixes, 0.0001s
  executed relation prefixes: 128; full-product checks: 1
  full-product envelopes: 0; prefix subdivisions: 0
  43737 = 183 x 239  (verified)  [joint contraction; prefix search counted above]
⊙> gpu_kernel selector_joint 65023 8
selector process: ⊢⊙∈≻⊤≺⊥⋈⊞∋⊡⊣
joint relation: N=65023 m=8, 128 initial prefixes, 0.0001s
  executed relation prefixes: 128; full-product checks: 0
  full-product envelopes: 0; prefix subdivisions: 0
  no factor found in the canonical space (raise m or check it is composite)
⊙> gpu_kernel selector_joint 65025 8
selector process: ⊢⊙∈≻⊤≺⊥⋈⊞∋⊡⊣
joint relation: N=65025 m=8, 128 initial prefixes, 0.0001s
  executed relation prefixes: 128; full-product checks: 1
  full-product envelopes: 0; prefix subdivisions: 0
  65025 = 255 x 255  (verified)  [joint contraction; prefix search counted above]
⊙> gpu_kernel selector_joint 256027 9
selector process: ⊢⊙∈≻⊤≺⊥⋈⊞∋⊡⊣
joint relation: N=256027 m=9, 256 initial prefixes, 0.0001s
  executed relation prefixes: 256; full-product checks: 1
  full-product envelopes: 0; prefix subdivisions: 0
  256027 = 503 x 509  (verified)  [joint contraction; prefix search counted above]
⊙> gpu_kernel selector_joint 165669 9
selector process: ⊢⊙∈≻⊤≺⊥⋈⊞∋⊡⊣
joint relation: N=165669 m=9, 256 initial prefixes, 0.0001s
  executed relation prefixes: 256; full-product checks: 1
  full-product envelopes: 0; prefix subdivisions: 0
  165669 = 343 x 483  (verified)  [joint contraction; prefix search counted above]
⊙> gpu_kernel selector_joint 261119 9
selector process: ⊢⊙∈≻⊤≺⊥⋈⊞∋⊡⊣
joint relation: N=261119 m=9, 256 initial prefixes, 0.0001s
  executed relation prefixes: 256; full-product checks: 0
  full-product envelopes: 0; prefix subdivisions: 0
  no factor found in the canonical space (raise m or check it is composite)
⊙> gpu_kernel selector_joint 261121 9
selector process: ⊢⊙∈≻⊤≺⊥⋈⊞∋⊡⊣
joint relation: N=261121 m=9, 256 initial prefixes, 0.0002s
  executed relation prefixes: 256; full-product checks: 1
  full-product envelopes: 0; prefix subdivisions: 0
  261121 = 511 x 511  (verified)  [joint contraction; prefix search counted above]
⊙> gpu_kernel selector_joint 673557 10
selector process: ⊢⊙∈≻⊤≺⊥⋈⊞∋⊡⊣
joint relation: N=673557 m=10, 512 initial prefixes, 0.0001s
  executed relation prefixes: 512; full-product checks: 1
  full-product envelopes: 0; prefix subdivisions: 0
  673557 = 799 x 843  (verified)  [joint contraction; prefix search counted above]
⊙> gpu_kernel selector_joint 299575 10
selector process: ⊢⊙∈≻⊤≺⊥⋈⊞∋⊡⊣
joint relation: N=299575 m=10, 512 initial prefixes, 0.0001s
  executed relation prefixes: 512; full-product checks: 1
  full-product envelopes: 0; prefix subdivisions: 0
  299575 = 521 x 575  (verified)  [joint contraction; prefix search counted above]
⊙> gpu_kernel selector_joint 1046527 10
selector process: ⊢⊙∈≻⊤≺⊥⋈⊞∋⊡⊣
joint relation: N=1046527 m=10, 512 initial prefixes, 0.0001s
  executed relation prefixes: 512; full-product checks: 0
  full-product envelopes: 0; prefix subdivisions: 0
  no factor found in the canonical space (raise m or check it is composite)
⊙> gpu_kernel selector_joint 1046529 10
selector process: ⊢⊙∈≻⊤≺⊥⋈⊞∋⊡⊣
joint relation: N=1046529 m=10, 512 initial prefixes, 0.0001s
  executed relation prefixes: 512; full-product checks: 1
  full-product envelopes: 0; prefix subdivisions: 0
  1046529 = 1023 x 1023  (verified)  [joint contraction; prefix search counted above]
⊙> gpu_kernel selector_joint 2794335 11
selector process: ⊢⊙∈≻⊤≺⊥⋈⊞∋⊡⊣
joint relation: N=2794335 m=11, 1024 initial prefixes, 0.0001s
  executed relation prefixes: 1024; full-product checks: 1
  full-product envelopes: 0; prefix subdivisions: 0
  2794335 = 1555 x 1797  (verified)  [joint contraction; prefix search counted above]
⊙> gpu_kernel selector_joint 2801383 11
selector process: ⊢⊙∈≻⊤≺⊥⋈⊞∋⊡⊣
joint relation: N=2801383 m=11, 1024 initial prefixes, 0.0001s
  executed relation prefixes: 1024; full-product checks: 1
  full-product envelopes: 0; prefix subdivisions: 0
  2801383 = 1469 x 1907  (verified)  [joint contraction; prefix search counted above]
⊙> gpu_kernel selector_joint 4190207 11
selector process: ⊢⊙∈≻⊤≺⊥⋈⊞∋⊡⊣
joint relation: N=4190207 m=11, 1024 initial prefixes, 0.0001s
  executed relation prefixes: 1024; full-product checks: 0
  full-product envelopes: 0; prefix subdivisions: 0
  no factor found in the canonical space (raise m or check it is composite)
⊙> gpu_kernel selector_joint 4190209 11
selector process: ⊢⊙∈≻⊤≺⊥⋈⊞∋⊡⊣
joint relation: N=4190209 m=11, 1024 initial prefixes, 0.0001s
  executed relation prefixes: 1024; full-product checks: 1
  full-product envelopes: 0; prefix subdivisions: 0
  4190209 = 2047 x 2047  (verified)  [joint contraction; prefix search counted above]
⊙> gpu_kernel selector_joint 10518255 12
selector process: ⊢⊙∈≻⊤≺⊥⋈⊞∋⊡⊣
joint relation: N=10518255 m=12, 2048 initial prefixes, 0.0001s
  executed relation prefixes: 2048; full-product checks: 1
  full-product envelopes: 0; prefix subdivisions: 0
  10518255 = 2673 x 3935  (verified)  [joint contraction; prefix search counted above]
⊙> gpu_kernel selector_joint 7908147 12
selector process: ⊢⊙∈≻⊤≺⊥⋈⊞∋⊡⊣
joint relation: N=7908147 m=12, 2048 initial prefixes, 0.0001s
  executed relation prefixes: 2048; full-product checks: 2
  full-product envelopes: 0; prefix subdivisions: 0
  7908147 = 2313 x 3419  (verified)  [joint contraction; prefix search counted above]
⊙> gpu_kernel selector_joint 16769023 12
selector process: ⊢⊙∈≻⊤≺⊥⋈⊞∋⊡⊣
joint relation: N=16769023 m=12, 2048 initial prefixes, 0.0001s
  executed relation prefixes: 2048; full-product checks: 0
  full-product envelopes: 0; prefix subdivisions: 0
  no factor found in the canonical space (raise m or check it is composite)
⊙> gpu_kernel selector_joint 16769025 12
selector process: ⊢⊙∈≻⊤≺⊥⋈⊞∋⊡⊣
joint relation: N=16769025 m=12, 2048 initial prefixes, 0.0001s
  executed relation prefixes: 2048; full-product checks: 1
  full-product envelopes: 0; prefix subdivisions: 0
  16769025 = 4095 x 4095  (verified)  [joint contraction; prefix search counted above]
⊙> gpu_kernel selector_joint 776689353 15
selector process: ⊢⊙∈≻⊤≺⊥⋈⊞∋⊡⊣
joint relation: N=776689353 m=15, 8192 initial prefixes, 0.0001s
  executed relation prefixes: 8192; full-product checks: 1
  full-product envelopes: 0; prefix subdivisions: 0
  776689353 = 24289 x 31977  (verified)  [joint contraction; prefix search counted above]
⊙> gpu_kernel selector_joint 587934193 15
selector process: ⊢⊙∈≻⊤≺⊥⋈⊞∋⊡⊣
joint relation: N=587934193 m=15, 8192 initial prefixes, 0.0001s
  executed relation prefixes: 8192; full-product checks: 1
  full-product envelopes: 0; prefix subdivisions: 0
  587934193 = 23573 x 24941  (verified)  [joint contraction; prefix search counted above]
⊙> gpu_kernel selector_joint 2018861225 16
selector process: ⊢⊙∈≻⊤≺⊥⋈⊞∋⊡⊣
joint relation: N=2018861225 m=16, 8192 initial prefixes, 0.0001s
  executed relation prefixes: 8192; full-product checks: 1
  full-product envelopes: 0; prefix subdivisions: 0
  2018861225 = 34763 x 58075  (verified)  [joint contraction; prefix search counted above]
⊙> gpu_kernel selector_joint 2924980305 16
selector process: ⊢⊙∈≻⊤≺⊥⋈⊞∋⊡⊣
joint relation: N=2924980305 m=16, 8192 initial prefixes, 0.0001s
  executed relation prefixes: 8192; full-product checks: 1
  full-product envelopes: 0; prefix subdivisions: 0
  2924980305 = 47923 x 61035  (verified)  [joint contraction; prefix search counted above]
⊙> gpu_kernel selector_joint 10346707935 17
selector process: ⊢⊙∈≻⊤≺⊥⋈⊞∋⊡⊣
joint relation: N=10346707935 m=17, 8192 initial prefixes, 0.0001s
  executed relation prefixes: 8192; full-product checks: 3
  full-product envelopes: 0; prefix subdivisions: 0
  10346707935 = 79587 x 130005  (verified)  [joint contraction; prefix search counted above]
⊙> gpu_kernel selector_joint 10101291629 17
selector process: ⊢⊙∈≻⊤≺⊥⋈⊞∋⊡⊣
joint relation: N=10101291629 m=17, 8192 initial prefixes, 0.0001s
  executed relation prefixes: 8192; full-product checks: 1
  full-product envelopes: 0; prefix subdivisions: 0
  10101291629 = 81287 x 124267  (verified)  [joint contraction; prefix search counted above]
⊙> gpu_kernel selector_joint 41125685277 18
selector process: ⊢⊙∈≻⊤≺⊥⋈⊞∋⊡⊣
joint relation: N=41125685277 m=18, 8192 initial prefixes, 0.0001s
  executed relation prefixes: 8192; full-product checks: 3
  full-product envelopes: 0; prefix subdivisions: 0
  41125685277 = 189667 x 216831  (verified)  [joint contraction; prefix search counted above]
⊙> gpu_kernel selector_joint 39294441415 18
selector process: ⊢⊙∈≻⊤≺⊥⋈⊞∋⊡⊣
joint relation: N=39294441415 m=18, 8192 initial prefixes, 0.0001s
  executed relation prefixes: 8192; full-product checks: 2
  full-product envelopes: 0; prefix subdivisions: 0
  39294441415 = 190055 x 206753  (verified)  [joint contraction; prefix search counted above]
⊙> gpu_kernel selector_joint 120077129361 19
selector process: ⊢⊙∈≻⊤≺⊥⋈⊞∋⊡⊣
joint relation: N=120077129361 m=19, 8192 initial prefixes, 0.0001s
  executed relation prefixes: 8192; full-product checks: 31
  full-product envelopes: 0; prefix subdivisions: 0
  120077129361 = 333669 x 359869  (verified)  [joint contraction; prefix search counted above]
⊙> gpu_kernel selector_joint 136456312573 19
selector process: ⊢⊙∈≻⊤≺⊥⋈⊞∋⊡⊣
joint relation: N=136456312573 m=19, 8192 initial prefixes, 0.0001s
  executed relation prefixes: 8192; full-product checks: 44
  full-product envelopes: 0; prefix subdivisions: 0
  136456312573 = 334387 x 408079  (verified)  [joint contraction; prefix search counted above]
⊙> gpu_kernel selector_joint 541685451827 20
selector process: ⊢⊙∈≻⊤≺⊥⋈⊞∋⊡⊣
joint relation: N=541685451827 m=20, 8192 initial prefixes, 0.0002s
  executed relation prefixes: 8192; full-product checks: 317
  full-product envelopes: 0; prefix subdivisions: 0
  541685451827 = 598001 x 905827  (verified)  [joint contraction; prefix search counted above]
⊙> gpu_kernel selector_joint 462202508327 20
selector process: ⊢⊙∈≻⊤≺⊥⋈⊞∋⊡⊣
joint relation: N=462202508327 m=20, 8192 initial prefixes, 0.0001s
  executed relation prefixes: 8192; full-product checks: 142
  full-product envelopes: 0; prefix subdivisions: 0
  462202508327 = 564221 x 819187  (verified)  [joint contraction; prefix search counted above]
⊙> gpu_kernel selector_joint 1000000016000000063 30
selector process: ⊢⊙∈≻⊤≺⊥⋈⊞∋⊡⊣
joint relation: N=1000000016000000063 m=30, 8192 initial prefixes, 0.0051s
  executed relation prefixes: 8192; full-product checks: 5137
  full-product envelopes: 8192; prefix subdivisions: 0
  1000000016000000063 = 1000000007 x 1000000009  (verified)  [joint contraction; prefix search counted above]
⊙> gpu_kernel selector_joint 574208998828409591 30
selector process: ⊢⊙∈≻⊤≺⊥⋈⊞∋⊡⊣
joint relation: N=574208998828409591 m=30, 8192 initial prefixes, 0.0302s
  executed relation prefixes: 28350; full-product checks: 81012
  full-product envelopes: 28349; prefix subdivisions: 10079
  574208998828409591 = 570425377 x 1006632983  (verified)  [joint contraction; prefix search counted above]
⊙> quit
Halting. μ∘δ=id.
[SHUTDOWN] μ∘δ=id. Goodbye.
