═══════════════════════════════════════════════════════════
SEMIPRIME FACTOR PAIR GÖDEL-ENCODING RELATIONSHIP
══════════════════════════════════════════════════════════

── SOURCE ──────────────────────────────────────────────
value                      340282366920938461286658806734041124249
gödel.word                 ⊢≻⋈∈⊥∋≻⋈∈⊤∋≻⋈∈⊤∋≻⋈∈⊥∋≻⋈∈⊥∋≻⋈∈⊤∋≻⋈∈⊤∋≻⋈∈⊥∋≻⋈∈⊥∋≻⋈∈⊤∋≻⋈∈⊥∋≻⋈∈⊥∋≻⋈∈⊤∋≻⋈∈⊤∋≻⋈∈⊤∋≻⋈∈⊤∋≻⋈∈⊤∋≻⋈∈⊤∋≻⋈∈⊤∋≻⋈∈⊤∋≻⋈∈⊤∋≻⋈∈⊤∋≻⋈∈⊤∋≻⋈∈⊤∋≻⋈∈⊤∋≻⋈∈⊤∋≻⋈∈⊤∋≻⋈∈⊤∋≻⋈∈⊤∋≻⋈∈⊤∋≻⋈∈⊤∋≻⋈∈⊤∋≻⋈∈⊤∋≻⋈∈⊤∋≻⋈∈⊤∋≻⋈∈⊤∋≻⋈∈⊤∋≻⋈∈⊤∋≻⋈∈⊤∋≻⋈∈⊤∋≻⋈∈⊤∋≻⋈∈⊤∋≻⋈∈⊤∋≻⋈∈⊤∋≻⋈∈⊤∋≻⋈∈⊤∋≻⋈∈⊤∋≻⋈∈⊤∋≻⋈∈⊤∋≻⋈∈⊤∋≻⋈∈⊤∋≻⋈∈⊤∋≻⋈∈⊤∋≻⋈∈⊤∋≻⋈∈⊤∋≻⋈∈⊤∋≻⋈∈⊤∋≻⋈∈⊤∋≻⋈∈⊤∋≻⋈∈⊤∋≻⋈∈⊤∋≻⋈∈⊤∋≻⋈∈⊤∋≻⋈∈⊤∋≻⋈∈⊤∋≻⋈∈⊥∋≻⋈∈⊤∋≻⋈∈⊥∋≻⋈∈⊤∋≻⋈∈⊤∋≻⋈∈⊤∋≻⋈∈⊥∋≻⋈∈⊥∋≻⋈∈⊥∋≻⋈∈⊥∋≻⋈∈⊥∋≻⋈∈⊥∋≻⋈∈⊥∋≻⋈∈⊥∋≻⋈∈⊥∋≻⋈∈⊥∋≻⋈∈⊥∋≻⋈∈⊥∋≻⋈∈⊥∋≻⋈∈⊥∋≻⋈∈⊥∋≻⋈∈⊥∋≻⋈∈⊥∋≻⋈∈⊥∋≻⋈∈⊥∋≻⋈∈⊥∋≻⋈∈⊥∋≻⋈∈⊥∋≻⋈∈⊥∋≻⋈∈⊥∋≻⋈∈⊥∋≻⋈∈⊥∋≻⋈∈⊥∋≻⋈∈⊥∋≻⋈∈⊥∋≻⋈∈⊥∋≻⋈∈⊥∋≻⋈∈⊥∋≻⋈∈⊥∋≻⋈∈⊥∋≻⋈∈⊥∋≻⋈∈⊥∋≻⋈∈⊥∋≻⋈∈⊥∋≻⋈∈⊥∋≻⋈∈⊥∋≻⋈∈⊥∋≻⋈∈⊥∋≻⋈∈⊥∋≻⋈∈⊥∋≻⋈∈⊥∋≻⋈∈⊥∋≻⋈∈⊥∋≻⋈∈⊥∋≻⋈∈⊥∋≻⋈∈⊥∋≻⋈∈⊥∋≻⋈∈⊥∋≻⋈∈⊥∋≻⋈∈⊥∋≻⋈∈⊥∋≻⋈∈⊥∋≻⋈∈⊥∋⊙⊡⊣
protocol.conformance       PASS
expected.protocol          ⊢⊙∈⊤⊥⊞∋≻⋈≺⊡⊣

── FACTORIZATION ───────────────────────────────────────
factor.pair                18446744073709551557 × 18446744073709551557
conjunctive.reconstruction PASS (∋)

── EXTRACTION ──────────────────────────────────────────
arbitrary factor extraction
  source   340282366920938461286658806734041124249
  word     ⊢≻⋈∈⊥∋≻⋈∈⊤∋≻⋈∈⊤∋≻⋈∈⊥∋≻⋈∈⊥∋≻⋈∈⊤∋≻⋈∈⊤∋≻⋈∈⊥∋≻⋈∈⊥∋≻⋈∈⊤∋≻⋈∈⊥∋≻⋈∈⊥∋≻⋈∈⊤∋≻⋈∈⊤∋≻⋈∈⊤∋≻⋈∈⊤∋≻⋈∈⊤∋≻⋈∈⊤∋≻⋈∈⊤∋≻⋈∈⊤∋≻⋈∈⊤∋≻⋈∈⊤∋≻⋈∈⊤∋≻⋈∈⊤∋≻⋈∈⊤∋≻⋈∈⊤∋≻⋈∈⊤∋≻⋈∈⊤∋≻⋈∈⊤∋≻⋈∈⊤∋≻⋈∈⊤∋≻⋈∈⊤∋≻⋈∈⊤∋≻⋈∈⊤∋≻⋈∈⊤∋≻⋈∈⊤∋≻⋈∈⊤∋≻⋈∈⊤∋≻⋈∈⊤∋≻⋈∈⊤∋≻⋈∈⊤∋≻⋈∈⊤∋≻⋈∈⊤∋≻⋈∈⊤∋≻⋈∈⊤∋≻⋈∈⊤∋≻⋈∈⊤∋≻⋈∈⊤∋≻⋈∈⊤∋≻⋈∈⊤∋≻⋈∈⊤∋≻⋈∈⊤∋≻⋈∈⊤∋≻⋈∈⊤∋≻⋈∈⊤∋≻⋈∈⊤∋≻⋈∈⊤∋≻⋈∈⊤∋≻⋈∈⊤∋≻⋈∈⊤∋≻⋈∈⊤∋≻⋈∈⊤∋≻⋈∈⊤∋≻⋈∈⊤∋≻⋈∈⊤∋≻⋈∈⊥∋≻⋈∈⊤∋≻⋈∈⊥∋≻⋈∈⊤∋≻⋈∈⊤∋≻⋈∈⊤∋≻⋈∈⊥∋≻⋈∈⊥∋≻⋈∈⊥∋≻⋈∈⊥∋≻⋈∈⊥∋≻⋈∈⊥∋≻⋈∈⊥∋≻⋈∈⊥∋≻⋈∈⊥∋≻⋈∈⊥∋≻⋈∈⊥∋≻⋈∈⊥∋≻⋈∈⊥∋≻⋈∈⊥∋≻⋈∈⊥∋≻⋈∈⊥∋≻⋈∈⊥∋≻⋈∈⊥∋≻⋈∈⊥∋≻⋈∈⊥∋≻⋈∈⊥∋≻⋈∈⊥∋≻⋈∈⊥∋≻⋈∈⊥∋≻⋈∈⊥∋≻⋈∈⊥∋≻⋈∈⊥∋≻⋈∈⊥∋≻⋈∈⊥∋≻⋈∈⊥∋≻⋈∈⊥∋≻⋈∈⊥∋≻⋈∈⊥∋≻⋈∈⊥∋≻⋈∈⊥∋≻⋈∈⊥∋≻⋈∈⊥∋≻⋈∈⊥∋≻⋈∈⊥∋≻⋈∈⊥∋≻⋈∈⊥∋≻⋈∈⊥∋≻⋈∈⊥∋≻⋈∈⊥∋≻⋈∈⊥∋≻⋈∈⊥∋≻⋈∈⊥∋≻⋈∈⊥∋≻⋈∈⊥∋≻⋈∈⊥∋≻⋈∈⊥∋≻⋈∈⊥∋≻⋈∈⊥∋≻⋈∈⊥∋≻⋈∈⊥∋≻⋈∈⊥∋≻⋈∈⊥∋⊙⊡⊣
  routes:
    3402823…1124249 small-prime sieve lane     no factor ≤ 2^16
    3402823…1124249 difference of squares      n = a² − b² within 4096 Fermat steps
    1844674…9551557 prime (recursion bottom)   prime (recursion bottom)
    1844674…9551557 prime (recursion bottom)   prime (recursion bottom)
  factorization:
    340282366920938461286658806734041124249 = 18446744073709551557^2
  product-closure  closed (godel check mul)
  protocol-conformance  PASS
  expected-protocol     ⊢⊙∈⊤⊥⊞∋≻⋈≺⊡⊣

── STRUCTURAL ANALYSIS ─────────────────────────────────
family                     cell-binary
value                      340282366920938461286658806734041124249
word                       ⊢≻⋈∈⊥∋≻⋈∈⊤∋≻⋈∈⊤∋≻⋈∈⊥∋≻⋈∈⊥∋≻⋈∈⊤∋≻⋈∈⊤∋≻⋈∈⊥∋≻⋈∈⊥∋≻⋈∈⊤∋≻⋈∈⊥∋≻⋈∈⊥∋≻⋈∈⊤∋≻⋈∈⊤∋≻⋈∈⊤∋≻⋈∈⊤∋≻⋈∈⊤∋≻⋈∈⊤∋≻⋈∈⊤∋≻⋈∈⊤∋≻⋈∈⊤∋≻⋈∈⊤∋≻⋈∈⊤∋≻⋈∈⊤∋≻⋈∈⊤∋≻⋈∈⊤∋≻⋈∈⊤∋≻⋈∈⊤∋≻⋈∈⊤∋≻⋈∈⊤∋≻⋈∈⊤∋≻⋈∈⊤∋≻⋈∈⊤∋≻⋈∈⊤∋≻⋈∈⊤∋≻⋈∈⊤∋≻⋈∈⊤∋≻⋈∈⊤∋≻⋈∈⊤∋≻⋈∈⊤∋≻⋈∈⊤∋≻⋈∈⊤∋≻⋈∈⊤∋≻⋈∈⊤∋≻⋈∈⊤∋≻⋈∈⊤∋≻⋈∈⊤∋≻⋈∈⊤∋≻⋈∈⊤∋≻⋈∈⊤∋≻⋈∈⊤∋≻⋈∈⊤∋≻⋈∈⊤∋≻⋈∈⊤∋≻⋈∈⊤∋≻⋈∈⊤∋≻⋈∈⊤∋≻⋈∈⊤∋≻⋈∈⊤∋≻⋈∈⊤∋≻⋈∈⊤∋≻⋈∈⊤∋≻⋈∈⊤∋≻⋈∈⊤∋≻⋈∈⊤∋≻⋈∈⊥∋≻⋈∈⊤∋≻⋈∈⊥∋≻⋈∈⊤∋≻⋈∈⊤∋≻⋈∈⊤∋≻⋈∈⊥∋≻⋈∈⊥∋≻⋈∈⊥∋≻⋈∈⊥∋≻⋈∈⊥∋≻⋈∈⊥∋≻⋈∈⊥∋≻⋈∈⊥∋≻⋈∈⊥∋≻⋈∈⊥∋≻⋈∈⊥∋≻⋈∈⊥∋≻⋈∈⊥∋≻⋈∈⊥∋≻⋈∈⊥∋≻⋈∈⊥∋≻⋈∈⊥∋≻⋈∈⊥∋≻⋈∈⊥∋≻⋈∈⊥∋≻⋈∈⊥∋≻⋈∈⊥∋≻⋈∈⊥∋≻⋈∈⊥∋≻⋈∈⊥∋≻⋈∈⊥∋≻⋈∈⊥∋≻⋈∈⊥∋≻⋈∈⊥∋≻⋈∈⊥∋≻⋈∈⊥∋≻⋈∈⊥∋≻⋈∈⊥∋≻⋈∈⊥∋≻⋈∈⊥∋≻⋈∈⊥∋≻⋈∈⊥∋≻⋈∈⊥∋≻⋈∈⊥∋≻⋈∈⊥∋≻⋈∈⊥∋≻⋈∈⊥∋≻⋈∈⊥∋≻⋈∈⊥∋≻⋈∈⊥∋≻⋈∈⊥∋≻⋈∈⊥∋≻⋈∈⊥∋≻⋈∈⊥∋≻⋈∈⊥∋≻⋈∈⊥∋≻⋈∈⊥∋≻⋈∈⊥∋≻⋈∈⊥∋≻⋈∈⊥∋≻⋈∈⊥∋≻⋈∈⊥∋⊙⊡⊣
binary                     11111111111111111111111111111111111111111111111111111111100010100000000000000000000000000000000000000000000000000000110110011001
bits-le                    10011001101100000000000000000000000000000000000000000000000000000101000111111111111111111111111111111111111111111111111111111111
support                    {0,3,4,7,8,10,11,65,67,71,72,73,74,75,76,77,78,79,80,81,82,83,84,85,86,87,88,89,90,91,92,93,94,95,96,97,98,99,100,101,102,103,104,105,106,107,108,109,110,111,112,113,114,115,116,117,118,119,120,121,122,123,124,125,126,127}
polynomial                 1 + x^3 + x^4 + x^7 + x^8 + x^10 + x^11 + x^65 + x^67 + x^71 + x^72 + x^73 + x^74 + x^75 + x^76 + x^77 + x^78 + x^79 + x^80 + x^81 + x^82 + x^83 + x^84 + x^85 + x^86 + x^87 + x^88 + x^89 + x^90 + x^91 + x^92 + x^93 + x^94 + x^95 + x^96 + x^97 + x^98 + x^99 + x^100 + x^101 + x^102 + x^103 + x^104 + x^105 + x^106 + x^107 + x^108 + x^109 + x^110 + x^111 + x^112 + x^113 + x^114 + x^115 + x^116 + x^117 + x^118 + x^119 + x^120 + x^121 + x^122 + x^123 + x^124 + x^125 + x^126 + x^127
assert.support             PASS
assert.binary-reverse      PASS
assert.word-glyph-map      PASS
assert.roundtrip           PASS
assert.bitlength           PASS
primitive.v2               0
primitive.v2+1             1
primitive.v2-1             3
primitive.popcount         66
primitive.bitlength        128
primitive.runs             [[0,1),[3,5),[7,9),[10,12),[65,66),[67,68),[71,128)]
primitive.gaps             [[1,3),[5,7),[9,10),[12,65),[66,67),[68,71)]
primitive.odd-part         340282366920938461286658806734041124249
primitive.shift-factor     0
composite.decomp-k         1
composite.decomp-prefix    1
composite.decomp-remainder 170141183460469230643329403367020562124
composite.residue-2^k      1
word.width                 128
window.period              none
negative.factor-bound      >65536
negative.factor-witness    none
negative.tested-primes     6541
negative.cert-aperture     65536

══════════════════════════════════════════════════════════
