[2;37m[boot][0m Interrupts: none — the host owns the IDT, no periodic slot
[2;37m[boot][0m Heap: host allocator, 1534 bytes counted, 48MB declared budget
[2;37m[boot][0m IG Catalog: 8682 entries loaded
[2;37m[boot][0m Kernel online — graph execution, token-arity driven
[2;37m[boot][0m Canonical ordinal check...
[2;37m[boot][0m Ordinal faithfulness: [1;32mall 44 values match Lean canonical[0m
[2;37m[boot][0m Clay Millennium status: 2 closed, 1 one-bump-short, 3 unclosed
[2;37m[boot][0m SIC-POVM d=12: Crystal-forced (dual lattice), Shavian count 49=7², WH group |orbit|=144
[2;37m[boot][0m Frobenius identity check...
[2;37m[boot][0m Frobenius identity: hamming=3, weighted=3.1000 — kernel is grammar operationalized
[2;37m[boot][0m Bootstrap: IMSCRIB→AREV→FSPLIT→AFWD→FFUSE→CLINK→IFIX→IMSCRIB (cyclic)
                       F unitary: PASS
  Pentagon form (F^2=I, anti-diag, a^2+b^2=1): PASS
            Braid relation (Y-B): PASS
                 Spin-statistics: PASS
                       S unitary: PASS
        Charge conjugation S^2=I: PASS
                 TQFT identities: PASS
                Verlinde formula: PASS
              Braid Artin B_n<=8: PASS
  Phase lattice = tenths of a winding: PASS
    Constants derivable from PHI: PASS
[2;37m[boot][0m Fibonacci anyon QC: algebra verified = true
[36m[TORUS][0m kernel wound: ⊢⊙∈⊤⋈∋⊡⊞≺⋈⊣  (11 tokens, pinch=0.0000)
[2;37m[boot][0m Crystal FS: 17280000 addresses
[2;37m[boot][0m 29 total programs (I–XXIX): 12 canonical + 4 continuous + 4 novel + 9 shunted


   [1;35m⊙[0m   [1;37mG-mOMonadOS[0m
   [2;37mGPU-native build, mOMonadOS ported to run via CUDA[0m
   [1;33mμ∘δ = id[0m

   [2;37mFrobenius core · Belnap FOUR · crystal FS · graph execution[0m

   [1;34mhelp[0m for commands, [1;34m?[0m for the menu, Tab completes.

   [1;34mask[0m runs a structural dry-run here; the full wet-run is on the host:
   [2;37m./ask --file <path> | ./ask --ask "…" | ./ask -i[0m

⊙> gpu_kernel selector_bdd_relation 60491 8 4096 12
symbolic product relation in run_nested: N=60491 m=8
  process: ⊢⊙∈≻⊤≺⊥⋈⊞∋⊡⊣
  hierarchy: WMMA tensor tile -> warp -> operator block -> relation grid -> temporal launch family
  tensor-enfolded operators=781; tensor nesting depth=12
  circuit operators=781; construction epochs=4; operators per epoch=256; IMASM nesting depth=12; nested mark ticks=141120; selection ticks=18432
  decision nodes=1125; graph reductions=58005; 0.028903s
  factor-candidate loop: none; relation solutions=2; witness path nodes=16
  temporal witness limbs=1; limb path nodes=16; limb ticks=20448; continuation=1
  node storage=4096; storage growths=0; compactions=1; device launches=5
  60491 = 241 x 251 (verified)
⊙> gpu_kernel selector_bdd_relation 1022117 10 16384 12
symbolic product relation in run_nested: N=1022117 m=10
  process: ⊢⊙∈≻⊤≺⊥⋈⊞∋⊡⊣
  hierarchy: WMMA tensor tile -> warp -> operator block -> relation grid -> temporal launch family
  tensor-enfolded operators=1255; tensor nesting depth=12
  circuit operators=1255; construction epochs=5; operators per epoch=256; IMASM nesting depth=12; nested mark ticks=218016; selection ticks=23040
  decision nodes=5114; graph reductions=229380; 0.111236s
  factor-candidate loop: none; relation solutions=2; witness path nodes=20
  temporal witness limbs=1; limb path nodes=20; limb ticks=25056; continuation=1
  node storage=16384; storage growths=0; compactions=1; device launches=7
  1022117 = 1009 x 1013 (verified)
⊙> gpu_kernel selector_bdd_relation 16744463 12 65536 12
symbolic product relation in run_nested: N=16744463 m=12
  process: ⊢⊙∈≻⊤≺⊥⋈⊞∋⊡⊣
  hierarchy: WMMA tensor tile -> warp -> operator block -> relation grid -> temporal launch family
  tensor-enfolded operators=1841; tensor nesting depth=12
  circuit operators=1841; construction epochs=8; operators per epoch=256; IMASM nesting depth=12; nested mark ticks=311040; selection ticks=27648
  decision nodes=13398; graph reductions=811238; 0.419551s
  factor-candidate loop: none; relation solutions=2; witness path nodes=24
  temporal witness limbs=1; limb path nodes=24; limb ticks=29664; continuation=1
  node storage=65536; storage growths=0; compactions=1; device launches=9
  16744463 = 4093 x 4091 (verified)
⊙> quit
Halting. μ∘δ=id.
[SHUTDOWN] μ∘δ=id. Goodbye.
