[2;37m[boot][0m Interrupts: none — the host owns the IDT, no periodic slot
[2;37m[boot][0m Heap: host allocator, 1534 bytes counted, 48MB declared budget
[2;37m[boot][0m IG Catalog: 8682 entries loaded
[2;37m[boot][0m Kernel online — graph execution, token-arity driven
[2;37m[boot][0m Canonical ordinal check...
[2;37m[boot][0m Ordinal faithfulness: [1;32mall 44 values match Lean canonical[0m
[2;37m[boot][0m Clay Millennium status: 2 closed, 1 one-bump-short, 3 unclosed
[2;37m[boot][0m SIC-POVM d=12: Crystal-forced (dual lattice), Shavian count 49=7², WH group |orbit|=144
[2;37m[boot][0m Frobenius identity check...
[2;37m[boot][0m Frobenius identity: hamming=3, weighted=3.1000 — kernel is grammar operationalized
[2;37m[boot][0m Bootstrap: IMSCRIB→AREV→FSPLIT→AFWD→FFUSE→CLINK→IFIX→IMSCRIB (cyclic)
                       F unitary: PASS
  Pentagon form (F^2=I, anti-diag, a^2+b^2=1): PASS
            Braid relation (Y-B): PASS
                 Spin-statistics: PASS
                       S unitary: PASS
        Charge conjugation S^2=I: PASS
                 TQFT identities: PASS
                Verlinde formula: PASS
              Braid Artin B_n<=8: PASS
  Phase lattice = tenths of a winding: PASS
    Constants derivable from PHI: PASS
[2;37m[boot][0m Fibonacci anyon QC: algebra verified = true
[36m[TORUS][0m kernel wound: ⊢⊙∈⊤⋈∋⊡⊞≺⋈⊣  (11 tokens, pinch=0.0000)
[2;37m[boot][0m Crystal FS: 17280000 addresses
[2;37m[boot][0m 29 total programs (I–XXIX): 12 canonical + 4 continuous + 4 novel + 9 shunted


   [1;35m⊙[0m   [1;37mG-mOMonadOS[0m
   [2;37mGPU-native build, mOMonadOS ported to run via CUDA[0m
   [1;33mμ∘δ = id[0m

   [2;37mFrobenius core · Belnap FOUR · crystal FS · graph execution[0m

   [1;34mhelp[0m for commands, [1;34m?[0m for the menu, Tab completes.

   [1;34mask[0m runs a structural dry-run here; the full wet-run is on the host:
   [2;37m./ask --file <path> | ./ask --ask "…" | ./ask -i[0m

⊙> gpu_kernel selector_bdd_relation 266568013 14 262144 12
symbolic product relation in run_nested: N=266568013 m=14
  process: ⊢⊙∈≻⊤≺⊥⋈⊞∋⊡⊣
  hierarchy: WMMA tensor tile -> warp -> operator block -> relation grid -> temporal launch family
  tensor-enfolded operators=2539; tensor nesting depth=12
  circuit operators=2539; construction epochs=10; operators per epoch=256; IMASM nesting depth=12; nested mark ticks=420192; selection ticks=32256
  decision nodes=34711; graph reductions=3032589; 1.807280s
  factor-candidate loop: none; relation solutions=2; witness path nodes=28
  temporal witness limbs=1; limb path nodes=28; limb ticks=34272; continuation=1
  node storage=262144; storage growths=0; compactions=1; device launches=11
  266568013 = 16273 x 16381 (verified)
⊙> gpu_kernel selector_bdd_relation 4286580383 16 1048576 12
symbolic product relation in run_nested: N=4286580383 m=16
  process: ⊢⊙∈≻⊤≺⊥⋈⊞∋⊡⊣
  hierarchy: WMMA tensor tile -> warp -> operator block -> relation grid -> temporal launch family
  tensor-enfolded operators=3349; tensor nesting depth=12
  circuit operators=3349; construction epochs=14; operators per epoch=256; IMASM nesting depth=12; nested mark ticks=547344; selection ticks=36864
  decision nodes=1011233; graph reductions=10202889; 6.776228s
  factor-candidate loop: none; relation solutions=2; witness path nodes=32
  temporal witness limbs=1; limb path nodes=32; limb ticks=38880; continuation=1
  node storage=1048576; storage growths=0; compactions=0; device launches=15
  4286580383 = 65521 x 65423 (verified)
⊙> quit
Halting. μ∘δ=id.
[SHUTDOWN] μ∘δ=id. Goodbye.
