fourier_mode=contracted_physical exchanges=2095197 computational=1.22972011e-4 leakage=9.10441984e-157 return=1.38016359e-152
ququart_counters=[256, 260, 1, 3584, 14547, 15296, 1, 0]
modular_counters=[2218, 0, 159418, 159925]
ququart_counters=[256, 260, 2, 3641, 58082, 58100, 1, 0]
modular_counters=[3268, 2, 130306, 130306]
ququart_counters=[256, 260, 2, 4376, 58092, 58100, 1, 0]
modular_counters=[3406, 0, 998236, 999233]
ququart_counters=[256, 260, 2, 4472, 58086, 58100, 1, 0]
modular_counters=[4484, 0, 865844, 866855]
ququart_counters=[256, 260, 2, 4528, 58108, 58130, 1, 0]
modular_counters=[5552, 0, 747823, 748323]
ququart_counters=[256, 260, 2, 5146, 58115, 58130, 1, 0]
modular_counters=[5860, 0, 1003793, 1005825]
ququart_counters=[256, 260, 2, 5352, 58128, 58130, 1, 0]
modular_counters=[6651, 0, 662693, 663195]
ququart_counters=[256, 260, 2, 5376, 230898, 230898, 1, 0]
modular_counters=[7114, 0, 971277, 972785]
ququart_counters=[256, 260, 3, 5400, 231548, 231548, 1, 0]
modular_counters=[7826, 0, 1911434, 1912433]
ququart_counters=[256, 260, 3, 5408, 231498, 231548, 1, 0]
modular_counters=[8062, 0, 2420313, 2421807]
ququart_counters=[256, 260, 3, 5418, 231544, 231548, 1, 0]
modular_counters=[8341, 0, 735184, 737719]
ququart_counters=[256, 260, 3, 5424, 231548, 231548, 1, 0]
modular_counters=[8540, 0, 3423510, 3424010]
ququart_counters=[256, 260, 3, 5432, 231548, 231548, 1, 0]
modular_counters=[8778, 0, 3911075, 3915082]
ququart_counters=[256, 260, 3, 5440, 231532, 231548, 1, 0]
modular_counters=[8986, 0, 3841989, 3843993]
