fourier_mode=contracted_physical exchanges=2095197 computational=1.22972011e-4 leakage=1.38036724e-122 return=1.11159413e-118
ququart_counters=[200, 204, 2, 4071, 47920, 47930, 1, 0]
modular_counters=[2334, 0, 125757, 129679]
ququart_counters=[200, 204, 2, 4800, 47926, 47934, 1, 0]
modular_counters=[2593, 0, 229707, 232499]
ququart_counters=[200, 204, 2, 5064, 47900, 47934, 1, 0]
modular_counters=[3121, 0, 137572, 140338]
ququart_counters=[200, 204, 2, 5663, 47903, 47934, 1, 0]
modular_counters=[3393, 0, 232796, 233982]
ququart_counters=[200, 204, 2, 5973, 47896, 47934, 1, 0]
modular_counters=[3738, 0, 143921, 148214]
ququart_counters=[200, 204, 3, 6048, 190444, 190496, 1, 0]
modular_counters=[3889, 0, 500311, 513265]
ququart_counters=[200, 204, 3, 6112, 190460, 190496, 1, 0]
modular_counters=[4017, 0, 694944, 707494]
ququart_counters=[200, 204, 3, 6152, 190490, 190498, 1, 0]
modular_counters=[4097, 0, 803330, 817064]
ququart_counters=[200, 204, 3, 6188, 190496, 190498, 1, 0]
modular_counters=[4168, 0, 493192, 506808]
ququart_counters=[200, 204, 3, 6505, 190460, 190498, 1, 0]
modular_counters=[4193, 0, 924886, 932798]
ququart_counters=[200, 204, 3, 6697, 190460, 190498, 1, 0]
modular_counters=[4193, 0, 924886, 932798]
ququart_counters=[200, 204, 3, 6824, 190454, 190498, 1, 0]
modular_counters=[4241, 0, 432527, 445498]
ququart_counters=[200, 204, 3, 6888, 190436, 190498, 1, 0]
modular_counters=[4369, 0, 613585, 626754]
ququart_counters=[200, 204, 3, 6928, 190446, 190498, 1, 0]
modular_counters=[4449, 0, 751126, 762068]
