fourier_mode=contracted_physical exchanges=2095197 computational=1.22972011e-4 leakage=1.38036724e-122 return=1.11159413e-118
ququart_counters=[200, 204, 2, 2839, 47926, 47926, 1, 0]
modular_counters=[2447, 0, 516572, 517734]
ququart_counters=[200, 204, 2, 3480, 47934, 47934, 1, 0]
modular_counters=[3235, 0, 493463, 493853]
ququart_counters=[200, 204, 2, 3545, 47901, 47934, 1, 0]
modular_counters=[4484, 0, 127964, 128763]
ququart_counters=[200, 204, 2, 4190, 47889, 47934, 1, 0]
modular_counters=[5334, 0, 456046, 456439]
ququart_counters=[200, 204, 3, 4215, 190434, 190434, 1, 0]
modular_counters=[5967, 0, 1087002, 1088966]
ququart_counters=[200, 204, 3, 4232, 190476, 190476, 1, 0]
modular_counters=[6462, 0, 2203120, 2204283]
ququart_counters=[200, 204, 3, 4240, 190494, 190494, 1, 0]
modular_counters=[6703, 0, 2775810, 2776976]
ququart_counters=[200, 204, 3, 4248, 190484, 190494, 1, 0]
modular_counters=[6939, 0, 3246827, 3247998]
ququart_counters=[200, 204, 3, 4492, 190460, 190494, 1, 0]
modular_counters=[6989, 0, 961288, 962464]
ququart_counters=[200, 204, 3, 4698, 190460, 190494, 1, 0]
modular_counters=[6989, 0, 961288, 962464]
ququart_counters=[200, 204, 3, 4826, 190460, 190494, 1, 0]
modular_counters=[6989, 0, 961288, 962464]
ququart_counters=[200, 204, 3, 4872, 190476, 190494, 1, 0]
modular_counters=[7639, 0, 1640369, 1641541]
ququart_counters=[200, 204, 3, 4883, 190446, 190494, 1, 0]
modular_counters=[7959, 0, 1025093, 1027023]
ququart_counters=[200, 204, 3, 4894, 190450, 190494, 1, 0]
modular_counters=[8276, 0, 2285727, 2286508]
