fourier_mode=contracted_physical exchanges=2095197 computational=1.22972011e-4 leakage=9.10441984e-157 return=1.38016359e-152
ququart_counters=[256, 260, 1, 4072, 14558, 15296, 1, 0]
modular_counters=[2378, 0, 65285, 65784]
ququart_counters=[256, 260, 2, 5248, 58086, 58104, 1, 0]
modular_counters=[3150, 0, 203870, 206393]
ququart_counters=[256, 260, 2, 5371, 58088, 58104, 1, 0]
modular_counters=[3394, 0, 115830, 121941]
ququart_counters=[256, 260, 2, 6200, 58084, 58104, 1, 0]
modular_counters=[3518, 0, 167440, 172489]
ququart_counters=[256, 260, 2, 6344, 58082, 58104, 1, 0]
modular_counters=[3806, 0, 254423, 257449]
ququart_counters=[256, 260, 2, 6508, 58128, 58130, 1, 0]
modular_counters=[4133, 2, 110072, 104809]
ququart_counters=[256, 260, 2, 6638, 58118, 58130, 1, 0]
modular_counters=[4392, 0, 209326, 212333]
ququart_counters=[256, 260, 2, 7377, 58115, 58130, 1, 0]
modular_counters=[4430, 0, 308294, 311885]
ququart_counters=[256, 260, 2, 7592, 58128, 58132, 1, 0]
modular_counters=[4766, 0, 242463, 247506]
ququart_counters=[256, 260, 2, 7680, 58042, 58132, 1, 0]
modular_counters=[4942, 0, 298605, 303154]
ququart_counters=[256, 260, 3, 7728, 231556, 231556, 1, 0]
modular_counters=[5038, 0, 570825, 585459]
ququart_counters=[256, 260, 3, 7784, 231498, 231556, 1, 0]
modular_counters=[5150, 0, 778008, 795137]
ququart_counters=[256, 260, 3, 7824, 231528, 231560, 1, 0]
modular_counters=[5230, 0, 875430, 893050]
ququart_counters=[256, 260, 3, 7856, 231544, 231560, 1, 0]
modular_counters=[5294, 0, 979450, 996134]
